Archive member included to satisfy reference by file (symbol)

/Applications/VEXcode V5 Text.app/Contents/Resources/sdk/vexv5/libv5rt.a(v5_startup.c.obj)
                              (vexStartup)
/Applications/VEXcode V5 Text.app/Contents/Resources/sdk/vexv5/libv5rt.a(v5_util.c.obj)
                              /Applications/VEXcode V5 Text.app/Contents/Resources/sdk/vexv5/libv5rt.a(v5_startup.c.obj) (vexStdlibVersionLinked)
/Applications/VEXcode V5 Text.app/Contents/Resources/sdk/vexv5/libv5rt.a(v5_apijump.c.obj)
                              /Applications/VEXcode V5 Text.app/Contents/Resources/sdk/vexv5/libv5rt.a(v5_startup.c.obj) (vexPrivateApiEnable)
/Applications/VEXcode V5 Text.app/Contents/Resources/sdk/vexv5/libv5rt.a(v5_apiversions.c.obj)
                              /Applications/VEXcode V5 Text.app/Contents/Resources/sdk/vexv5/libv5rt.a(v5_apijump.c.obj) (vexSystemVersion)
/Applications/VEXcode V5 Text.app/Contents/Resources/sdk/vexv5/libv5rt.a(vex_global.cpp.obj)
                              build/src/main.o (vex::wait(double, vex::timeUnits))
/Applications/VEXcode V5 Text.app/Contents/Resources/sdk/vexv5/libv5rt.a(vex_motor.cpp.obj)
                              build/src/robot-config.o (vex::motor::~motor())
/Applications/VEXcode V5 Text.app/Contents/Resources/sdk/vexv5/libv5rt.a(vex_controller.cpp.obj)
                              build/src/robot-config.o (vex::controller::~controller())
/Applications/VEXcode V5 Text.app/Contents/Resources/sdk/vexv5/libv5rt.a(vex_thread.cpp.obj)
                              build/src/main.o (vex::thread::thread(int (*)()))
/Applications/VEXcode V5 Text.app/Contents/Resources/sdk/vexv5/libv5rt.a(vex_event.cpp.obj)
                              /Applications/VEXcode V5 Text.app/Contents/Resources/sdk/vexv5/libv5rt.a(vex_controller.cpp.obj) (vex::event::init(unsigned long, unsigned long, void (*)()))
/Applications/VEXcode V5 Text.app/Contents/Resources/sdk/vexv5/libv5rt.a(vex_mevent.cpp.obj)
                              /Applications/VEXcode V5 Text.app/Contents/Resources/sdk/vexv5/libv5rt.a(vex_controller.cpp.obj) (vex::mevent::mevent(unsigned long, unsigned long))
/Applications/VEXcode V5 Text.app/Contents/Resources/sdk/vexv5/libv5rt.a(vex_brain.cpp.obj)
                              build/src/robot-config.o (vex::brain::~brain())
/Applications/VEXcode V5 Text.app/Contents/Resources/sdk/vexv5/libv5rt.a(vex_competition.cpp.obj)
                              build/src/main.o (vex::competition::competition())
/Applications/VEXcode V5 Text.app/Contents/Resources/sdk/vexv5/libv5rt.a(vex_triport.cpp.obj)
                              /Applications/VEXcode V5 Text.app/Contents/Resources/sdk/vexv5/libv5rt.a(vex_brain.cpp.obj) (vex::triport::~triport())
/Applications/VEXcode V5 Text.app/Contents/Resources/sdk/vexv5/libv5rt.a(vex_color.cpp.obj)
                              build/src/main.o (vex::color::~color())
/Applications/VEXcode V5 Text.app/Contents/Resources/sdk/vexv5/libv5rt.a(vex_timer.cpp.obj)
                              /Applications/VEXcode V5 Text.app/Contents/Resources/sdk/vexv5/libv5rt.a(vex_brain.cpp.obj) (vex::timer::~timer())
/Applications/VEXcode V5 Text.app/Contents/Resources/sdk/vexv5/libv5rt.a(vex_motorgroup.cpp.obj)
                              build/src/main.o (vex::motor_group::motor_group())
/Applications/VEXcode V5 Text.app/Contents/Resources/sdk/vexv5/libv5rt.a(v5_apiuser.c.obj)
                              /Applications/VEXcode V5 Text.app/Contents/Resources/sdk/vexv5/libv5rt.a(vex_triport.cpp.obj) (vexAdiPortConfigSet)
/Applications/VEXcode V5 Text.app/Contents/Resources/sdk/vexv5/libv5rt.a(vex_device.cpp.obj)
                              /Applications/VEXcode V5 Text.app/Contents/Resources/sdk/vexv5/libv5rt.a(vex_triport.cpp.obj) (vex::device::value())
/Applications/VEXcode V5 Text.app/Contents/Resources/sdk/vexv5/libv5rt.a(vex_task.cpp.obj)
                              /Applications/VEXcode V5 Text.app/Contents/Resources/sdk/vexv5/libv5rt.a(vex_competition.cpp.obj) (vex::task::task(int (*)()))
/Applications/VEXcode V5 Text.app/Contents/Resources/sdk/vexv5/gcc/libs/libc.a(lib_a-fini.o)
                              /Applications/VEXcode V5 Text.app/Contents/Resources/sdk/vexv5/libv5rt.a(v5_startup.c.obj) (__libc_fini_array)
/Applications/VEXcode V5 Text.app/Contents/Resources/sdk/vexv5/gcc/libs/libc.a(lib_a-impure.o)
                              /Applications/VEXcode V5 Text.app/Contents/Resources/sdk/vexv5/libv5rt.a(v5_startup.c.obj) (_impure_ptr)
/Applications/VEXcode V5 Text.app/Contents/Resources/sdk/vexv5/gcc/libs/libc.a(lib_a-init.o)
                              /Applications/VEXcode V5 Text.app/Contents/Resources/sdk/vexv5/libv5rt.a(v5_startup.c.obj) (__libc_init_array)
/Applications/VEXcode V5 Text.app/Contents/Resources/sdk/vexv5/gcc/libs/libc.a(lib_a-tolower.o)
                              /Applications/VEXcode V5 Text.app/Contents/Resources/sdk/vexv5/libv5rt.a(vex_brain.cpp.obj) (tolower)
[...]
Memory Configuration

Name             Origin             Length             Attributes
ps7_ddr_0_S_AXI_BASEADDR 0x0000000003800000 0x0000000004800000
*default*        0x0000000000000000 0xffffffffffffffff

Linker script and memory map

                0x0000000000002000                _STACK_SIZE = DEFINED (_STACK_SIZE)?_STACK_SIZE:0x2000
                0x0000000000100000                _HEAP_SIZE = DEFINED (_HEAP_SIZE)?_HEAP_SIZE:0x100000
                0x0000000000000400                _ABORT_STACK_SIZE = DEFINED (_ABORT_STACK_SIZE)?_ABORT_STACK_SIZE:0x400
                0x0000000000000800                _SUPERVISOR_STACK_SIZE = DEFINED (_SUPERVISOR_STACK_SIZE)?_SUPERVISOR_STACK_SIZE:0x800
                0x0000000000000400                _IRQ_STACK_SIZE = DEFINED (_IRQ_STACK_SIZE)?_IRQ_STACK_SIZE:0x400
                0x0000000000000400                _FIQ_STACK_SIZE = DEFINED (_FIQ_STACK_SIZE)?_FIQ_STACK_SIZE:0x400
                0x0000000000000400                _UNDEF_STACK_SIZE = DEFINED (_UNDEF_STACK_SIZE)?_UNDEF_STACK_SIZE:0x400

.text           0x0000000003800000     0x51f8
 *(.vectors)
 *(.boot_data)
 .boot_data     0x0000000003800000       0x20 /Applications/VEXcode V5 Text.app/Contents/Resources/sdk/vexv5/libv5rt.a(v5_startup.c.obj)
                0x0000000003800000                vexCodeSig
                0x0000000000000020                . = 0x20
 *(.boot)
 .boot          0x0000000003800020       0xbc /Applications/VEXcode V5 Text.app/Contents/Resources/sdk/vexv5/libv5rt.a(v5_startup.c.obj)
                0x0000000003800020                vexStartup
                0x0000000003800100                . = ALIGN (0x40)
 *fill*         0x00000000038000dc       0x24 
 *(.freertos_vectors)
 *(.text)
 *(.text.*)
 .text._Z10insertTextSsiiii
                0x0000000003800100       0x54 build/src/main.o
                0x0000000003800100                insertText(std::string, int, int, int, int)
 *fill*         0x0000000003800154        0x4 
 .text._ZN9lcdButtonC2EiiiiSsi
                0x0000000003800158       0xb0 build/src/main.o
                0x0000000003800158                lcdButton::lcdButton(int, int, int, int, std::string, int)
 .text._ZN9lcdButtonD2Ev
                0x0000000003800208       0x1c build/src/main.o
                0x0000000003800208                lcdButton::~lcdButton()
 *fill*         0x0000000003800224        0x4 
 .text._ZN9lcdButtonC2EiiiiSs
                0x0000000003800228       0xa8 build/src/main.o
                0x0000000003800228                lcdButton::lcdButton(int, int, int, int, std::string)
 .text._Z12drawTonomousv
                0x00000000038002d0       0x84 build/src/main.o
                0x00000000038002d0                drawTonomous()
 .text._ZN9lcdButton4drawEv
                0x0000000003800354       0xb4 build/src/main.o
                0x0000000003800354                lcdButton::draw()
 .text._Z9pre_autonv
                0x0000000003800408      0x388 build/src/main.o
                0x0000000003800408                pre_auton()
 .text._ZN9lcdButton8pressingEv
                0x0000000003800790       0x8c build/src/main.o
                0x0000000003800790                lcdButton::pressing()
 .text._Z10autonomousv
                0x000000000380081c       0x40 build/src/main.o
                0x000000000380081c                autonomous()
 *fill*         0x000000000380085c        0x4 
 .text._Z11usercontrolv
                0x0000000003800860      0x3b8 build/src/main.o
                0x0000000003800860                usercontrol()
 .text.main     0x0000000003800c18       0x60 build/src/main.o
                0x0000000003800c18                main
 .text._GLOBAL__sub_I_main.cpp
                0x0000000003800c78      0x574 build/src/main.o
 .text._GLOBAL__sub_I_robot_config.cpp
                0x00000000038011ec      0x30c build/src/robot-config.o
 .text._Z11alwaysStackv
                0x00000000038014f8      0x100 build/src/AutomatedTasks/autostack.o
                0x00000000038014f8                alwaysStack()
 .text._Z10cascadeposv
                0x00000000038015f8      0x2a8 build/src/AutomatedTasks/cascadepos.o
                0x00000000038015f8                cascadepos()
 .text._Z11cascadeHoldv
                0x00000000038018a0      0x130 build/src/AutomatedTasks/cascadepos.o
                0x00000000038018a0                cascadeHold()
 .text._Z11inchesToDegd
                0x00000000038019d0       0x30 build/src/AutomatedTasks/drivePID.o
                0x00000000038019d0                inchesToDeg(double)
 .text._Z13drivestraighti
                0x0000000003801a00      0x218 build/src/AutomatedTasks/drivePID.o
                0x0000000003801a00                drivestraight(int)
 .text._Z9driveturni
                0x0000000003801c18        0x4 build/src/AutomatedTasks/drivePID.o
                0x0000000003801c18                driveturn(int)
 .text._Z9basicPlotv
                0x0000000003801c1c      0x164 build/src/AutomatedTasks/screenfunctions.o
                0x0000000003801c1c                basicPlot()
 .text._Z11screenflashv
                0x0000000003801d80      0x120 build/src/AutomatedTasks/screenfunctions.o
                0x0000000003801d80                screenflash()
 .text._Z5Blue4v
                0x0000000003801ea0       0xd8 build/src/Autonomous/Blue4.o
                0x0000000003801ea0                Blue4()
 .text._Z7Bluerunv
                0x0000000003801f78      0x198 build/src/Autonomous/BlueRun.o
                0x0000000003801f78                Bluerun()
 .text._Z4Red4v
                0x0000000003802110       0xd8 build/src/Autonomous/Red4.o
                0x0000000003802110                Red4()
 .text._Z6Redrunv
                0x00000000038021e8      0x198 build/src/Autonomous/RedRun.o
                0x00000000038021e8                Redrun()
 .text.vexMain  0x0000000003802380       0xb0 /Applications/VEXcode V5 Text.app/Contents/Resources/sdk/vexv5/libv5rt.a(v5_startup.c.obj)
                0x0000000003802380                vexMain
 .text.__vex_function_prolog
                0x0000000003802430       0x18 /Applications/VEXcode V5 Text.app/Contents/Resources/sdk/vexv5/libv5rt.a(v5_startup.c.obj)
                0x0000000003802430                __vex_function_prolog
 .text._init    0x0000000003802448        0x4 /Applications/VEXcode V5 Text.app/Contents/Resources/sdk/vexv5/libv5rt.a(v5_startup.c.obj)
                0x0000000003802448                _init
 .text._fini    0x000000000380244c        0x4 /Applications/VEXcode V5 Text.app/Contents/Resources/sdk/vexv5/libv5rt.a(v5_startup.c.obj)
                0x000000000380244c                _fini
 .text.vexStdlibVersionLinked
                0x0000000003802450        0xc /Applications/VEXcode V5 Text.app/Contents/Resources/sdk/vexv5/libv5rt.a(v5_util.c.obj)
                0x0000000003802450                vexStdlibVersionLinked
 .text.vexStdlibVersionVerify
                0x000000000380245c       0x30 /Applications/VEXcode V5 Text.app/Contents/Resources/sdk/vexv5/libv5rt.a(v5_util.c.obj)
                0x000000000380245c                vexStdlibVersionVerify
 .text.vexPrivateApiEnable
                0x000000000380248c       0x10 /Applications/VEXcode V5 Text.app/Contents/Resources/sdk/vexv5/libv5rt.a(v5_apijump.c.obj)
                0x000000000380248c                vexPrivateApiEnable
 .text.vexStdlibMismatchError
                0x000000000380249c       0x3c /Applications/VEXcode V5 Text.app/Contents/Resources/sdk/vexv5/libv5rt.a(v5_apijump.c.obj)
                0x000000000380249c                vexStdlibMismatchError
 .text.vexTaskAdd
                0x00000000038024d8       0x10 /Applications/VEXcode V5 Text.app/Contents/Resources/sdk/vexv5/libv5rt.a(v5_apijump.c.obj)
                0x00000000038024d8                vexTaskAdd
 .text.vexTaskStop
                0x00000000038024e8       0x10 /Applications/VEXcode V5 Text.app/Contents/Resources/sdk/vexv5/libv5rt.a(v5_apijump.c.obj)
                0x00000000038024e8                vexTaskStop
 .text.vexTasksRun
                0x00000000038024f8       0x10 /Applications/VEXcode V5 Text.app/Contents/Resources/sdk/vexv5/libv5rt.a(v5_apijump.c.obj)
                0x00000000038024f8                vexTasksRun
 .text.vexTaskYield
                0x0000000003802508       0x10 /Applications/VEXcode V5 Text.app/Contents/Resources/sdk/vexv5/libv5rt.a(v5_apijump.c.obj)
                0x0000000003802508                vexTaskYield
 .text.vexTaskCheckTimeslice
                0x0000000003802518       0x10 /Applications/VEXcode V5 Text.app/Contents/Resources/sdk/vexv5/libv5rt.a(v5_apijump.c.obj)
                0x0000000003802518                vexTaskCheckTimeslice
 .text.vexTaskSleep
                0x0000000003802528       0x10 /Applications/VEXcode V5 Text.app/Contents/Resources/sdk/vexv5/libv5rt.a(v5_apijump.c.obj)
                0x0000000003802528                vexTaskSleep
 .text.vexTasksDump
                0x0000000003802538       0x1c /Applications/VEXcode V5 Text.app/Contents/Resources/sdk/vexv5/libv5rt.a(v5_apijump.c.obj)
                0x0000000003802538                vexTasksDump
 .text.vexTaskGetTaskIndex
                0x0000000003802554       0x10 /Applications/VEXcode V5 Text.app/Contents/Resources/sdk/vexv5/libv5rt.a(v5_apijump.c.obj)
                0x0000000003802554                vexTaskGetTaskIndex
 .text.vexTaskStopAll
                0x0000000003802564       0x10 /Applications/VEXcode V5 Text.app/Contents/Resources/sdk/vexv5/libv5rt.a(v5_apijump.c.obj)
                0x0000000003802564                vexTaskStopAll
 .text.vexTaskRemoveAllUser
                0x0000000003802574       0x34 /Applications/VEXcode V5 Text.app/Contents/Resources/sdk/vexv5/libv5rt.a(v5_apijump.c.obj)
                0x0000000003802574                vexTaskRemoveAllUser
 .text.vexTaskCompletionIdSet
                0x00000000038025a8       0x10 /Applications/VEXcode V5 Text.app/Contents/Resources/sdk/vexv5/libv5rt.a(v5_apijump.c.obj)
                0x00000000038025a8                vexTaskCompletionIdSet
 .text.vexCriticalSection
                0x00000000038025b8       0x2c /Applications/VEXcode V5 Text.app/Contents/Resources/sdk/vexv5/libv5rt.a(v5_apijump.c.obj)
                0x00000000038025b8                vexCriticalSection
 .text.vexEventAdd
                0x00000000038025e4       0x34 /Applications/VEXcode V5 Text.app/Contents/Resources/sdk/vexv5/libv5rt.a(v5_apijump.c.obj)
                0x00000000038025e4                vexEventAdd
 .text.vexEventUserIndexGet
                0x0000000003802618       0x1c /Applications/VEXcode V5 Text.app/Contents/Resources/sdk/vexv5/libv5rt.a(v5_apijump.c.obj)
                0x0000000003802618                vexEventUserIndexGet
 .text.vexEventAddWithArg
                0x0000000003802634       0x3c /Applications/VEXcode V5 Text.app/Contents/Resources/sdk/vexv5/libv5rt.a(v5_apijump.c.obj)
                0x0000000003802634                vexEventAddWithArg
 .text.vexEventsCleanup
                0x0000000003802670       0x2c /Applications/VEXcode V5 Text.app/Contents/Resources/sdk/vexv5/libv5rt.a(v5_apijump.c.obj)
                0x0000000003802670                vexEventsCleanup
 .text.vexDebug
                0x000000000380269c       0x38 /Applications/VEXcode V5 Text.app/Contents/Resources/sdk/vexv5/libv5rt.a(v5_apijump.c.obj)
                0x000000000380269c                vexDebug
 .text.vex_sprintf
                0x00000000038026d4       0x40 /Applications/VEXcode V5 Text.app/Contents/Resources/sdk/vexv5/libv5rt.a(v5_apijump.c.obj)
                0x00000000038026d4                vex_sprintf
 .text.vex_vsnprintf
                0x0000000003802714       0x3c /Applications/VEXcode V5 Text.app/Contents/Resources/sdk/vexv5/libv5rt.a(v5_apijump.c.obj)
                0x0000000003802714                vex_vsnprintf
 .text.vexSystemTimeGet
                0x0000000003802750       0x1c /Applications/VEXcode V5 Text.app/Contents/Resources/sdk/vexv5/libv5rt.a(v5_apijump.c.obj)
                0x0000000003802750                vexSystemTimeGet
 .text.vexSystemExitRequest
                0x000000000380276c       0x1c /Applications/VEXcode V5 Text.app/Contents/Resources/sdk/vexv5/libv5rt.a(v5_apijump.c.obj)
                0x000000000380276c                vexSystemExitRequest
 .text.vexDeviceGetByIndex
                0x0000000003802788       0x24 /Applications/VEXcode V5 Text.app/Contents/Resources/sdk/vexv5/libv5rt.a(v5_apijump.c.obj)
                0x0000000003802788                vexDeviceGetByIndex
 .text.vexControllerGet
                0x00000000038027ac       0x2c /Applications/VEXcode V5 Text.app/Contents/Resources/sdk/vexv5/libv5rt.a(v5_apijump.c.obj)
                0x00000000038027ac                vexControllerGet
 .text.vexDeviceAdiPortConfigSet
                0x00000000038027d8       0x34 /Applications/VEXcode V5 Text.app/Contents/Resources/sdk/vexv5/libv5rt.a(v5_apijump.c.obj)
                0x00000000038027d8                vexDeviceAdiPortConfigSet
 .text.vexDeviceAdiPortConfigGet
                0x000000000380280c       0x2c /Applications/VEXcode V5 Text.app/Contents/Resources/sdk/vexv5/libv5rt.a(v5_apijump.c.obj)
                0x000000000380280c                vexDeviceAdiPortConfigGet
 .text.vexDeviceAdiValueGet
                0x0000000003802838       0x2c /Applications/VEXcode V5 Text.app/Contents/Resources/sdk/vexv5/libv5rt.a(v5_apijump.c.obj)
                0x0000000003802838                vexDeviceAdiValueGet
 .text.vexDeviceMotorVelocitySet
                0x0000000003802864       0x2c /Applications/VEXcode V5 Text.app/Contents/Resources/sdk/vexv5/libv5rt.a(v5_apijump.c.obj)
                0x0000000003802864                vexDeviceMotorVelocitySet
 .text.vexDeviceMotorActualVelocityGet
                0x0000000003802890       0x24 /Applications/VEXcode V5 Text.app/Contents/Resources/sdk/vexv5/libv5rt.a(v5_apijump.c.obj)
                0x0000000003802890                vexDeviceMotorActualVelocityGet
 .text.vexDeviceMotorZeroPositionFlagGet
                0x00000000038028b4       0x24 /Applications/VEXcode V5 Text.app/Contents/Resources/sdk/vexv5/libv5rt.a(v5_apijump.c.obj)
                0x00000000038028b4                vexDeviceMotorZeroPositionFlagGet
 .text.vexDeviceMotorReverseFlagSet
                0x00000000038028d8       0x2c /Applications/VEXcode V5 Text.app/Contents/Resources/sdk/vexv5/libv5rt.a(v5_apijump.c.obj)
                0x00000000038028d8                vexDeviceMotorReverseFlagSet
 .text.vexDeviceMotorEncoderUnitsSet
                0x0000000003802904       0x2c /Applications/VEXcode V5 Text.app/Contents/Resources/sdk/vexv5/libv5rt.a(v5_apijump.c.obj)
                0x0000000003802904                vexDeviceMotorEncoderUnitsSet
 .text.vexDeviceMotorBrakeModeSet
                0x0000000003802930       0x2c /Applications/VEXcode V5 Text.app/Contents/Resources/sdk/vexv5/libv5rt.a(v5_apijump.c.obj)
                0x0000000003802930                vexDeviceMotorBrakeModeSet
 .text.vexDeviceMotorPositionSet
                0x000000000380295c       0x34 /Applications/VEXcode V5 Text.app/Contents/Resources/sdk/vexv5/libv5rt.a(v5_apijump.c.obj)
                0x000000000380295c                vexDeviceMotorPositionSet
 .text.vexDeviceMotorPositionGet
                0x0000000003802990       0x24 /Applications/VEXcode V5 Text.app/Contents/Resources/sdk/vexv5/libv5rt.a(v5_apijump.c.obj)
                0x0000000003802990                vexDeviceMotorPositionGet
 .text.vexDeviceMotorAbsoluteTargetSet
                0x00000000038029b4       0x3c /Applications/VEXcode V5 Text.app/Contents/Resources/sdk/vexv5/libv5rt.a(v5_apijump.c.obj)
                0x00000000038029b4                vexDeviceMotorAbsoluteTargetSet
 .text.vexDeviceMotorGearingSet
                0x00000000038029f0       0x2c /Applications/VEXcode V5 Text.app/Contents/Resources/sdk/vexv5/libv5rt.a(v5_apijump.c.obj)
                0x00000000038029f0                vexDeviceMotorGearingSet
 .text.vexDeviceMotorGearingGet
                0x0000000003802a1c       0x24 /Applications/VEXcode V5 Text.app/Contents/Resources/sdk/vexv5/libv5rt.a(v5_apijump.c.obj)
                0x0000000003802a1c                vexDeviceMotorGearingGet
 .text.vexDisplayForegroundColor
                0x0000000003802a40       0x24 /Applications/VEXcode V5 Text.app/Contents/Resources/sdk/vexv5/libv5rt.a(v5_apijump.c.obj)
                0x0000000003802a40                vexDisplayForegroundColor
 .text.vexDisplayBackgroundColor
                0x0000000003802a64       0x24 /Applications/VEXcode V5 Text.app/Contents/Resources/sdk/vexv5/libv5rt.a(v5_apijump.c.obj)
                0x0000000003802a64                vexDisplayBackgroundColor
 .text.vexDisplayBackgroundColorGet
                0x0000000003802a88       0x1c /Applications/VEXcode V5 Text.app/Contents/Resources/sdk/vexv5/libv5rt.a(v5_apijump.c.obj)
                0x0000000003802a88                vexDisplayBackgroundColorGet
 .text.vexDisplayPixelSet
                0x0000000003802aa4       0x38 /Applications/VEXcode V5 Text.app/Contents/Resources/sdk/vexv5/libv5rt.a(v5_apijump.c.obj)
                0x0000000003802aa4                vexDisplayPixelSet
 .text.vexDisplayLineDraw
                0x0000000003802adc       0x4c /Applications/VEXcode V5 Text.app/Contents/Resources/sdk/vexv5/libv5rt.a(v5_apijump.c.obj)
                0x0000000003802adc                vexDisplayLineDraw
 .text.vexDisplayRectDraw
                0x0000000003802b28       0x4c /Applications/VEXcode V5 Text.app/Contents/Resources/sdk/vexv5/libv5rt.a(v5_apijump.c.obj)
                0x0000000003802b28                vexDisplayRectDraw
 .text.vexDisplayRectClear
                0x0000000003802b74       0x4c /Applications/VEXcode V5 Text.app/Contents/Resources/sdk/vexv5/libv5rt.a(v5_apijump.c.obj)
                0x0000000003802b74                vexDisplayRectClear
 .text.vexDisplayPrintf
                0x0000000003802bc0       0x68 /Applications/VEXcode V5 Text.app/Contents/Resources/sdk/vexv5/libv5rt.a(v5_apijump.c.obj)
                0x0000000003802bc0                vexDisplayPrintf
 .text.vexDisplayTextReference
                0x0000000003802c28       0x24 /Applications/VEXcode V5 Text.app/Contents/Resources/sdk/vexv5/libv5rt.a(v5_apijump.c.obj)
                0x0000000003802c28                vexDisplayTextReference
 .text.vexDisplayTextSize
                0x0000000003802c4c       0x2c /Applications/VEXcode V5 Text.app/Contents/Resources/sdk/vexv5/libv5rt.a(v5_apijump.c.obj)
                0x0000000003802c4c                vexDisplayTextSize
 .text.vexDisplayFontNamedSet
                0x0000000003802c78       0x24 /Applications/VEXcode V5 Text.app/Contents/Resources/sdk/vexv5/libv5rt.a(v5_apijump.c.obj)
                0x0000000003802c78                vexDisplayFontNamedSet
 .text.vexDisplayStringWidthGet
                0x0000000003802c9c       0x24 /Applications/VEXcode V5 Text.app/Contents/Resources/sdk/vexv5/libv5rt.a(v5_apijump.c.obj)
                0x0000000003802c9c                vexDisplayStringWidthGet
 .text.vexDisplayStringHeightGet
                0x0000000003802cc0       0x24 /Applications/VEXcode V5 Text.app/Contents/Resources/sdk/vexv5/libv5rt.a(v5_apijump.c.obj)
                0x0000000003802cc0                vexDisplayStringHeightGet
 .text.vexDisplayPenSizeSet
                0x0000000003802ce4       0x24 /Applications/VEXcode V5 Text.app/Contents/Resources/sdk/vexv5/libv5rt.a(v5_apijump.c.obj)
                0x0000000003802ce4                vexDisplayPenSizeSet
 .text.vexDisplayPenSizeGet
                0x0000000003802d08       0x1c /Applications/VEXcode V5 Text.app/Contents/Resources/sdk/vexv5/libv5rt.a(v5_apijump.c.obj)
                0x0000000003802d08                vexDisplayPenSizeGet
 .text.vexSystemStdlibImpureDataAddr
                0x0000000003802d24       0x28 /Applications/VEXcode V5 Text.app/Contents/Resources/sdk/vexv5/libv5rt.a(v5_apijump.c.obj)
                0x0000000003802d24                vexSystemStdlibImpureDataAddr
 .text.vexSystemStdlibImpureDataSize
                0x0000000003802d4c       0x28 /Applications/VEXcode V5 Text.app/Contents/Resources/sdk/vexv5/libv5rt.a(v5_apijump.c.obj)
                0x0000000003802d4c                vexSystemStdlibImpureDataSize
 .text.vexSystemSaveUserData
                0x0000000003802d74       0x3c /Applications/VEXcode V5 Text.app/Contents/Resources/sdk/vexv5/libv5rt.a(v5_apijump.c.obj)
                0x0000000003802d74                vexSystemSaveUserData
 .text.vexTouchDataGet
                0x0000000003802db0       0x10 /Applications/VEXcode V5 Text.app/Contents/Resources/sdk/vexv5/libv5rt.a(v5_apijump.c.obj)
                0x0000000003802db0                vexTouchDataGet
 .text.vexDisplayThemeIdGet
                0x0000000003802dc0       0x38 /Applications/VEXcode V5 Text.app/Contents/Resources/sdk/vexv5/libv5rt.a(v5_apijump.c.obj)
                0x0000000003802dc0                vexDisplayThemeIdGet
 .text.vexDeviceEventMaskSet
                0x0000000003802df8       0x48 /Applications/VEXcode V5 Text.app/Contents/Resources/sdk/vexv5/libv5rt.a(v5_apijump.c.obj)
                0x0000000003802df8                vexDeviceEventMaskSet
 .text.vexDeviceEventMaskGet
                0x0000000003802e40       0x3c /Applications/VEXcode V5 Text.app/Contents/Resources/sdk/vexv5/libv5rt.a(v5_apijump.c.obj)
                0x0000000003802e40                vexDeviceEventMaskGet
 .text.vexSystemVersion
                0x0000000003802e7c       0x10 /Applications/VEXcode V5 Text.app/Contents/Resources/sdk/vexv5/libv5rt.a(v5_apiversions.c.obj)
                0x0000000003802e7c                vexSystemVersion
 .text.vexStdlibVersion
                0x0000000003802e8c       0x10 /Applications/VEXcode V5 Text.app/Contents/Resources/sdk/vexv5/libv5rt.a(v5_apiversions.c.obj)
                0x0000000003802e8c                vexStdlibVersion
 *fill*         0x0000000003802e9c        0x4 
 .text._ZN3vex4waitEdNS_9timeUnitsE
                0x0000000003802ea0       0x30 /Applications/VEXcode V5 Text.app/Contents/Resources/sdk/vexv5/libv5rt.a(vex_global.cpp.obj)
                0x0000000003802ea0                vex::wait(double, vex::timeUnits)
 .text._ZN3vex5motor9installedEv
                0x0000000003802ed0       0x18 /Applications/VEXcode V5 Text.app/Contents/Resources/sdk/vexv5/libv5rt.a(vex_motor.cpp.obj)
                0x0000000003802ed0                vex::motor::installed()
 .text._ZN3vex5motorD2Ev
                0x0000000003802ee8       0x20 /Applications/VEXcode V5 Text.app/Contents/Resources/sdk/vexv5/libv5rt.a(vex_motor.cpp.obj)
                0x0000000003802ee8                vex::motor::~motor()
                0x0000000003802ee8                vex::motor::~motor()
 .text._ZN3vex5motor15defaultStoppingENS_9brakeTypeE
                0x0000000003802f08       0x30 /Applications/VEXcode V5 Text.app/Contents/Resources/sdk/vexv5/libv5rt.a(vex_motor.cpp.obj)
                0x0000000003802f08                vex::motor::defaultStopping(vex::brakeType)
 .text._ZN3vex5motorC2El
                0x0000000003802f38       0x78 /Applications/VEXcode V5 Text.app/Contents/Resources/sdk/vexv5/libv5rt.a(vex_motor.cpp.obj)
                0x0000000003802f38                vex::motor::motor(long)
                0x0000000003802f38                vex::motor::motor(long)
 .text._ZN3vex5motorC2ElNS_11gearSettingEb
                0x0000000003802fb0       0x34 /Applications/VEXcode V5 Text.app/Contents/Resources/sdk/vexv5/libv5rt.a(vex_motor.cpp.obj)
                0x0000000003802fb0                vex::motor::motor(long, vex::gearSetting, bool)
                0x0000000003802fb0                vex::motor::motor(long, vex::gearSetting, bool)
 .text._ZN3vex5motor4stopENS_9brakeTypeE
                0x0000000003802fe4       0x30 /Applications/VEXcode V5 Text.app/Contents/Resources/sdk/vexv5/libv5rt.a(vex_motor.cpp.obj)
                0x0000000003802fe4                vex::motor::stop(vex::brakeType)
 .text._ZN3vex5motor4stopEv
                0x0000000003803014        0x8 /Applications/VEXcode V5 Text.app/Contents/Resources/sdk/vexv5/libv5rt.a(vex_motor.cpp.obj)
                0x0000000003803014                vex::motor::stop()
 .text._ZN3vex5motor16velocityToScaledEdNS_13velocityUnitsE
                0x000000000380301c       0x5c /Applications/VEXcode V5 Text.app/Contents/Resources/sdk/vexv5/libv5rt.a(vex_motor.cpp.obj)
                0x000000000380301c                vex::motor::velocityToScaled(double, vex::velocityUnits)
 .text._ZN3vex5motor8velocityENS_13velocityUnitsE
                0x0000000003803078       0x30 /Applications/VEXcode V5 Text.app/Contents/Resources/sdk/vexv5/libv5rt.a(vex_motor.cpp.obj)
                0x0000000003803078                vex::motor::velocity(vex::velocityUnits)
 .text._ZN3vex5motor5valueEv
                0x00000000038030a8       0x1c /Applications/VEXcode V5 Text.app/Contents/Resources/sdk/vexv5/libv5rt.a(vex_motor.cpp.obj)
                0x00000000038030a8                vex::motor::value()
 .text._ZN3vex5motor16scaledToVelocityEdNS_13velocityUnitsE
                0x00000000038030c4       0xa4 /Applications/VEXcode V5 Text.app/Contents/Resources/sdk/vexv5/libv5rt.a(vex_motor.cpp.obj)
                0x00000000038030c4                vex::motor::scaledToVelocity(double, vex::velocityUnits)
 .text._ZN3vex5motor4spinENS_13directionTypeEdNS_13velocityUnitsE
                0x0000000003803168       0x5c /Applications/VEXcode V5 Text.app/Contents/Resources/sdk/vexv5/libv5rt.a(vex_motor.cpp.obj)
                0x0000000003803168                vex::motor::spin(vex::directionType, double, vex::velocityUnits)
 .text._ZN3vex5motor16setRotationUnitsENS_13rotationUnitsE
                0x00000000038031c4       0x1c /Applications/VEXcode V5 Text.app/Contents/Resources/sdk/vexv5/libv5rt.a(vex_motor.cpp.obj)
                0x00000000038031c4                vex::motor::setRotationUnits(vex::rotationUnits)
 .text._ZN3vex5motor11setRotationEdNS_13rotationUnitsE
                0x00000000038031e0       0x44 /Applications/VEXcode V5 Text.app/Contents/Resources/sdk/vexv5/libv5rt.a(vex_motor.cpp.obj)
                0x00000000038031e0                vex::motor::setRotation(double, vex::rotationUnits)
 .text._ZN3vex5motor11setPositionEdNS_13rotationUnitsE
                0x0000000003803224        0x4 /Applications/VEXcode V5 Text.app/Contents/Resources/sdk/vexv5/libv5rt.a(vex_motor.cpp.obj)
                0x0000000003803224                vex::motor::setPosition(double, vex::rotationUnits)
 .text._ZN3vex5motor8rotateToEdNS_13rotationUnitsEdNS_13velocityUnitsEb
                0x0000000003803228       0xc4 /Applications/VEXcode V5 Text.app/Contents/Resources/sdk/vexv5/libv5rt.a(vex_motor.cpp.obj)
                0x0000000003803228                vex::motor::rotateTo(double, vex::rotationUnits, double, vex::velocityUnits, bool)
 .text._ZN3vex5motor6spinToEdNS_13rotationUnitsEdNS_13velocityUnitsEb
                0x00000000038032ec       0x14 /Applications/VEXcode V5 Text.app/Contents/Resources/sdk/vexv5/libv5rt.a(vex_motor.cpp.obj)
                0x00000000038032ec                vex::motor::spinTo(double, vex::rotationUnits, double, vex::velocityUnits, bool)
 .text._ZN3vex5motor6spinToEdNS_13rotationUnitsEb
                0x0000000003803300       0x34 /Applications/VEXcode V5 Text.app/Contents/Resources/sdk/vexv5/libv5rt.a(vex_motor.cpp.obj)
                0x0000000003803300                vex::motor::spinTo(double, vex::rotationUnits, bool)
 .text._ZN3vex5motor14spinToPositionEdNS_13rotationUnitsEb
                0x0000000003803334       0x34 /Applications/VEXcode V5 Text.app/Contents/Resources/sdk/vexv5/libv5rt.a(vex_motor.cpp.obj)
                0x0000000003803334                vex::motor::spinToPosition(double, vex::rotationUnits, bool)
 .text._ZN3vex5motor8rotationENS_13rotationUnitsE
                0x0000000003803368       0x44 /Applications/VEXcode V5 Text.app/Contents/Resources/sdk/vexv5/libv5rt.a(vex_motor.cpp.obj)
                0x0000000003803368                vex::motor::rotation(vex::rotationUnits)
 .text._ZN3vex5motor8positionENS_13rotationUnitsE
                0x00000000038033ac        0x4 /Applications/VEXcode V5 Text.app/Contents/Resources/sdk/vexv5/libv5rt.a(vex_motor.cpp.obj)
                0x00000000038033ac                vex::motor::position(vex::rotationUnits)
 .text._ZN3vex10controllerD2Ev
                0x00000000038033b0        0x4 /Applications/VEXcode V5 Text.app/Contents/Resources/sdk/vexv5/libv5rt.a(vex_controller.cpp.obj)
                0x00000000038033b0                vex::controller::~controller()
                0x00000000038033b0                vex::controller::~controller()
 .text._ZN3vex10controller5valueE19_V5_ControllerIndex
                0x00000000038033b4        0x8 /Applications/VEXcode V5 Text.app/Contents/Resources/sdk/vexv5/libv5rt.a(vex_controller.cpp.obj)
                0x00000000038033b4                vex::controller::value(_V5_ControllerIndex)
 .text._ZN3vex10controller6button8pressingEv
                0x00000000038033bc       0xc8 /Applications/VEXcode V5 Text.app/Contents/Resources/sdk/vexv5/libv5rt.a(vex_controller.cpp.obj)
                0x00000000038033bc                vex::controller::button::pressing()
 .text._ZN3vex10controller6button21_buttonToPressedEventEv
                0x0000000003803484       0x20 /Applications/VEXcode V5 Text.app/Contents/Resources/sdk/vexv5/libv5rt.a(vex_controller.cpp.obj)
                0x0000000003803484                vex::controller::button::_buttonToPressedEvent()
 .text._ZN3vex10controller6button22_buttonToReleasedEventEv
                0x00000000038034a4       0x20 /Applications/VEXcode V5 Text.app/Contents/Resources/sdk/vexv5/libv5rt.a(vex_controller.cpp.obj)
                0x00000000038034a4                vex::controller::button::_buttonToReleasedEvent()
 .text._ZN3vex10controller6buttonC2ENS0_11tButtonTypeEPS0_
                0x00000000038034c4       0x48 /Applications/VEXcode V5 Text.app/Contents/Resources/sdk/vexv5/libv5rt.a(vex_controller.cpp.obj)
                0x00000000038034c4                vex::controller::button::button(vex::controller::tButtonType, vex::controller*)
                0x00000000038034c4                vex::controller::button::button(vex::controller::tButtonType, vex::controller*)
 .text._ZN3vex10controller4axis5valueEv
                0x000000000380350c       0x58 /Applications/VEXcode V5 Text.app/Contents/Resources/sdk/vexv5/libv5rt.a(vex_controller.cpp.obj)
                0x000000000380350c                vex::controller::axis::value()
 .text._ZN3vex10controller4axis23_joystickToChangedEventEv
                0x0000000003803564       0x20 /Applications/VEXcode V5 Text.app/Contents/Resources/sdk/vexv5/libv5rt.a(vex_controller.cpp.obj)
                0x0000000003803564                vex::controller::axis::_joystickToChangedEvent()
 .text._ZN3vex10controller4axisC2ENS0_9tAxisTypeEPS0_
                0x0000000003803584       0x2c /Applications/VEXcode V5 Text.app/Contents/Resources/sdk/vexv5/libv5rt.a(vex_controller.cpp.obj)
                0x0000000003803584                vex::controller::axis::axis(vex::controller::tAxisType, vex::controller*)
                0x0000000003803584                vex::controller::axis::axis(vex::controller::tAxisType, vex::controller*)
 .text._ZN3vex10controllerC2ENS_14controllerTypeE
                0x00000000038035b0      0x204 /Applications/VEXcode V5 Text.app/Contents/Resources/sdk/vexv5/libv5rt.a(vex_controller.cpp.obj)
                0x00000000038035b0                vex::controller::controller(vex::controllerType)
                0x00000000038035b0                vex::controller::controller(vex::controllerType)
 .text._ZN3vex6threadC2EPFivE
                0x00000000038037b4       0x54 /Applications/VEXcode V5 Text.app/Contents/Resources/sdk/vexv5/libv5rt.a(vex_thread.cpp.obj)
                0x00000000038037b4                vex::thread::thread(int (*)())
                0x00000000038037b4                vex::thread::thread(int (*)())
 .text._ZN3vex6threadD2Ev
                0x0000000003803808        0x4 /Applications/VEXcode V5 Text.app/Contents/Resources/sdk/vexv5/libv5rt.a(vex_thread.cpp.obj)
                0x0000000003803808                vex::thread::~thread()
                0x0000000003803808                vex::thread::~thread()
 .text._ZN3vex6thread9interruptEv
                0x000000000380380c       0x10 /Applications/VEXcode V5 Text.app/Contents/Resources/sdk/vexv5/libv5rt.a(vex_thread.cpp.obj)
                0x000000000380380c                vex::thread::interrupt()
 .text._ZN3vex11this_thread9sleep_forEm
                0x000000000380381c        0x4 /Applications/VEXcode V5 Text.app/Contents/Resources/sdk/vexv5/libv5rt.a(vex_thread.cpp.obj)
                0x000000000380381c                vex::this_thread::sleep_for(unsigned long)
 .text._ZN3vex5event4initEmmPFvvE
                0x0000000003803820        0x4 /Applications/VEXcode V5 Text.app/Contents/Resources/sdk/vexv5/libv5rt.a(vex_event.cpp.obj)
                0x0000000003803820                vex::event::init(unsigned long, unsigned long, void (*)())
 .text._ZN3vex5event4initEmmPFvPvES1_
                0x0000000003803824        0x4 /Applications/VEXcode V5 Text.app/Contents/Resources/sdk/vexv5/libv5rt.a(vex_event.cpp.obj)
                0x0000000003803824                vex::event::init(unsigned long, unsigned long, void (*)(void*), void*)
 .text._ZN3vex5event9userindexEv
                0x0000000003803828        0x4 /Applications/VEXcode V5 Text.app/Contents/Resources/sdk/vexv5/libv5rt.a(vex_event.cpp.obj)
                0x0000000003803828                vex::event::userindex()
 .text._ZZN3vex6meventC4EmmENUlvE_4_FUNEv
                0x000000000380382c        0x4 /Applications/VEXcode V5 Text.app/Contents/Resources/sdk/vexv5/libv5rt.a(vex_mevent.cpp.obj)
 .text._ZN3vex6meventC2Emm
                0x0000000003803830       0x70 /Applications/VEXcode V5 Text.app/Contents/Resources/sdk/vexv5/libv5rt.a(vex_mevent.cpp.obj)
                0x0000000003803830                vex::mevent::mevent(unsigned long, unsigned long)
                0x0000000003803830                vex::mevent::mevent(unsigned long, unsigned long)
 .text._ZL9_hexDigitc
                0x00000000038038a0       0x48 /Applications/VEXcode V5 Text.app/Contents/Resources/sdk/vexv5/libv5rt.a(vex_brain.cpp.obj)
 .text._ZN3vex5brainD2Ev
                0x00000000038038e8       0x20 /Applications/VEXcode V5 Text.app/Contents/Resources/sdk/vexv5/libv5rt.a(vex_brain.cpp.obj)
                0x00000000038038e8                vex::brain::~brain()
                0x00000000038038e8                vex::brain::~brain()
 .text._ZN3vex5brain9_getIndexEv
                0x0000000003803908       0x10 /Applications/VEXcode V5 Text.app/Contents/Resources/sdk/vexv5/libv5rt.a(vex_brain.cpp.obj)
                0x0000000003803908                vex::brain::_getIndex()
 .text._ZN3vex5brain3lcd9setCursorEll
                0x0000000003803918       0x44 /Applications/VEXcode V5 Text.app/Contents/Resources/sdk/vexv5/libv5rt.a(vex_brain.cpp.obj)
                0x0000000003803918                vex::brain::lcd::setCursor(long, long)
 .text._ZN3vex5brain3lcd7setFontENS_8fontTypeE
                0x000000000380395c      0x23c /Applications/VEXcode V5 Text.app/Contents/Resources/sdk/vexv5/libv5rt.a(vex_brain.cpp.obj)
                0x000000000380395c                vex::brain::lcd::setFont(vex::fontType)
 .text._ZN3vex5brain3lcdC2Ev
                0x0000000003803b98       0x94 /Applications/VEXcode V5 Text.app/Contents/Resources/sdk/vexv5/libv5rt.a(vex_brain.cpp.obj)
                0x0000000003803b98                vex::brain::lcd::lcd()
                0x0000000003803b98                vex::brain::lcd::lcd()
 .text._ZN3vex5brainC2Ev
                0x0000000003803c2c       0x38 /Applications/VEXcode V5 Text.app/Contents/Resources/sdk/vexv5/libv5rt.a(vex_brain.cpp.obj)
                0x0000000003803c2c                vex::brain::brain()
                0x0000000003803c2c                vex::brain::brain()
 .text._ZN3vex5brain3lcd11setPenWidthEm
                0x0000000003803c64       0x24 /Applications/VEXcode V5 Text.app/Contents/Resources/sdk/vexv5/libv5rt.a(vex_brain.cpp.obj)
                0x0000000003803c64                vex::brain::lcd::setPenWidth(unsigned long)
 .text._ZN3vex5brain3lcd11setPenColorERKNS_5colorE
                0x0000000003803c88       0x14 /Applications/VEXcode V5 Text.app/Contents/Resources/sdk/vexv5/libv5rt.a(vex_brain.cpp.obj)
                0x0000000003803c88                vex::brain::lcd::setPenColor(vex::color const&)
 .text._ZN3vex5brain3lcd7printAtEllPKcz
                0x0000000003803c9c       0x6c /Applications/VEXcode V5 Text.app/Contents/Resources/sdk/vexv5/libv5rt.a(vex_brain.cpp.obj)
                0x0000000003803c9c                vex::brain::lcd::printAt(long, long, char const*, ...)
 .text._ZN3vex5brain3lcd12_clearScreenEm
                0x0000000003803d08       0x38 /Applications/VEXcode V5 Text.app/Contents/Resources/sdk/vexv5/libv5rt.a(vex_brain.cpp.obj)
                0x0000000003803d08                vex::brain::lcd::_clearScreen(unsigned long)
 .text._ZN3vex5brain3lcd11clearScreenERKNS_5colorE
                0x0000000003803d40       0x20 /Applications/VEXcode V5 Text.app/Contents/Resources/sdk/vexv5/libv5rt.a(vex_brain.cpp.obj)
                0x0000000003803d40                vex::brain::lcd::clearScreen(vex::color const&)
 .text._ZN3vex5brain3lcd11clearScreenEv
                0x0000000003803d60       0x2c /Applications/VEXcode V5 Text.app/Contents/Resources/sdk/vexv5/libv5rt.a(vex_brain.cpp.obj)
                0x0000000003803d60                vex::brain::lcd::clearScreen()
 .text._ZN3vex5brain3lcd9drawPixelEii
                0x0000000003803d8c       0x14 /Applications/VEXcode V5 Text.app/Contents/Resources/sdk/vexv5/libv5rt.a(vex_brain.cpp.obj)
                0x0000000003803d8c                vex::brain::lcd::drawPixel(int, int)
 .text._ZN3vex5brain3lcd8drawLineEiiii
                0x0000000003803da0      0x2c4 /Applications/VEXcode V5 Text.app/Contents/Resources/sdk/vexv5/libv5rt.a(vex_brain.cpp.obj)
                0x0000000003803da0                vex::brain::lcd::drawLine(int, int, int, int)
 .text._ZN3vex5brain3lcd13drawRectangleEiiii
                0x0000000003804064       0xdc /Applications/VEXcode V5 Text.app/Contents/Resources/sdk/vexv5/libv5rt.a(vex_brain.cpp.obj)
                0x0000000003804064                vex::brain::lcd::drawRectangle(int, int, int, int)
 .text._ZN3vex5brain3lcd14_drawRectangleEiiiim
                0x0000000003804140       0x74 /Applications/VEXcode V5 Text.app/Contents/Resources/sdk/vexv5/libv5rt.a(vex_brain.cpp.obj)
                0x0000000003804140                vex::brain::lcd::_drawRectangle(int, int, int, int, unsigned long)
 .text._ZN3vex5brain3lcd13drawRectangleEiiiiRKNS_5colorE
                0x00000000038041b4       0x68 /Applications/VEXcode V5 Text.app/Contents/Resources/sdk/vexv5/libv5rt.a(vex_brain.cpp.obj)
                0x00000000038041b4                vex::brain::lcd::drawRectangle(int, int, int, int, vex::color const&)
 .text._ZN3vex5brain3lcd9xPositionEv
                0x000000000380421c       0x24 /Applications/VEXcode V5 Text.app/Contents/Resources/sdk/vexv5/libv5rt.a(vex_brain.cpp.obj)
                0x000000000380421c                vex::brain::lcd::xPosition()
 .text._ZN3vex5brain3lcd9yPositionEv
                0x0000000003804240       0x24 /Applications/VEXcode V5 Text.app/Contents/Resources/sdk/vexv5/libv5rt.a(vex_brain.cpp.obj)
                0x0000000003804240                vex::brain::lcd::yPosition()
 .text._ZN3vex5brain3lcd8pressingEv
                0x0000000003804264       0x20 /Applications/VEXcode V5 Text.app/Contents/Resources/sdk/vexv5/libv5rt.a(vex_brain.cpp.obj)
                0x0000000003804264                vex::brain::lcd::pressing()
 .text._ZN3vex5brain3lcd13webColorToRgbEPKc
                0x0000000003804284       0x9c /Applications/VEXcode V5 Text.app/Contents/Resources/sdk/vexv5/libv5rt.a(vex_brain.cpp.obj)
                0x0000000003804284                vex::brain::lcd::webColorToRgb(char const*)
 .text._ZN3vex5brain3lcd11clearScreenEPKc
                0x0000000003804320       0x1c /Applications/VEXcode V5 Text.app/Contents/Resources/sdk/vexv5/libv5rt.a(vex_brain.cpp.obj)
                0x0000000003804320                vex::brain::lcd::clearScreen(char const*)
 *fill*         0x000000000380433c        0x4 
 .text._ZN3vex5brain3lcd8hueToRgbEm
                0x0000000003804340       0xe0 /Applications/VEXcode V5 Text.app/Contents/Resources/sdk/vexv5/libv5rt.a(vex_brain.cpp.obj)
                0x0000000003804340                vex::brain::lcd::hueToRgb(unsigned long)
 .text._ZN3vex5brain3lcd13drawRectangleEiiiii
                0x0000000003804420       0x54 /Applications/VEXcode V5 Text.app/Contents/Resources/sdk/vexv5/libv5rt.a(vex_brain.cpp.obj)
                0x0000000003804420                vex::brain::lcd::drawRectangle(int, int, int, int, int)
 .text._ZN3vex11competition8_disableEPv
                0x0000000003804474       0x9c /Applications/VEXcode V5 Text.app/Contents/Resources/sdk/vexv5/libv5rt.a(vex_competition.cpp.obj)
                0x0000000003804474                vex::competition::_disable(void*)
 .text._ZN3vex11competition11_autonomousEv
                0x0000000003804510       0x7c /Applications/VEXcode V5 Text.app/Contents/Resources/sdk/vexv5/libv5rt.a(vex_competition.cpp.obj)
                0x0000000003804510                vex::competition::_autonomous()
 .text._ZN3vex11competition14_drivercontrolEv
                0x000000000380458c       0x7c /Applications/VEXcode V5 Text.app/Contents/Resources/sdk/vexv5/libv5rt.a(vex_competition.cpp.obj)
                0x000000000380458c                vex::competition::_drivercontrol()
 .text._ZN3vex11competitionC2Ev
                0x0000000003804608      0x13c /Applications/VEXcode V5 Text.app/Contents/Resources/sdk/vexv5/libv5rt.a(vex_competition.cpp.obj)
                0x0000000003804608                vex::competition::competition()
                0x0000000003804608                vex::competition::competition()
 .text._ZN3vex11competitionD2Ev
                0x0000000003804744        0x4 /Applications/VEXcode V5 Text.app/Contents/Resources/sdk/vexv5/libv5rt.a(vex_competition.cpp.obj)
                0x0000000003804744                vex::competition::~competition()
                0x0000000003804744                vex::competition::~competition()
 .text._ZN3vex11competition10autonomousEPFvvE
                0x0000000003804748       0x44 /Applications/VEXcode V5 Text.app/Contents/Resources/sdk/vexv5/libv5rt.a(vex_competition.cpp.obj)
                0x0000000003804748                vex::competition::autonomous(void (*)())
 .text._ZN3vex11competition13drivercontrolEPFvvE
                0x000000000380478c       0x44 /Applications/VEXcode V5 Text.app/Contents/Resources/sdk/vexv5/libv5rt.a(vex_competition.cpp.obj)
                0x000000000380478c                vex::competition::drivercontrol(void (*)())
 .text._ZN3vex7triport9installedEv
                0x00000000038047d0       0x18 /Applications/VEXcode V5 Text.app/Contents/Resources/sdk/vexv5/libv5rt.a(vex_triport.cpp.obj)
                0x00000000038047d0                vex::triport::installed()
 .text._ZN3vex7triportD2Ev
                0x00000000038047e8       0x38 /Applications/VEXcode V5 Text.app/Contents/Resources/sdk/vexv5/libv5rt.a(vex_triport.cpp.obj)
                0x00000000038047e8                vex::triport::~triport()
                0x00000000038047e8                vex::triport::~triport()
 .text._ZN3vex7triport4portC2ElPS0_
                0x0000000003804820       0x90 /Applications/VEXcode V5 Text.app/Contents/Resources/sdk/vexv5/libv5rt.a(vex_triport.cpp.obj)
                0x0000000003804820                vex::triport::port::port(long, vex::triport*)
                0x0000000003804820                vex::triport::port::port(long, vex::triport*)
 .text._ZN3vex7triportC2El
                0x00000000038048b0       0xf0 /Applications/VEXcode V5 Text.app/Contents/Resources/sdk/vexv5/libv5rt.a(vex_triport.cpp.obj)
                0x00000000038048b0                vex::triport::triport(long)
                0x00000000038048b0                vex::triport::triport(long)
 .text._ZN3vex7triport4port4typeENS_11triportTypeE
                0x00000000038049a0       0x34 /Applications/VEXcode V5 Text.app/Contents/Resources/sdk/vexv5/libv5rt.a(vex_triport.cpp.obj)
                0x00000000038049a0                vex::triport::port::type(vex::triportType)
 .text._ZN3vex7triport4port4typeEv
                0x00000000038049d4       0x38 /Applications/VEXcode V5 Text.app/Contents/Resources/sdk/vexv5/libv5rt.a(vex_triport.cpp.obj)
                0x00000000038049d4                vex::triport::port::type()
 .text._ZN3vex7triport4port5valueEv
                0x0000000003804a0c       0x14 /Applications/VEXcode V5 Text.app/Contents/Resources/sdk/vexv5/libv5rt.a(vex_triport.cpp.obj)
                0x0000000003804a0c                vex::triport::port::value()
 .text._ZN3vex7triport4port8rotationENS_13rotationUnitsE
                0x0000000003804a20       0x40 /Applications/VEXcode V5 Text.app/Contents/Resources/sdk/vexv5/libv5rt.a(vex_triport.cpp.obj)
                0x0000000003804a20                vex::triport::port::rotation(vex::rotationUnits)
 .text._ZN3vex11__trideviceC2ERNS_7triport4portENS_11triportTypeE
                0x0000000003804a60       0x5c /Applications/VEXcode V5 Text.app/Contents/Resources/sdk/vexv5/libv5rt.a(vex_triport.cpp.obj)
                0x0000000003804a60                vex::__tridevice::__tridevice(vex::triport::port&, vex::triportType)
                0x0000000003804a60                vex::__tridevice::__tridevice(vex::triport::port&, vex::triportType)
 .text._ZN3vex6bumperC2ERNS_7triport4portE
                0x0000000003804abc       0x28 /Applications/VEXcode V5 Text.app/Contents/Resources/sdk/vexv5/libv5rt.a(vex_triport.cpp.obj)
                0x0000000003804abc                vex::bumper::bumper(vex::triport::port&)
                0x0000000003804abc                vex::bumper::bumper(vex::triport::port&)
 .text._ZN3vex6bumperD2Ev
                0x0000000003804ae4        0x4 /Applications/VEXcode V5 Text.app/Contents/Resources/sdk/vexv5/libv5rt.a(vex_triport.cpp.obj)
                0x0000000003804ae4                vex::bumper::~bumper()
                0x0000000003804ae4                vex::bumper::~bumper()
 .text._ZN3vex6bumper5valueEv
                0x0000000003804ae8        0x8 /Applications/VEXcode V5 Text.app/Contents/Resources/sdk/vexv5/libv5rt.a(vex_triport.cpp.obj)
                0x0000000003804ae8                vex::bumper::value()
 .text._ZN3vex3potC2ERNS_7triport4portE
                0x0000000003804af0       0x20 /Applications/VEXcode V5 Text.app/Contents/Resources/sdk/vexv5/libv5rt.a(vex_triport.cpp.obj)
                0x0000000003804af0                vex::pot::pot(vex::triport::port&)
                0x0000000003804af0                vex::pot::pot(vex::triport::port&)
 .text._ZN3vex3potD2Ev
                0x0000000003804b10        0x4 /Applications/VEXcode V5 Text.app/Contents/Resources/sdk/vexv5/libv5rt.a(vex_triport.cpp.obj)
                0x0000000003804b10                vex::pot::~pot()
                0x0000000003804b10                vex::pot::~pot()
 .text._ZN3vex7encoderC2ERNS_7triport4portE
                0x0000000003804b14       0x20 /Applications/VEXcode V5 Text.app/Contents/Resources/sdk/vexv5/libv5rt.a(vex_triport.cpp.obj)
                0x0000000003804b14                vex::encoder::encoder(vex::triport::port&)
                0x0000000003804b14                vex::encoder::encoder(vex::triport::port&)
 .text._ZN3vex7encoderD2Ev
                0x0000000003804b34        0x4 /Applications/VEXcode V5 Text.app/Contents/Resources/sdk/vexv5/libv5rt.a(vex_triport.cpp.obj)
                0x0000000003804b34                vex::encoder::~encoder()
                0x0000000003804b34                vex::encoder::~encoder()
 .text._ZN3vex7encoder8rotationENS_13rotationUnitsE
                0x0000000003804b38        0x8 /Applications/VEXcode V5 Text.app/Contents/Resources/sdk/vexv5/libv5rt.a(vex_triport.cpp.obj)
                0x0000000003804b38                vex::encoder::rotation(vex::rotationUnits)
 .text._ZN3vex7encoder8positionENS_13rotationUnitsE
                0x0000000003804b40        0x8 /Applications/VEXcode V5 Text.app/Contents/Resources/sdk/vexv5/libv5rt.a(vex_triport.cpp.obj)
                0x0000000003804b40                vex::encoder::position(vex::rotationUnits)
 .text.startup._GLOBAL__sub_I__ZN3vex7triportC2El
                0x0000000003804b48       0x30 /Applications/VEXcode V5 Text.app/Contents/Resources/sdk/vexv5/libv5rt.a(vex_triport.cpp.obj)
 .text._ZN3vex5colorD2Ev
                0x0000000003804b78        0x4 /Applications/VEXcode V5 Text.app/Contents/Resources/sdk/vexv5/libv5rt.a(vex_color.cpp.obj)
                0x0000000003804b78                vex::color::~color()
                0x0000000003804b78                vex::color::~color()
 .text._ZN3vex5colorC2Ehhh
                0x0000000003804b7c       0x1c /Applications/VEXcode V5 Text.app/Contents/Resources/sdk/vexv5/libv5rt.a(vex_color.cpp.obj)
                0x0000000003804b7c                vex::color::color(unsigned char, unsigned char, unsigned char)
                0x0000000003804b7c                vex::color::color(unsigned char, unsigned char, unsigned char)
 .text._ZNK3vex5colorcvmEv
                0x0000000003804b98        0x8 /Applications/VEXcode V5 Text.app/Contents/Resources/sdk/vexv5/libv5rt.a(vex_color.cpp.obj)
                0x0000000003804b98                vex::color::operator unsigned long() const
 .text._ZNK3vex5color13isTransparentEv
                0x0000000003804ba0        0x8 /Applications/VEXcode V5 Text.app/Contents/Resources/sdk/vexv5/libv5rt.a(vex_color.cpp.obj)
                0x0000000003804ba0                vex::color::isTransparent() const
 .text.startup._GLOBAL__sub_I__ZN3vex5color5blackE
                0x0000000003804ba8      0x164 /Applications/VEXcode V5 Text.app/Contents/Resources/sdk/vexv5/libv5rt.a(vex_color.cpp.obj)
 .text._ZN3vex5timerD2Ev
                0x0000000003804d0c        0x4 /Applications/VEXcode V5 Text.app/Contents/Resources/sdk/vexv5/libv5rt.a(vex_timer.cpp.obj)
                0x0000000003804d0c                vex::timer::~timer()
                0x0000000003804d0c                vex::timer::~timer()
 .text._ZN3vex5timer5clearEv
                0x0000000003804d10       0x1c /Applications/VEXcode V5 Text.app/Contents/Resources/sdk/vexv5/libv5rt.a(vex_timer.cpp.obj)
                0x0000000003804d10                vex::timer::clear()
 .text._ZN3vex5timerC2Ev
                0x0000000003804d2c       0x14 /Applications/VEXcode V5 Text.app/Contents/Resources/sdk/vexv5/libv5rt.a(vex_timer.cpp.obj)
                0x0000000003804d2c                vex::timer::timer()
                0x0000000003804d2c                vex::timer::timer()
 .text._ZN3vex11motor_group18motor_group_motorsC2Ev
                0x0000000003804d40       0x28 /Applications/VEXcode V5 Text.app/Contents/Resources/sdk/vexv5/libv5rt.a(vex_motorgroup.cpp.obj)
                0x0000000003804d40                vex::motor_group::motor_group_motors::motor_group_motors()
                0x0000000003804d40                vex::motor_group::motor_group_motors::motor_group_motors()
 .text._ZN3vex11motor_groupC2Ev
                0x0000000003804d68       0x1c /Applications/VEXcode V5 Text.app/Contents/Resources/sdk/vexv5/libv5rt.a(vex_motorgroup.cpp.obj)
                0x0000000003804d68                vex::motor_group::motor_group()
                0x0000000003804d68                vex::motor_group::motor_group()
 .text._ZN3vex11motor_groupD2Ev
                0x0000000003804d84        0x4 /Applications/VEXcode V5 Text.app/Contents/Resources/sdk/vexv5/libv5rt.a(vex_motorgroup.cpp.obj)
                0x0000000003804d84                vex::motor_group::~motor_group()
                0x0000000003804d84                vex::motor_group::~motor_group()
 .text._ZN3vex11motor_group9_addMotorERNS_5motorE
                0x0000000003804d88       0x24 /Applications/VEXcode V5 Text.app/Contents/Resources/sdk/vexv5/libv5rt.a(vex_motorgroup.cpp.obj)
                0x0000000003804d88                vex::motor_group::_addMotor(vex::motor&)
 .text._ZN3vex11motor_group4spinENS_13directionTypeEdNS_13velocityUnitsE
                0x0000000003804dac       0x54 /Applications/VEXcode V5 Text.app/Contents/Resources/sdk/vexv5/libv5rt.a(vex_motorgroup.cpp.obj)
                0x0000000003804dac                vex::motor_group::spin(vex::directionType, double, vex::velocityUnits)
 .text.vexAdiPortConfigSet
                0x0000000003804e00       0x28 /Applications/VEXcode V5 Text.app/Contents/Resources/sdk/vexv5/libv5rt.a(v5_apiuser.c.obj)
                0x0000000003804e00                vexAdiPortConfigSet
 .text.vexAdiPortConfigGet
                0x0000000003804e28       0x28 /Applications/VEXcode V5 Text.app/Contents/Resources/sdk/vexv5/libv5rt.a(v5_apiuser.c.obj)
                0x0000000003804e28                vexAdiPortConfigGet
 .text.vexAdiValueGet
                0x0000000003804e50       0x20 /Applications/VEXcode V5 Text.app/Contents/Resources/sdk/vexv5/libv5rt.a(v5_apiuser.c.obj)
                0x0000000003804e50                vexAdiValueGet
 .text.vexMotorVelocitySet
                0x0000000003804e70       0x20 /Applications/VEXcode V5 Text.app/Contents/Resources/sdk/vexv5/libv5rt.a(v5_apiuser.c.obj)
                0x0000000003804e70                vexMotorVelocitySet
 .text.vexMotorActualVelocityGet
                0x0000000003804e90       0x24 /Applications/VEXcode V5 Text.app/Contents/Resources/sdk/vexv5/libv5rt.a(v5_apiuser.c.obj)
                0x0000000003804e90                vexMotorActualVelocityGet
 .text.vexMotorZeroPositionFlagGet
                0x0000000003804eb4       0x18 /Applications/VEXcode V5 Text.app/Contents/Resources/sdk/vexv5/libv5rt.a(v5_apiuser.c.obj)
                0x0000000003804eb4                vexMotorZeroPositionFlagGet
 .text.vexMotorReverseFlagSet
                0x0000000003804ecc       0x20 /Applications/VEXcode V5 Text.app/Contents/Resources/sdk/vexv5/libv5rt.a(v5_apiuser.c.obj)
                0x0000000003804ecc                vexMotorReverseFlagSet
 .text.vexMotorEncoderUnitsSet
                0x0000000003804eec       0x20 /Applications/VEXcode V5 Text.app/Contents/Resources/sdk/vexv5/libv5rt.a(v5_apiuser.c.obj)
                0x0000000003804eec                vexMotorEncoderUnitsSet
 .text.vexMotorBrakeModeSet
                0x0000000003804f0c       0x20 /Applications/VEXcode V5 Text.app/Contents/Resources/sdk/vexv5/libv5rt.a(v5_apiuser.c.obj)
                0x0000000003804f0c                vexMotorBrakeModeSet
 .text.vexMotorPositionSet
                0x0000000003804f2c       0x28 /Applications/VEXcode V5 Text.app/Contents/Resources/sdk/vexv5/libv5rt.a(v5_apiuser.c.obj)
                0x0000000003804f2c                vexMotorPositionSet
 .text.vexMotorPositionGet
                0x0000000003804f54       0x24 /Applications/VEXcode V5 Text.app/Contents/Resources/sdk/vexv5/libv5rt.a(v5_apiuser.c.obj)
                0x0000000003804f54                vexMotorPositionGet
 .text.vexMotorAbsoluteTargetSet
                0x0000000003804f78       0x30 /Applications/VEXcode V5 Text.app/Contents/Resources/sdk/vexv5/libv5rt.a(v5_apiuser.c.obj)
                0x0000000003804f78                vexMotorAbsoluteTargetSet
 .text.vexMotorGearingSet
                0x0000000003804fa8       0x20 /Applications/VEXcode V5 Text.app/Contents/Resources/sdk/vexv5/libv5rt.a(v5_apiuser.c.obj)
                0x0000000003804fa8                vexMotorGearingSet
 .text.vexMotorGearingGet
                0x0000000003804fc8       0x18 /Applications/VEXcode V5 Text.app/Contents/Resources/sdk/vexv5/libv5rt.a(v5_apiuser.c.obj)
                0x0000000003804fc8                vexMotorGearingGet
 .text.vexEventMaskSet
                0x0000000003804fe0       0x28 /Applications/VEXcode V5 Text.app/Contents/Resources/sdk/vexv5/libv5rt.a(v5_apiuser.c.obj)
                0x0000000003804fe0                vexEventMaskSet
 .text.vexEventMaskGet
                0x0000000003805008       0x18 /Applications/VEXcode V5 Text.app/Contents/Resources/sdk/vexv5/libv5rt.a(v5_apiuser.c.obj)
                0x0000000003805008                vexEventMaskGet
 .text._ZN3vex6device5valueEv
                0x0000000003805020        0x8 /Applications/VEXcode V5 Text.app/Contents/Resources/sdk/vexv5/libv5rt.a(vex_device.cpp.obj)
                0x0000000003805020                vex::device::value()
 .text._ZN3vex6deviceD2Ev
                0x0000000003805028        0x4 /Applications/VEXcode V5 Text.app/Contents/Resources/sdk/vexv5/libv5rt.a(vex_device.cpp.obj)
                0x0000000003805028                vex::device::~device()
                0x0000000003805028                vex::device::~device()
 .text._ZN3vex6device4initEl
                0x000000000380502c       0x30 /Applications/VEXcode V5 Text.app/Contents/Resources/sdk/vexv5/libv5rt.a(vex_device.cpp.obj)
                0x000000000380502c                vex::device::init(long)
 .text._ZN3vex6deviceC2El
                0x000000000380505c       0x20 /Applications/VEXcode V5 Text.app/Contents/Resources/sdk/vexv5/libv5rt.a(vex_device.cpp.obj)
                0x000000000380505c                vex::device::device(long)
                0x000000000380505c                vex::device::device(long)
 .text._ZN3vex6device4typeEv
                0x000000000380507c       0x10 /Applications/VEXcode V5 Text.app/Contents/Resources/sdk/vexv5/libv5rt.a(vex_device.cpp.obj)
                0x000000000380507c                vex::device::type()
 .text._ZN3vex6device9installedEv
                0x000000000380508c       0x14 /Applications/VEXcode V5 Text.app/Contents/Resources/sdk/vexv5/libv5rt.a(vex_device.cpp.obj)
                0x000000000380508c                vex::device::installed()
 .text._ZN3vex4taskC2EPFivE
                0x00000000038050a0       0x54 /Applications/VEXcode V5 Text.app/Contents/Resources/sdk/vexv5/libv5rt.a(vex_task.cpp.obj)
                0x00000000038050a0                vex::task::task(int (*)())
                0x00000000038050a0                vex::task::task(int (*)())
 .text._ZN3vex4taskD2Ev
                0x00000000038050f4        0x4 /Applications/VEXcode V5 Text.app/Contents/Resources/sdk/vexv5/libv5rt.a(vex_task.cpp.obj)
                0x00000000038050f4                vex::task::~task()
                0x00000000038050f4                vex::task::~task()
 .text._ZN3vex4task4stopEPFivE
                0x00000000038050f8        0xc /Applications/VEXcode V5 Text.app/Contents/Resources/sdk/vexv5/libv5rt.a(vex_task.cpp.obj)
                0x00000000038050f8                vex::task::stop(int (*)())
 .text._ZN3vex4task6_indexEPFivE
                0x0000000003805104       0x14 /Applications/VEXcode V5 Text.app/Contents/Resources/sdk/vexv5/libv5rt.a(vex_task.cpp.obj)
                0x0000000003805104                vex::task::_index(int (*)())
 .text._ZN3vex4task8_stopAllEv
                0x0000000003805118       0x3c /Applications/VEXcode V5 Text.app/Contents/Resources/sdk/vexv5/libv5rt.a(vex_task.cpp.obj)
                0x0000000003805118                vex::task::_stopAll()
 .text.__libc_fini_array
                0x0000000003805154       0x30 /Applications/VEXcode V5 Text.app/Contents/Resources/sdk/vexv5/gcc/libs/libc.a(lib_a-fini.o)
                0x0000000003805154                __libc_fini_array
 .text.__libc_init_array
                0x0000000003805184       0x58 /Applications/VEXcode V5 Text.app/Contents/Resources/sdk/vexv5/gcc/libs/libc.a(lib_a-init.o)
                0x0000000003805184                __libc_init_array
 *fill*         0x00000000038051dc        0x4 
 .text.__libc_init_array.__stub
                0x00000000038051e0       0x18 linker stubs
 *(.gnu.linkonce.t.*)
 *(.plt)
 *(.gnu_warning)
 *(.gcc_except_table)
 *(.glue_7)
 .glue_7        0x00000000038051f8        0x0 linker stubs
 *(.glue_7t)
 .glue_7t       0x00000000038051f8        0x0 linker stubs
 *(.vfp11_veneer)
 .vfp11_veneer  0x00000000038051f8        0x0 linker stubs
 *(.ARM.extab)
 *(.gnu.linkonce.armextab.*)

.v4_bx          0x00000000038051f8        0x0
 .v4_bx         0x00000000038051f8        0x0 linker stubs

.iplt           0x00000000038051f8        0x0
 .iplt          0x00000000038051f8        0x0 build/src/main.o

.init
 *(.init)

.fini
 *(.fini)

.rodata         0x00000000038051f8      0x180
                0x00000000038051f8                __rodata_start = .
 *(.rodata)
 *(.rodata.*)
 .rodata.str1.1
                0x00000000038051f8       0x59 build/src/main.o
                                         0x5a (size before relaxing)
 .rodata.str1.1
                0x0000000003805251       0x1b build/src/AutomatedTasks/screenfunctions.o
 .rodata.str1.1
                0x000000000380526c       0x2e /Applications/VEXcode V5 Text.app/Contents/Resources/sdk/vexv5/libv5rt.a(v5_startup.c.obj)
 *fill*         0x000000000380529a        0x2 
 .rodata._ZN3vex3redE
                0x000000000380529c        0x4 /Applications/VEXcode V5 Text.app/Contents/Resources/sdk/vexv5/libv5rt.a(vex_global.cpp.obj)
                0x000000000380529c                vex::red
 .rodata._ZN3vex5PORT3E
                0x00000000038052a0        0x4 /Applications/VEXcode V5 Text.app/Contents/Resources/sdk/vexv5/libv5rt.a(vex_global.cpp.obj)
                0x00000000038052a0                vex::PORT3
 .rodata._ZN3vex5PORT1E
                0x00000000038052a4        0x4 /Applications/VEXcode V5 Text.app/Contents/Resources/sdk/vexv5/libv5rt.a(vex_global.cpp.obj)
                0x00000000038052a4                vex::PORT1
 .rodata._ZN3vex5PORT5E
                0x00000000038052a8        0x4 /Applications/VEXcode V5 Text.app/Contents/Resources/sdk/vexv5/libv5rt.a(vex_global.cpp.obj)
                0x00000000038052a8                vex::PORT5
 .rodata._ZN3vex5PORT7E
                0x00000000038052ac        0x4 /Applications/VEXcode V5 Text.app/Contents/Resources/sdk/vexv5/libv5rt.a(vex_global.cpp.obj)
                0x00000000038052ac                vex::PORT7
 .rodata._ZN3vex5whiteE
                0x00000000038052b0        0x4 /Applications/VEXcode V5 Text.app/Contents/Resources/sdk/vexv5/libv5rt.a(vex_global.cpp.obj)
                0x00000000038052b0                vex::white
 .rodata._ZN3vex5PORT6E
                0x00000000038052b4        0x4 /Applications/VEXcode V5 Text.app/Contents/Resources/sdk/vexv5/libv5rt.a(vex_global.cpp.obj)
                0x00000000038052b4                vex::PORT6
 .rodata._ZN3vex5PORT2E
                0x00000000038052b8        0x4 /Applications/VEXcode V5 Text.app/Contents/Resources/sdk/vexv5/libv5rt.a(vex_global.cpp.obj)
                0x00000000038052b8                vex::PORT2
 .rodata._ZN3vex6PORT22E
                0x00000000038052bc        0x4 /Applications/VEXcode V5 Text.app/Contents/Resources/sdk/vexv5/libv5rt.a(vex_global.cpp.obj)
                0x00000000038052bc                vex::PORT22
 .rodata._ZN3vex5PORT4E
                0x00000000038052c0        0x4 /Applications/VEXcode V5 Text.app/Contents/Resources/sdk/vexv5/libv5rt.a(vex_global.cpp.obj)
                0x00000000038052c0                vex::PORT4
 .rodata._ZN3vex5PORT8E
                0x00000000038052c4        0x4 /Applications/VEXcode V5 Text.app/Contents/Resources/sdk/vexv5/libv5rt.a(vex_global.cpp.obj)
                0x00000000038052c4                vex::PORT8
 .rodata._ZTVN3vex5motorE
                0x00000000038052c8       0x10 /Applications/VEXcode V5 Text.app/Contents/Resources/sdk/vexv5/libv5rt.a(vex_motor.cpp.obj)
                0x00000000038052c8                vtable for vex::motor
 .rodata.CSWTCH.15
                0x00000000038052d8        0xb /Applications/VEXcode V5 Text.app/Contents/Resources/sdk/vexv5/libv5rt.a(vex_controller.cpp.obj)
 .rodata.CSWTCH.17
                0x00000000038052e3        0xb /Applications/VEXcode V5 Text.app/Contents/Resources/sdk/vexv5/libv5rt.a(vex_controller.cpp.obj)
 .rodata.CSWTCH.23
                0x00000000038052ee        0x3 /Applications/VEXcode V5 Text.app/Contents/Resources/sdk/vexv5/libv5rt.a(vex_controller.cpp.obj)
 .rodata.str1.1
                0x00000000038052f1        0xa /Applications/VEXcode V5 Text.app/Contents/Resources/sdk/vexv5/libv5rt.a(vex_thread.cpp.obj)
 .rodata.str1.1
                0x00000000038052fb       0x2b /Applications/VEXcode V5 Text.app/Contents/Resources/sdk/vexv5/libv5rt.a(vex_brain.cpp.obj)
 *fill*         0x0000000003805326        0x2 
 .rodata._ZTVN3vex7triportE
                0x0000000003805328       0x10 /Applications/VEXcode V5 Text.app/Contents/Resources/sdk/vexv5/libv5rt.a(vex_triport.cpp.obj)
                0x0000000003805328                vtable for vex::triport
 .rodata.CSWTCH.26
                0x0000000003805338        0xe /Applications/VEXcode V5 Text.app/Contents/Resources/sdk/vexv5/libv5rt.a(vex_triport.cpp.obj)
 .rodata.CSWTCH.31
                0x0000000003805346       0x10 /Applications/VEXcode V5 Text.app/Contents/Resources/sdk/vexv5/libv5rt.a(vex_triport.cpp.obj)
 *fill*         0x0000000003805356        0x2 
 .rodata._ZTVN3vex6deviceE
                0x0000000003805358       0x10 /Applications/VEXcode V5 Text.app/Contents/Resources/sdk/vexv5/libv5rt.a(vex_device.cpp.obj)
                0x0000000003805358                vtable for vex::device
 .rodata.str1.1
                0x0000000003805368        0xa /Applications/VEXcode V5 Text.app/Contents/Resources/sdk/vexv5/libv5rt.a(vex_task.cpp.obj)
 *fill*         0x0000000003805372        0x2 
 .rodata.str1.4
                0x0000000003805374        0x4 /Applications/VEXcode V5 Text.app/Contents/Resources/sdk/vexv5/gcc/libs/libc.a(lib_a-impure.o)
                                          0x2 (size before relaxing)
 *(.gnu.linkonce.r.*)
                0x0000000003805378                __rodata_end = .

.rodata1        0x0000000003805378        0x0
                0x0000000003805378                __rodata1_start = .
 *(.rodata1)
 *(.rodata1.*)
                0x0000000003805378                __rodata1_end = .

.sdata2         0x0000000003805378        0x0
                0x0000000003805378                __sdata2_start = .
 *(.sdata2)
 *(.sdata2.*)
 *(.gnu.linkonce.s2.*)
                0x0000000003805378                __sdata2_end = .

.sbss2          0x0000000003805378        0x0
                0x0000000003805378                __sbss2_start = .
 *(.sbss2)
 *(.sbss2.*)
 *(.gnu.linkonce.sb2.*)
                0x0000000003805378                __sbss2_end = .

.data           0x0000000003805378      0x45c
                0x0000000003805378                __data_start = .
 *(.data)
 *(.data.*)
 .data.aselection
                0x0000000003805378        0x4 build/src/main.o
                0x0000000003805378                aselection
 .data.armout   0x000000000380537c        0x4 build/src/main.o
                0x000000000380537c                armout
 .data.armrelease
                0x0000000003805380        0x4 build/src/main.o
                0x0000000003805380                armrelease
 .data.xplace   0x0000000003805384        0x4 build/src/main.o
                0x0000000003805384                xplace
 .data.appRunning
                0x0000000003805388        0x4 /Applications/VEXcode V5 Text.app/Contents/Resources/sdk/vexv5/libv5rt.a(v5_startup.c.obj)
                0x0000000003805388                appRunning
 .data.__yoff   0x000000000380538c        0x4 /Applications/VEXcode V5 Text.app/Contents/Resources/sdk/vexv5/libv5rt.a(v5_apijump.c.obj)
 .data._ZN3vex7partnerE
                0x0000000003805390        0x4 /Applications/VEXcode V5 Text.app/Contents/Resources/sdk/vexv5/libv5rt.a(vex_global.cpp.obj)
                0x0000000003805390                vex::partner
 .data._ZN3vex9ratio18_1E
                0x0000000003805394        0x4 /Applications/VEXcode V5 Text.app/Contents/Resources/sdk/vexv5/libv5rt.a(vex_global.cpp.obj)
                0x0000000003805394                vex::ratio18_1
 .data._ZN3vex5turnsE
                0x0000000003805398        0x4 /Applications/VEXcode V5 Text.app/Contents/Resources/sdk/vexv5/libv5rt.a(vex_global.cpp.obj)
                0x0000000003805398                vex::turns
 .data._ZN3vex3revE
                0x000000000380539c        0x4 /Applications/VEXcode V5 Text.app/Contents/Resources/sdk/vexv5/libv5rt.a(vex_global.cpp.obj)
                0x000000000380539c                vex::rev
 .data._ZN3vex4msecE
                0x00000000038053a0        0x4 /Applications/VEXcode V5 Text.app/Contents/Resources/sdk/vexv5/libv5rt.a(vex_global.cpp.obj)
                0x00000000038053a0                vex::msec
 .data._ZN3vex24__default_motor_velocityE
                0x00000000038053a4        0x4 /Applications/VEXcode V5 Text.app/Contents/Resources/sdk/vexv5/libv5rt.a(vex_motor.cpp.obj)
                0x00000000038053a4                vex::__default_motor_velocity
 .data.impure_data
                0x00000000038053a8      0x428 /Applications/VEXcode V5 Text.app/Contents/Resources/sdk/vexv5/gcc/libs/libc.a(lib_a-impure.o)
 .data._impure_ptr
                0x00000000038057d0        0x4 /Applications/VEXcode V5 Text.app/Contents/Resources/sdk/vexv5/gcc/libs/libc.a(lib_a-impure.o)
                0x00000000038057d0                _impure_ptr
 *(.gnu.linkonce.d.*)
 *(.jcr)
 *(.got)
 *(.got.plt)
                0x00000000038057d4                __data_end = .

.igot.plt       0x00000000038057d4        0x0
 .igot.plt      0x00000000038057d4        0x0 build/src/main.o

.data1          0x00000000038057d4        0x0
                0x00000000038057d4                __data1_start = .
 *(.data1)
 *(.data1.*)
                0x00000000038057d4                __data1_end = .

.got
 *(.got)

.ctors          0x00000000038057d4        0x0
                0x00000000038057d4                __CTOR_LIST__ = .
                0x00000000038057d4                ___CTORS_LIST___ = .
 *crtbegin.o(.ctors)
 *(EXCLUDE_FILE(*crtend.o) .ctors)
 *(SORT_BY_NAME(.ctors.*))
 *(.ctors)
                0x00000000038057d4                __CTOR_END__ = .
                0x00000000038057d4                ___CTORS_END___ = .

.dtors          0x00000000038057d4        0x0
                0x00000000038057d4                __DTOR_LIST__ = .
                0x00000000038057d4                ___DTORS_LIST___ = .
 *crtbegin.o(.dtors)
 *(EXCLUDE_FILE(*crtend.o) .dtors)
 *(SORT_BY_NAME(.dtors.*))
 *(.dtors)
                0x00000000038057d4                __DTOR_END__ = .
                0x00000000038057d4                ___DTORS_END___ = .

.fixup          0x00000000038057d4        0x0
                0x00000000038057d4                __fixup_start = .
 *(.fixup)
                0x00000000038057d4                __fixup_end = .

.eh_frame
 *(.eh_frame)

.eh_framehdr    0x00000000038057d4        0x0
                0x00000000038057d4                __eh_framehdr_start = .
 *(.eh_framehdr)
                0x00000000038057d4                __eh_framehdr_end = .

.gcc_except_table
 *(.gcc_except_table)

.mmu_tbl        0x0000000003808000        0x0
                0x0000000003808000                __mmu_tbl_start = .
 *(.mmu_tbl)
                0x0000000003808000                __mmu_tbl_end = .

.ARM.exidx      0x00000000038057d4        0x8
                0x00000000038057d4                __exidx_start = .
 *(.ARM.exidx*)
 .ARM.exidx.text._Z10insertTextSsiiii
                0x00000000038057d4        0x8 build/src/main.o
 .ARM.exidx.text._ZN9lcdButtonC2EiiiiSsi
                0x00000000038057dc        0x0 build/src/main.o
                                          0x8 (size before relaxing)
 .ARM.exidx.text._ZN9lcdButtonD2Ev
                0x00000000038057dc        0x0 build/src/main.o
                                          0x8 (size before relaxing)
 .ARM.exidx.text._ZN9lcdButtonC2EiiiiSs
                0x00000000038057dc        0x0 build/src/main.o
                                          0x8 (size before relaxing)
 .ARM.exidx.text._Z12drawTonomousv
                0x00000000038057dc        0x0 build/src/main.o
                                          0x8 (size before relaxing)
 .ARM.exidx.text._ZN9lcdButton4drawEv
                0x00000000038057dc        0x0 build/src/main.o
                                          0x8 (size before relaxing)
 .ARM.exidx.text._Z9pre_autonv
                0x00000000038057dc        0x0 build/src/main.o
                                          0x8 (size before relaxing)
 .ARM.exidx.text._ZN9lcdButton8pressingEv
                0x00000000038057dc        0x0 build/src/main.o
                                          0x8 (size before relaxing)
 .ARM.exidx.text._Z10autonomousv
                0x00000000038057dc        0x0 build/src/main.o
                                          0x8 (size before relaxing)
 .ARM.exidx.text._Z11usercontrolv
                0x00000000038057dc        0x0 build/src/main.o
                                          0x8 (size before relaxing)
 .ARM.exidx.text.main
                0x00000000038057dc        0x0 build/src/main.o
                                          0x8 (size before relaxing)
 .ARM.exidx.text._GLOBAL__sub_I_main.cpp
                0x00000000038057dc        0x0 build/src/main.o
                                          0x8 (size before relaxing)
 .ARM.exidx.text._GLOBAL__sub_I_robot_config.cpp
                0x00000000038057dc        0x0 build/src/robot-config.o
                                          0x8 (size before relaxing)
 .ARM.exidx.text._Z11alwaysStackv
                0x00000000038057dc        0x0 build/src/AutomatedTasks/autostack.o
                                          0x8 (size before relaxing)
 .ARM.exidx.text._Z10cascadeposv
                0x00000000038057dc        0x0 build/src/AutomatedTasks/cascadepos.o
                                          0x8 (size before relaxing)
 .ARM.exidx.text._Z11cascadeHoldv
                0x00000000038057dc        0x0 build/src/AutomatedTasks/cascadepos.o
                                          0x8 (size before relaxing)
 .ARM.exidx.text._Z11inchesToDegd
                0x00000000038057dc        0x0 build/src/AutomatedTasks/drivePID.o
                                          0x8 (size before relaxing)
 .ARM.exidx.text._Z13drivestraighti
                0x00000000038057dc        0x0 build/src/AutomatedTasks/drivePID.o
                                          0x8 (size before relaxing)
 .ARM.exidx.text._Z9driveturni
                0x00000000038057dc        0x0 build/src/AutomatedTasks/drivePID.o
                                          0x8 (size before relaxing)
 .ARM.exidx.text._Z9basicPlotv
                0x00000000038057dc        0x0 build/src/AutomatedTasks/screenfunctions.o
                                          0x8 (size before relaxing)
 .ARM.exidx.text._Z11screenflashv
                0x00000000038057dc        0x0 build/src/AutomatedTasks/screenfunctions.o
                                          0x8 (size before relaxing)
 .ARM.exidx.text._Z5Blue4v
                0x00000000038057dc        0x0 build/src/Autonomous/Blue4.o
                                          0x8 (size before relaxing)
 .ARM.exidx.text._Z7Bluerunv
                0x00000000038057dc        0x0 build/src/Autonomous/BlueRun.o
                                          0x8 (size before relaxing)
 .ARM.exidx.text._Z4Red4v
                0x00000000038057dc        0x0 build/src/Autonomous/Red4.o
                                          0x8 (size before relaxing)
 .ARM.exidx.text._Z6Redrunv
                0x00000000038057dc        0x0 build/src/Autonomous/RedRun.o
                                          0x8 (size before relaxing)
 *(.gnu.linkonce.armexidix.*.*)
                0x00000000038057dc                __exidx_end = .

.rel.dyn        0x00000000038057dc        0x0
 .rel.iplt      0x00000000038057dc        0x0 build/src/main.o

.preinit_array  0x00000000038057dc        0x0
                0x00000000038057dc                __preinit_array_start = .
 *(SORT_BY_NAME(.preinit_array.*))
 *(.preinit_array)
                0x00000000038057dc                __preinit_array_end = .

.init_array     0x00000000038057dc       0x10
                0x00000000038057dc                __init_array_start = .
 *(SORT_BY_NAME(.init_array.*))
 *(.init_array)
 .init_array    0x00000000038057dc        0x4 build/src/main.o
 .init_array    0x00000000038057e0        0x4 build/src/robot-config.o
 .init_array    0x00000000038057e4        0x4 /Applications/VEXcode V5 Text.app/Contents/Resources/sdk/vexv5/libv5rt.a(vex_triport.cpp.obj)
 .init_array    0x00000000038057e8        0x4 /Applications/VEXcode V5 Text.app/Contents/Resources/sdk/vexv5/libv5rt.a(vex_color.cpp.obj)
                0x00000000038057ec                __init_array_end = .

.fini_array     0x00000000038057ec        0x0
                0x00000000038057ec                __fini_array_start = .
 *(SORT_BY_NAME(.fini_array.*))
 *(.fini_array)
                0x00000000038057ec                __fini_array_end = .

.ARM.attributes
                0x00000000038057ec       0x3c
                0x00000000038057ec                __ARM.attributes_start = .
 *(.ARM.attributes)
 .ARM.attributes
                0x00000000038057ec       0x3a build/src/main.o
 .ARM.attributes
                0x0000000003805826       0x3a build/src/robot-config.o
 .ARM.attributes
                0x0000000003805860       0x3a build/src/AutomatedTasks/autostack.o
 .ARM.attributes
                0x000000000380589a       0x3a build/src/AutomatedTasks/cascadepos.o
 .ARM.attributes
                0x00000000038058d4       0x3a build/src/AutomatedTasks/drivePID.o
 .ARM.attributes
                0x000000000380590e       0x3a build/src/AutomatedTasks/screenfunctions.o
 .ARM.attributes
                0x0000000003805948       0x3a build/src/Autonomous/Blue4.o
 .ARM.attributes
                0x0000000003805982       0x3a build/src/Autonomous/BlueRun.o
 .ARM.attributes
                0x00000000038059bc       0x3a build/src/Autonomous/Red4.o
 .ARM.attributes
                0x00000000038059f6       0x3a build/src/Autonomous/RedRun.o
 .ARM.attributes
                0x0000000003805a30       0x35 /Applications/VEXcode V5 Text.app/Contents/Resources/sdk/vexv5/libv5rt.a(v5_startup.c.obj)
 .ARM.attributes
                0x0000000003805a65       0x35 /Applications/VEXcode V5 Text.app/Contents/Resources/sdk/vexv5/libv5rt.a(v5_util.c.obj)
 .ARM.attributes
                0x0000000003805a9a       0x35 /Applications/VEXcode V5 Text.app/Contents/Resources/sdk/vexv5/libv5rt.a(v5_apijump.c.obj)
 .ARM.attributes
                0x0000000003805acf       0x35 /Applications/VEXcode V5 Text.app/Contents/Resources/sdk/vexv5/libv5rt.a(v5_apiversions.c.obj)
 .ARM.attributes
                0x0000000003805b04       0x35 /Applications/VEXcode V5 Text.app/Contents/Resources/sdk/vexv5/libv5rt.a(vex_global.cpp.obj)
 .ARM.attributes
                0x0000000003805b39       0x35 /Applications/VEXcode V5 Text.app/Contents/Resources/sdk/vexv5/libv5rt.a(vex_motor.cpp.obj)
 .ARM.attributes
                0x0000000003805b6e       0x35 /Applications/VEXcode V5 Text.app/Contents/Resources/sdk/vexv5/libv5rt.a(vex_controller.cpp.obj)
 .ARM.attributes
                0x0000000003805ba3       0x35 /Applications/VEXcode V5 Text.app/Contents/Resources/sdk/vexv5/libv5rt.a(vex_thread.cpp.obj)
 .ARM.attributes
                0x0000000003805bd8       0x35 /Applications/VEXcode V5 Text.app/Contents/Resources/sdk/vexv5/libv5rt.a(vex_event.cpp.obj)
 .ARM.attributes
                0x0000000003805c0d       0x35 /Applications/VEXcode V5 Text.app/Contents/Resources/sdk/vexv5/libv5rt.a(vex_mevent.cpp.obj)
 .ARM.attributes
                0x0000000003805c42       0x35 /Applications/VEXcode V5 Text.app/Contents/Resources/sdk/vexv5/libv5rt.a(vex_brain.cpp.obj)
 .ARM.attributes
                0x0000000003805c77       0x35 /Applications/VEXcode V5 Text.app/Contents/Resources/sdk/vexv5/libv5rt.a(vex_competition.cpp.obj)
 .ARM.attributes
                0x0000000003805cac       0x35 /Applications/VEXcode V5 Text.app/Contents/Resources/sdk/vexv5/libv5rt.a(vex_triport.cpp.obj)
 .ARM.attributes
                0x0000000003805ce1       0x35 /Applications/VEXcode V5 Text.app/Contents/Resources/sdk/vexv5/libv5rt.a(vex_color.cpp.obj)
 .ARM.attributes
                0x0000000003805d16       0x35 /Applications/VEXcode V5 Text.app/Contents/Resources/sdk/vexv5/libv5rt.a(vex_timer.cpp.obj)
 .ARM.attributes
                0x0000000003805d4b       0x35 /Applications/VEXcode V5 Text.app/Contents/Resources/sdk/vexv5/libv5rt.a(vex_motorgroup.cpp.obj)
 .ARM.attributes
                0x0000000003805d80       0x35 /Applications/VEXcode V5 Text.app/Contents/Resources/sdk/vexv5/libv5rt.a(v5_apiuser.c.obj)
 .ARM.attributes
                0x0000000003805db5       0x35 /Applications/VEXcode V5 Text.app/Contents/Resources/sdk/vexv5/libv5rt.a(vex_device.cpp.obj)
 .ARM.attributes
                0x0000000003805dea       0x35 /Applications/VEXcode V5 Text.app/Contents/Resources/sdk/vexv5/libv5rt.a(vex_task.cpp.obj)
 .ARM.attributes
                0x0000000003805e1f       0x2b /Applications/VEXcode V5 Text.app/Contents/Resources/sdk/vexv5/gcc/libs/libc.a(lib_a-fini.o)
 .ARM.attributes
                0x0000000003805e4a       0x2b /Applications/VEXcode V5 Text.app/Contents/Resources/sdk/vexv5/gcc/libs/libc.a(lib_a-impure.o)
 .ARM.attributes
                0x0000000003805e75       0x2b /Applications/VEXcode V5 Text.app/Contents/Resources/sdk/vexv5/gcc/libs/libc.a(lib_a-init.o)
                0x0000000003805ea0                __ARM.attributes_end = .

.sdata          0x00000000038057ec        0x0
                0x00000000038057ec                __sdata_start = .
 *(.sdata)
 *(.sdata.*)
 *(.gnu.linkonce.s.*)
                0x00000000038057ec                __sdata_end = .

.sbss           0x00000000038057ec        0x0
                0x00000000038057ec                __sbss_start = .
 *(.sbss)
 *(.sbss.*)
 *(.gnu.linkonce.sb.*)
                0x00000000038057ec                __sbss_end = .

.tdata          0x00000000038057ec        0x0
                0x00000000038057ec                __tdata_start = .
 *(.tdata)
 *(.tdata.*)
 *(.gnu.linkonce.td.*)
                0x00000000038057ec                __tdata_end = .

.tbss           0x00000000038057ec        0x0
                0x00000000038057ec                __tbss_start = .
 *(.tbss)
 *(.tbss.*)
 *(.gnu.linkonce.tb.*)
                0x00000000038057ec                __tbss_end = .

.bss            0x00000000038057f0      0xad9
                0x00000000038057f0                __bss_start = .
 *(.bss)
 *(.bss.*)
 .bss.nextId    0x00000000038057f0        0x4 build/src/main.o
                0x00000000038057f0                nextId
 .bss.Competition
                0x00000000038057f4       0x28 build/src/main.o
                0x00000000038057f4                Competition
 .bss.LiftMotors
                0x000000000380581c       0x48 build/src/main.o
                0x000000000380581c                LiftMotors
 *fill*         0x0000000003805864        0x4 
 .bss.leftpower
                0x0000000003805868        0x8 build/src/main.o
                0x0000000003805868                leftpower
 .bss.rightpower
                0x0000000003805870        0x8 build/src/main.o
                0x0000000003805870                rightpower
 .bss.CascadeRunning
                0x0000000003805878        0x1 build/src/main.o
                0x0000000003805878                CascadeRunning
 .bss.interrupted
                0x0000000003805879        0x1 build/src/main.o
                0x0000000003805879                interrupted
 *fill*         0x000000000380587a        0x6 
 .bss.holdTarget
                0x0000000003805880        0x8 build/src/main.o
                0x0000000003805880                holdTarget
 .bss.IntakeAuto
                0x0000000003805888        0x1 build/src/main.o
                0x0000000003805888                IntakeAuto
 .bss.StackerRunning
                0x0000000003805889        0x1 build/src/main.o
                0x0000000003805889                StackerRunning
 *fill*         0x000000000380588a        0x2 
 .bss.ColorChosen
                0x000000000380588c        0x4 build/src/main.o
                0x000000000380588c                ColorChosen
 .bss.redButton
                0x0000000003805890       0x2c build/src/main.o
                0x0000000003805890                redButton
 .bss.blueButton
                0x00000000038058bc       0x2c build/src/main.o
                0x00000000038058bc                blueButton
 .bss.confirm   0x00000000038058e8       0x2c build/src/main.o
                0x00000000038058e8                confirm
 .bss.none      0x0000000003805914       0x2c build/src/main.o
                0x0000000003805914                none
 .bss.redrun    0x0000000003805940       0x2c build/src/main.o
                0x0000000003805940                redrun
 .bss.red4      0x000000000380596c       0x2c build/src/main.o
                0x000000000380596c                red4
 .bss.bluerun   0x0000000003805998       0x2c build/src/main.o
                0x0000000003805998                bluerun
 .bss.blue4     0x00000000038059c4       0x2c build/src/main.o
                0x00000000038059c4                blue4
 .bss.Brain     0x00000000038059f0      0x2dc build/src/robot-config.o
                0x00000000038059f0                Brain
 .bss.Controller1
                0x0000000003805ccc      0x1e0 build/src/robot-config.o
                0x0000000003805ccc                Controller1
 .bss.Controller2
                0x0000000003805eac      0x1e0 build/src/robot-config.o
                0x0000000003805eac                Controller2
 .bss.LeftBackMotor
                0x000000000380608c       0x24 build/src/robot-config.o
                0x000000000380608c                LeftBackMotor
 .bss.RightBackMotor
                0x00000000038060b0       0x24 build/src/robot-config.o
                0x00000000038060b0                RightBackMotor
 .bss.LeftFrontMotor
                0x00000000038060d4       0x24 build/src/robot-config.o
                0x00000000038060d4                LeftFrontMotor
 .bss.RightFrontMotor
                0x00000000038060f8       0x24 build/src/robot-config.o
                0x00000000038060f8                RightFrontMotor
 .bss.LiftMotor
                0x000000000380611c       0x24 build/src/robot-config.o
                0x000000000380611c                LiftMotor
 .bss.ArmMotor  0x0000000003806140       0x24 build/src/robot-config.o
                0x0000000003806140                ArmMotor
 .bss.IntakeMotor
                0x0000000003806164       0x24 build/src/robot-config.o
                0x0000000003806164                IntakeMotor
 .bss.LiftMotor2
                0x0000000003806188       0x24 build/src/robot-config.o
                0x0000000003806188                LiftMotor2
 .bss.LeftQuad  0x00000000038061ac       0x1c build/src/robot-config.o
                0x00000000038061ac                LeftQuad
 .bss.RightQuad
                0x00000000038061c8       0x1c build/src/robot-config.o
                0x00000000038061c8                RightQuad
 .bss.BackQuad  0x00000000038061e4       0x1c build/src/robot-config.o
                0x00000000038061e4                BackQuad
 .bss.StackBumper
                0x0000000003806200       0x20 build/src/robot-config.o
                0x0000000003806200                StackBumper
 .bss.BarPot    0x0000000003806220       0x1c build/src/robot-config.o
                0x0000000003806220                BarPot
 *fill*         0x000000000380623c        0x4 
 .bss.LiftTarget
                0x0000000003806240        0x8 build/src/AutomatedTasks/cascadepos.o
                0x0000000003806240                LiftTarget
 .bss.__dso_handle
                0x0000000003806248        0x4 /Applications/VEXcode V5 Text.app/Contents/Resources/sdk/vexv5/libv5rt.a(v5_startup.c.obj)
                0x0000000003806248                __dso_handle
 .bss._ZN3vex7primaryE
                0x000000000380624c        0x4 /Applications/VEXcode V5 Text.app/Contents/Resources/sdk/vexv5/libv5rt.a(vex_global.cpp.obj)
                0x000000000380624c                vex::primary
 .bss._ZN3vex7forwardE
                0x0000000003806250        0x4 /Applications/VEXcode V5 Text.app/Contents/Resources/sdk/vexv5/libv5rt.a(vex_global.cpp.obj)
                0x0000000003806250                vex::forward
 .bss._ZN3vex7degreesE
                0x0000000003806254        0x4 /Applications/VEXcode V5 Text.app/Contents/Resources/sdk/vexv5/libv5rt.a(vex_global.cpp.obj)
                0x0000000003806254                vex::degrees
 .bss._ZN3vex3pctE
                0x0000000003806258        0x4 /Applications/VEXcode V5 Text.app/Contents/Resources/sdk/vexv5/libv5rt.a(vex_global.cpp.obj)
                0x0000000003806258                vex::pct
 .bss._ZN3vex3degE
                0x000000000380625c        0x4 /Applications/VEXcode V5 Text.app/Contents/Resources/sdk/vexv5/libv5rt.a(vex_global.cpp.obj)
                0x000000000380625c                vex::deg
 .bss._ZN3vex6thread8_labelIdE
                0x0000000003806260        0x4 /Applications/VEXcode V5 Text.app/Contents/Resources/sdk/vexv5/libv5rt.a(vex_thread.cpp.obj)
                0x0000000003806260                vex::thread::_labelId
 .bss._ZN3vex11competition22bStopTasksBetweenModesE
                0x0000000003806264        0x1 /Applications/VEXcode V5 Text.app/Contents/Resources/sdk/vexv5/libv5rt.a(vex_competition.cpp.obj)
                0x0000000003806264                vex::competition::bStopTasksBetweenModes
 .bss._ZN3vex11competition25bStopAllTasksBetweenModesE
                0x0000000003806265        0x1 /Applications/VEXcode V5 Text.app/Contents/Resources/sdk/vexv5/libv5rt.a(vex_competition.cpp.obj)
                0x0000000003806265                vex::competition::bStopAllTasksBetweenModes
 .bss._ZN3vex11competition14_auton_pendingE
                0x0000000003806266        0x1 /Applications/VEXcode V5 Text.app/Contents/Resources/sdk/vexv5/libv5rt.a(vex_competition.cpp.obj)
                0x0000000003806266                vex::competition::_auton_pending
 *fill*         0x0000000003806267        0x1 
 .bss._ZN3vex11competition20_autonomous_callbackE
                0x0000000003806268        0x4 /Applications/VEXcode V5 Text.app/Contents/Resources/sdk/vexv5/libv5rt.a(vex_competition.cpp.obj)
                0x0000000003806268                vex::competition::_autonomous_callback
 .bss._ZN3vex11competition23_drivercontrol_callbackE
                0x000000000380626c        0x4 /Applications/VEXcode V5 Text.app/Contents/Resources/sdk/vexv5/libv5rt.a(vex_competition.cpp.obj)
                0x000000000380626c                vex::competition::_drivercontrol_callback
 .bss._ZN3vex11competition15_driver_pendingE
                0x0000000003806270        0x1 /Applications/VEXcode V5 Text.app/Contents/Resources/sdk/vexv5/libv5rt.a(vex_competition.cpp.obj)
                0x0000000003806270                vex::competition::_driver_pending
 .bss._ZStL8__ioinit
                0x0000000003806271        0x1 /Applications/VEXcode V5 Text.app/Contents/Resources/sdk/vexv5/libv5rt.a(vex_triport.cpp.obj)
 *fill*         0x0000000003806272        0x2 
 .bss._ZN3vex5color6orangeE
                0x0000000003806274        0x8 /Applications/VEXcode V5 Text.app/Contents/Resources/sdk/vexv5/libv5rt.a(vex_color.cpp.obj)
                0x0000000003806274                vex::color::orange
 .bss._ZN3vex5color5blackE
                0x000000000380627c        0x8 /Applications/VEXcode V5 Text.app/Contents/Resources/sdk/vexv5/libv5rt.a(vex_color.cpp.obj)
                0x000000000380627c                vex::color::black
 .bss._ZN3vex5color6yellowE
                0x0000000003806284        0x8 /Applications/VEXcode V5 Text.app/Contents/Resources/sdk/vexv5/libv5rt.a(vex_color.cpp.obj)
                0x0000000003806284                vex::color::yellow
 .bss._ZN3vex5color5greenE
                0x000000000380628c        0x8 /Applications/VEXcode V5 Text.app/Contents/Resources/sdk/vexv5/libv5rt.a(vex_color.cpp.obj)
                0x000000000380628c                vex::color::green
 .bss._ZN3vex5color6purpleE
                0x0000000003806294        0x8 /Applications/VEXcode V5 Text.app/Contents/Resources/sdk/vexv5/libv5rt.a(vex_color.cpp.obj)
                0x0000000003806294                vex::color::purple
 .bss._ZN3vex5color4cyanE
                0x000000000380629c        0x8 /Applications/VEXcode V5 Text.app/Contents/Resources/sdk/vexv5/libv5rt.a(vex_color.cpp.obj)
                0x000000000380629c                vex::color::cyan
 .bss._ZN3vex5color4blueE
                0x00000000038062a4        0x8 /Applications/VEXcode V5 Text.app/Contents/Resources/sdk/vexv5/libv5rt.a(vex_color.cpp.obj)
                0x00000000038062a4                vex::color::blue
 .bss._ZN3vex5color3redE
                0x00000000038062ac        0x8 /Applications/VEXcode V5 Text.app/Contents/Resources/sdk/vexv5/libv5rt.a(vex_color.cpp.obj)
                0x00000000038062ac                vex::color::red
 .bss._ZN3vex5color11transparentE
                0x00000000038062b4        0x8 /Applications/VEXcode V5 Text.app/Contents/Resources/sdk/vexv5/libv5rt.a(vex_color.cpp.obj)
                0x00000000038062b4                vex::color::transparent
 .bss._ZN3vex5color5whiteE
                0x00000000038062bc        0x8 /Applications/VEXcode V5 Text.app/Contents/Resources/sdk/vexv5/libv5rt.a(vex_color.cpp.obj)
                0x00000000038062bc                vex::color::white
 .bss._ZN3vex4task8_labelIdE
                0x00000000038062c4        0x4 /Applications/VEXcode V5 Text.app/Contents/Resources/sdk/vexv5/libv5rt.a(vex_task.cpp.obj)
                0x00000000038062c4                vex::task::_labelId
 *(.gnu.linkonce.b.*)
 *(COMMON)
 COMMON         0x00000000038062c8        0x1 /Applications/VEXcode V5 Text.app/Contents/Resources/sdk/vexv5/libv5rt.a(v5_startup.c.obj)
                0x00000000038062c8                __vex_critical_section