Archive member included to satisfy reference by file (symbol)

/Applications/VEXcode V5 Text.app/Contents/Resources/sdk/vexv5/libv5rt.a(v5_startup.c.obj)
                              (vexStartup)
/Applications/VEXcode V5 Text.app/Contents/Resources/sdk/vexv5/libv5rt.a(v5_util.c.obj)
                              /Applications/VEXcode V5 Text.app/Contents/Resources/sdk/vexv5/libv5rt.a(v5_startup.c.obj) (vexStdlibVersionLinked)
/Applications/VEXcode V5 Text.app/Contents/Resources/sdk/vexv5/libv5rt.a(v5_apijump.c.obj)
                              /Applications/VEXcode V5 Text.app/Contents/Resources/sdk/vexv5/libv5rt.a(v5_startup.c.obj) (vexPrivateApiEnable)
/Applications/VEXcode V5 Text.app/Contents/Resources/sdk/vexv5/libv5rt.a(v5_apiversions.c.obj)
                              /Applications/VEXcode V5 Text.app/Contents/Resources/sdk/vexv5/libv5rt.a(v5_apijump.c.obj) (vexSystemVersion)
/Applications/VEXcode V5 Text.app/Contents/Resources/sdk/vexv5/libv5rt.a(vex_global.cpp.obj)
                              build/src/main.o (vex::wait(double, vex::timeUnits))
/Applications/VEXcode V5 Text.app/Contents/Resources/sdk/vexv5/libv5rt.a(vex_motor.cpp.obj)
                              build/src/robot-config.o (vex::motor::~motor())
/Applications/VEXcode V5 Text.app/Contents/Resources/sdk/vexv5/libv5rt.a(vex_controller.cpp.obj)
                              build/src/robot-config.o (vex::controller::~controller())
/Applications/VEXcode V5 Text.app/Contents/Resources/sdk/vexv5/libv5rt.a(vex_thread.cpp.obj)
                              build/src/main.o (vex::thread::thread(int (*)()))
/Applications/VEXcode V5 Text.app/Contents/Resources/sdk/vexv5/libv5rt.a(vex_event.cpp.obj)
                              /Applications/VEXcode V5 Text.app/Contents/Resources/sdk/vexv5/libv5rt.a(vex_controller.cpp.obj) (vex::event::init(unsigned long, unsigned long, void (*)()))
/Applications/VEXcode V5 Text.app/Contents/Resources/sdk/vexv5/libv5rt.a(vex_mevent.cpp.obj)
                              /Applications/VEXcode V5 Text.app/Contents/Resources/sdk/vexv5/libv5rt.a(vex_controller.cpp.obj) (vex::mevent::mevent(unsigned long, unsigned long))
/Applications/VEXcode V5 Text.app/Contents/Resources/sdk/vexv5/libv5rt.a(vex_brain.cpp.obj)
                              build/src/robot-config.o (vex::brain::~brain())
/Applications/VEXcode V5 Text.app/Contents/Resources/sdk/vexv5/libv5rt.a(vex_competition.cpp.obj)
                              build/src/main.o (vex::competition::competition())
/Applications/VEXcode V5 Text.app/Contents/Resources/sdk/vexv5/libv5rt.a(vex_triport.cpp.obj)
                              /Applications/VEXcode V5 Text.app/Contents/Resources/sdk/vexv5/libv5rt.a(vex_brain.cpp.obj) (vex::triport::~triport())
/Applications/VEXcode V5 Text.app/Contents/Resources/sdk/vexv5/libv5rt.a(vex_color.cpp.obj)
                              /Applications/VEXcode V5 Text.app/Contents/Resources/sdk/vexv5/libv5rt.a(vex_brain.cpp.obj) (vex::color::operator unsigned long() const)
/Applications/VEXcode V5 Text.app/Contents/Resources/sdk/vexv5/libv5rt.a(vex_timer.cpp.obj)
                              /Applications/VEXcode V5 Text.app/Contents/Resources/sdk/vexv5/libv5rt.a(vex_brain.cpp.obj) (vex::timer::~timer())
/Applications/VEXcode V5 Text.app/Contents/Resources/sdk/vexv5/libv5rt.a(vex_motorgroup.cpp.obj)
                              build/src/main.o (vex::motor_group::motor_group())
/Applications/VEXcode V5 Text.app/Contents/Resources/sdk/vexv5/libv5rt.a(v5_apiuser.c.obj)
                              /Applications/VEXcode V5 Text.app/Contents/Resources/sdk/vexv5/libv5rt.a(vex_triport.cpp.obj) (vexAdiPortConfigSet)
/Applications/VEXcode V5 Text.app/Contents/Resources/sdk/vexv5/libv5rt.a(vex_device.cpp.obj)
                              /Applications/VEXcode V5 Text.app/Contents/Resources/sdk/vexv5/libv5rt.a(vex_triport.cpp.obj) (vex::device::value())
/Applications/VEXcode V5 Text.app/Contents/Resources/sdk/vexv5/libv5rt.a(vex_task.cpp.obj)
                              /Applications/VEXcode V5 Text.app/Contents/Resources/sdk/vexv5/libv5rt.a(vex_competition.cpp.obj) (vex::task::task(int (*)()))
/Applications/VEXcode V5 Text.app/Contents/Resources/sdk/vexv5/gcc/libs/libc.a(lib_a-fini.o)
                              /Applications/VEXcode V5 Text.app/Contents/Resources/sdk/vexv5/libv5rt.a(v5_startup.c.obj) (__libc_fini_array)
/Applications/VEXcode V5 Text.app/Contents/Resources/sdk/vexv5/gcc/libs/libc.a(lib_a-impure.o)
                              /Applications/VEXcode V5 Text.app/Contents/Resources/sdk/vexv5/libv5rt.a(v5_startup.c.obj) (_impure_ptr)
/Applications/VEXcode V5 Text.app/Contents/Resources/sdk/vexv5/gcc/libs/libc.a(lib_a-init.o)
                              /Applications/VEXcode V5 Text.app/Contents/Resources/sdk/vexv5/libv5rt.a(v5_startup.c.obj) (__libc_init_array)
/Applications/VEXcode V5 Text.app/Contents/Resources/sdk/vexv5/gcc/libs/libc.a(lib_a-tolower.o)
[...]
Memory Configuration

Name             Origin             Length             Attributes
ps7_ddr_0_S_AXI_BASEADDR 0x0000000003800000 0x0000000004800000
*default*        0x0000000000000000 0xffffffffffffffff

Linker script and memory map

                0x0000000000002000                _STACK_SIZE = DEFINED (_STACK_SIZE)?_STACK_SIZE:0x2000
                0x0000000000100000                _HEAP_SIZE = DEFINED (_HEAP_SIZE)?_HEAP_SIZE:0x100000
                0x0000000000000400                _ABORT_STACK_SIZE = DEFINED (_ABORT_STACK_SIZE)?_ABORT_STACK_SIZE:0x400
                0x0000000000000800                _SUPERVISOR_STACK_SIZE = DEFINED (_SUPERVISOR_STACK_SIZE)?_SUPERVISOR_STACK_SIZE:0x800
                0x0000000000000400                _IRQ_STACK_SIZE = DEFINED (_IRQ_STACK_SIZE)?_IRQ_STACK_SIZE:0x400
                0x0000000000000400                _FIQ_STACK_SIZE = DEFINED (_FIQ_STACK_SIZE)?_FIQ_STACK_SIZE:0x400
                0x0000000000000400                _UNDEF_STACK_SIZE = DEFINED (_UNDEF_STACK_SIZE)?_UNDEF_STACK_SIZE:0x400

.text           0x0000000003800000     0x5910
 *(.vectors)
 *(.boot_data)
 .boot_data     0x0000000003800000       0x20 /Applications/VEXcode V5 Text.app/Contents/Resources/sdk/vexv5/libv5rt.a(v5_startup.c.obj)
                0x0000000003800000                vexCodeSig
                0x0000000000000020                . = 0x20
 *(.boot)
 .boot          0x0000000003800020       0xbc /Applications/VEXcode V5 Text.app/Contents/Resources/sdk/vexv5/libv5rt.a(v5_startup.c.obj)
                0x0000000003800020                vexStartup
                0x0000000003800100                . = ALIGN (0x40)
 *fill*         0x00000000038000dc       0x24 
 *(.freertos_vectors)
 *(.text)
 *(.text.*)
 .text._Z10insertTextSsiiiiiiiSs
                0x0000000003800100      0x180 build/src/main.o
                0x0000000003800100                insertText(std::string, int, int, int, int, int, int, int, std::string)
 .text._ZN9lcdButtonC2EiiiiSsSsSsi
                0x0000000003800280      0x138 build/src/main.o
                0x0000000003800280                lcdButton::lcdButton(int, int, int, int, std::string, std::string, std::string, int)
 .text._ZN9lcdButtonD2Ev
                0x00000000038003b8       0x34 build/src/main.o
                0x00000000038003b8                lcdButton::~lcdButton()
 *fill*         0x00000000038003ec        0x4 
 .text._ZN9lcdButtonC2EiiiiSsSs
                0x00000000038003f0      0x118 build/src/main.o
                0x00000000038003f0                lcdButton::lcdButton(int, int, int, int, std::string, std::string)
 .text._Z12drawTonomousv
                0x0000000003800508       0xcc build/src/main.o
                0x0000000003800508                drawTonomous()
 .text._ZN9lcdButton4drawEv
                0x00000000038005d4      0x198 build/src/main.o
                0x00000000038005d4                lcdButton::draw()
 .text._Z9pre_autonv
                0x000000000380076c      0x388 build/src/main.o
                0x000000000380076c                pre_auton()
 .text._ZN9lcdButton8pressingEv
                0x0000000003800af4       0x8c build/src/main.o
                0x0000000003800af4                lcdButton::pressing()
 .text._Z10autonomousv
                0x0000000003800b80       0x40 build/src/main.o
                0x0000000003800b80                autonomous()
 .text._Z11usercontrolv
                0x0000000003800bc0      0x3b8 build/src/main.o
                0x0000000003800bc0                usercontrol()
 .text.main     0x0000000003800f78       0x60 build/src/main.o
                0x0000000003800f78                main
 .text._GLOBAL__sub_I_main.cpp
                0x0000000003800fd8      0x8dc build/src/main.o
 .text._GLOBAL__sub_I_robot_config.cpp
                0x00000000038018b4      0x30c build/src/robot-config.o
 .text._Z11alwaysStackv
                0x0000000003801bc0      0x100 build/src/AutomatedTasks/autostack.o
                0x0000000003801bc0                alwaysStack()
 .text._Z10cascadeposv
                0x0000000003801cc0      0x2a8 build/src/AutomatedTasks/cascadepos.o
                0x0000000003801cc0                cascadepos()
 .text._Z11cascadeHoldv
                0x0000000003801f68      0x130 build/src/AutomatedTasks/cascadepos.o
                0x0000000003801f68                cascadeHold()
 .text._Z11inchesToDegd
                0x0000000003802098       0x30 build/src/AutomatedTasks/drivePID.o
                0x0000000003802098                inchesToDeg(double)
 .text._Z13drivestraighti
                0x00000000038020c8      0x218 build/src/AutomatedTasks/drivePID.o
                0x00000000038020c8                drivestraight(int)
 .text._Z9driveturni
                0x00000000038022e0        0x4 build/src/AutomatedTasks/drivePID.o
                0x00000000038022e0                driveturn(int)
 .text._Z9basicPlotv
                0x00000000038022e4      0x164 build/src/AutomatedTasks/screenfunctions.o
                0x00000000038022e4                basicPlot()
 .text._Z11screenflashv
                0x0000000003802448      0x120 build/src/AutomatedTasks/screenfunctions.o
                0x0000000003802448                screenflash()
 .text._Z9BlueTowerv
                0x0000000003802568       0xd8 build/src/Autonomous/Blue4.o
                0x0000000003802568                BlueTower()
 .text._Z7Bluerunv
                0x0000000003802640      0x198 build/src/Autonomous/BlueRun.o
                0x0000000003802640                Bluerun()
 .text._Z8RedTowerv
                0x00000000038027d8       0xd8 build/src/Autonomous/Red4.o
                0x00000000038027d8                RedTower()
 .text._Z6Redrunv
                0x00000000038028b0      0x198 build/src/Autonomous/RedRun.o
                0x00000000038028b0                Redrun()
 .text.vexMain  0x0000000003802a48       0xb0 /Applications/VEXcode V5 Text.app/Contents/Resources/sdk/vexv5/libv5rt.a(v5_startup.c.obj)
                0x0000000003802a48                vexMain
 .text.__vex_function_prolog
                0x0000000003802af8       0x18 /Applications/VEXcode V5 Text.app/Contents/Resources/sdk/vexv5/libv5rt.a(v5_startup.c.obj)
                0x0000000003802af8                __vex_function_prolog
 .text._init    0x0000000003802b10        0x4 /Applications/VEXcode V5 Text.app/Contents/Resources/sdk/vexv5/libv5rt.a(v5_startup.c.obj)
                0x0000000003802b10                _init
 .text._fini    0x0000000003802b14        0x4 /Applications/VEXcode V5 Text.app/Contents/Resources/sdk/vexv5/libv5rt.a(v5_startup.c.obj)
                0x0000000003802b14                _fini
 .text.vexStdlibVersionLinked
                0x0000000003802b18        0xc /Applications/VEXcode V5 Text.app/Contents/Resources/sdk/vexv5/libv5rt.a(v5_util.c.obj)
                0x0000000003802b18                vexStdlibVersionLinked
 .text.vexStdlibVersionVerify
                0x0000000003802b24       0x30 /Applications/VEXcode V5 Text.app/Contents/Resources/sdk/vexv5/libv5rt.a(v5_util.c.obj)
                0x0000000003802b24                vexStdlibVersionVerify
 .text.vexPrivateApiEnable
                0x0000000003802b54       0x10 /Applications/VEXcode V5 Text.app/Contents/Resources/sdk/vexv5/libv5rt.a(v5_apijump.c.obj)
                0x0000000003802b54                vexPrivateApiEnable
 .text.vexStdlibMismatchError
                0x0000000003802b64       0x3c /Applications/VEXcode V5 Text.app/Contents/Resources/sdk/vexv5/libv5rt.a(v5_apijump.c.obj)
                0x0000000003802b64                vexStdlibMismatchError
 .text.vexTaskAdd
                0x0000000003802ba0       0x10 /Applications/VEXcode V5 Text.app/Contents/Resources/sdk/vexv5/libv5rt.a(v5_apijump.c.obj)
                0x0000000003802ba0                vexTaskAdd
 .text.vexTaskStop
                0x0000000003802bb0       0x10 /Applications/VEXcode V5 Text.app/Contents/Resources/sdk/vexv5/libv5rt.a(v5_apijump.c.obj)
                0x0000000003802bb0                vexTaskStop
 .text.vexTasksRun
                0x0000000003802bc0       0x10 /Applications/VEXcode V5 Text.app/Contents/Resources/sdk/vexv5/libv5rt.a(v5_apijump.c.obj)
                0x0000000003802bc0                vexTasksRun
 .text.vexTaskYield
                0x0000000003802bd0       0x10 /Applications/VEXcode V5 Text.app/Contents/Resources/sdk/vexv5/libv5rt.a(v5_apijump.c.obj)
                0x0000000003802bd0                vexTaskYield
 .text.vexTaskCheckTimeslice
                0x0000000003802be0       0x10 /Applications/VEXcode V5 Text.app/Contents/Resources/sdk/vexv5/libv5rt.a(v5_apijump.c.obj)
                0x0000000003802be0                vexTaskCheckTimeslice
 .text.vexTaskSleep
                0x0000000003802bf0       0x10 /Applications/VEXcode V5 Text.app/Contents/Resources/sdk/vexv5/libv5rt.a(v5_apijump.c.obj)
                0x0000000003802bf0                vexTaskSleep
 .text.vexTasksDump
                0x0000000003802c00       0x1c /Applications/VEXcode V5 Text.app/Contents/Resources/sdk/vexv5/libv5rt.a(v5_apijump.c.obj)
                0x0000000003802c00                vexTasksDump
 .text.vexTaskGetTaskIndex
                0x0000000003802c1c       0x10 /Applications/VEXcode V5 Text.app/Contents/Resources/sdk/vexv5/libv5rt.a(v5_apijump.c.obj)
                0x0000000003802c1c                vexTaskGetTaskIndex
 .text.vexTaskStopAll
                0x0000000003802c2c       0x10 /Applications/VEXcode V5 Text.app/Contents/Resources/sdk/vexv5/libv5rt.a(v5_apijump.c.obj)
                0x0000000003802c2c                vexTaskStopAll
 .text.vexTaskRemoveAllUser
                0x0000000003802c3c       0x34 /Applications/VEXcode V5 Text.app/Contents/Resources/sdk/vexv5/libv5rt.a(v5_apijump.c.obj)
                0x0000000003802c3c                vexTaskRemoveAllUser
 .text.vexTaskCompletionIdSet
                0x0000000003802c70       0x10 /Applications/VEXcode V5 Text.app/Contents/Resources/sdk/vexv5/libv5rt.a(v5_apijump.c.obj)
                0x0000000003802c70                vexTaskCompletionIdSet
 .text.vexCriticalSection
                0x0000000003802c80       0x2c /Applications/VEXcode V5 Text.app/Contents/Resources/sdk/vexv5/libv5rt.a(v5_apijump.c.obj)
                0x0000000003802c80                vexCriticalSection
 .text.vexEventAdd
                0x0000000003802cac       0x34 /Applications/VEXcode V5 Text.app/Contents/Resources/sdk/vexv5/libv5rt.a(v5_apijump.c.obj)
                0x0000000003802cac                vexEventAdd
 .text.vexEventUserIndexGet
                0x0000000003802ce0       0x1c /Applications/VEXcode V5 Text.app/Contents/Resources/sdk/vexv5/libv5rt.a(v5_apijump.c.obj)
                0x0000000003802ce0                vexEventUserIndexGet
 .text.vexEventAddWithArg
                0x0000000003802cfc       0x3c /Applications/VEXcode V5 Text.app/Contents/Resources/sdk/vexv5/libv5rt.a(v5_apijump.c.obj)
                0x0000000003802cfc                vexEventAddWithArg
 .text.vexEventsCleanup
                0x0000000003802d38       0x2c /Applications/VEXcode V5 Text.app/Contents/Resources/sdk/vexv5/libv5rt.a(v5_apijump.c.obj)
                0x0000000003802d38                vexEventsCleanup
 .text.vexDebug
                0x0000000003802d64       0x38 /Applications/VEXcode V5 Text.app/Contents/Resources/sdk/vexv5/libv5rt.a(v5_apijump.c.obj)
                0x0000000003802d64                vexDebug
 .text.vex_sprintf
                0x0000000003802d9c       0x40 /Applications/VEXcode V5 Text.app/Contents/Resources/sdk/vexv5/libv5rt.a(v5_apijump.c.obj)
                0x0000000003802d9c                vex_sprintf
 .text.vex_vsnprintf
                0x0000000003802ddc       0x3c /Applications/VEXcode V5 Text.app/Contents/Resources/sdk/vexv5/libv5rt.a(v5_apijump.c.obj)
                0x0000000003802ddc                vex_vsnprintf
 .text.vexSystemTimeGet
                0x0000000003802e18       0x1c /Applications/VEXcode V5 Text.app/Contents/Resources/sdk/vexv5/libv5rt.a(v5_apijump.c.obj)
                0x0000000003802e18                vexSystemTimeGet
 .text.vexSystemExitRequest
                0x0000000003802e34       0x1c /Applications/VEXcode V5 Text.app/Contents/Resources/sdk/vexv5/libv5rt.a(v5_apijump.c.obj)
                0x0000000003802e34                vexSystemExitRequest
 .text.vexDeviceGetByIndex
                0x0000000003802e50       0x24 /Applications/VEXcode V5 Text.app/Contents/Resources/sdk/vexv5/libv5rt.a(v5_apijump.c.obj)
                0x0000000003802e50                vexDeviceGetByIndex
 .text.vexControllerGet
                0x0000000003802e74       0x2c /Applications/VEXcode V5 Text.app/Contents/Resources/sdk/vexv5/libv5rt.a(v5_apijump.c.obj)
                0x0000000003802e74                vexControllerGet
 .text.vexDeviceAdiPortConfigSet
                0x0000000003802ea0       0x34 /Applications/VEXcode V5 Text.app/Contents/Resources/sdk/vexv5/libv5rt.a(v5_apijump.c.obj)
                0x0000000003802ea0                vexDeviceAdiPortConfigSet
 .text.vexDeviceAdiPortConfigGet
                0x0000000003802ed4       0x2c /Applications/VEXcode V5 Text.app/Contents/Resources/sdk/vexv5/libv5rt.a(v5_apijump.c.obj)
                0x0000000003802ed4                vexDeviceAdiPortConfigGet
 .text.vexDeviceAdiValueGet
                0x0000000003802f00       0x2c /Applications/VEXcode V5 Text.app/Contents/Resources/sdk/vexv5/libv5rt.a(v5_apijump.c.obj)
                0x0000000003802f00                vexDeviceAdiValueGet
 .text.vexDeviceMotorVelocitySet
                0x0000000003802f2c       0x2c /Applications/VEXcode V5 Text.app/Contents/Resources/sdk/vexv5/libv5rt.a(v5_apijump.c.obj)
                0x0000000003802f2c                vexDeviceMotorVelocitySet
 .text.vexDeviceMotorActualVelocityGet
                0x0000000003802f58       0x24 /Applications/VEXcode V5 Text.app/Contents/Resources/sdk/vexv5/libv5rt.a(v5_apijump.c.obj)
                0x0000000003802f58                vexDeviceMotorActualVelocityGet
 .text.vexDeviceMotorZeroPositionFlagGet
                0x0000000003802f7c       0x24 /Applications/VEXcode V5 Text.app/Contents/Resources/sdk/vexv5/libv5rt.a(v5_apijump.c.obj)
                0x0000000003802f7c                vexDeviceMotorZeroPositionFlagGet
 .text.vexDeviceMotorReverseFlagSet
                0x0000000003802fa0       0x2c /Applications/VEXcode V5 Text.app/Contents/Resources/sdk/vexv5/libv5rt.a(v5_apijump.c.obj)
                0x0000000003802fa0                vexDeviceMotorReverseFlagSet
 .text.vexDeviceMotorEncoderUnitsSet
                0x0000000003802fcc       0x2c /Applications/VEXcode V5 Text.app/Contents/Resources/sdk/vexv5/libv5rt.a(v5_apijump.c.obj)
                0x0000000003802fcc                vexDeviceMotorEncoderUnitsSet
 .text.vexDeviceMotorBrakeModeSet
                0x0000000003802ff8       0x2c /Applications/VEXcode V5 Text.app/Contents/Resources/sdk/vexv5/libv5rt.a(v5_apijump.c.obj)
                0x0000000003802ff8                vexDeviceMotorBrakeModeSet
 .text.vexDeviceMotorPositionSet
                0x0000000003803024       0x34 /Applications/VEXcode V5 Text.app/Contents/Resources/sdk/vexv5/libv5rt.a(v5_apijump.c.obj)
                0x0000000003803024                vexDeviceMotorPositionSet
 .text.vexDeviceMotorPositionGet
                0x0000000003803058       0x24 /Applications/VEXcode V5 Text.app/Contents/Resources/sdk/vexv5/libv5rt.a(v5_apijump.c.obj)
                0x0000000003803058                vexDeviceMotorPositionGet
 .text.vexDeviceMotorAbsoluteTargetSet
                0x000000000380307c       0x3c /Applications/VEXcode V5 Text.app/Contents/Resources/sdk/vexv5/libv5rt.a(v5_apijump.c.obj)
                0x000000000380307c                vexDeviceMotorAbsoluteTargetSet
 .text.vexDeviceMotorGearingSet
                0x00000000038030b8       0x2c /Applications/VEXcode V5 Text.app/Contents/Resources/sdk/vexv5/libv5rt.a(v5_apijump.c.obj)
                0x00000000038030b8                vexDeviceMotorGearingSet
 .text.vexDeviceMotorGearingGet
                0x00000000038030e4       0x24 /Applications/VEXcode V5 Text.app/Contents/Resources/sdk/vexv5/libv5rt.a(v5_apijump.c.obj)
                0x00000000038030e4                vexDeviceMotorGearingGet
 .text.vexDisplayForegroundColor
                0x0000000003803108       0x24 /Applications/VEXcode V5 Text.app/Contents/Resources/sdk/vexv5/libv5rt.a(v5_apijump.c.obj)
                0x0000000003803108                vexDisplayForegroundColor
 .text.vexDisplayBackgroundColor
                0x000000000380312c       0x24 /Applications/VEXcode V5 Text.app/Contents/Resources/sdk/vexv5/libv5rt.a(v5_apijump.c.obj)
                0x000000000380312c                vexDisplayBackgroundColor
 .text.vexDisplayBackgroundColorGet
                0x0000000003803150       0x1c /Applications/VEXcode V5 Text.app/Contents/Resources/sdk/vexv5/libv5rt.a(v5_apijump.c.obj)
                0x0000000003803150                vexDisplayBackgroundColorGet
 .text.vexDisplayPixelSet
                0x000000000380316c       0x38 /Applications/VEXcode V5 Text.app/Contents/Resources/sdk/vexv5/libv5rt.a(v5_apijump.c.obj)
                0x000000000380316c                vexDisplayPixelSet
 .text.vexDisplayLineDraw
                0x00000000038031a4       0x4c /Applications/VEXcode V5 Text.app/Contents/Resources/sdk/vexv5/libv5rt.a(v5_apijump.c.obj)
                0x00000000038031a4                vexDisplayLineDraw
 .text.vexDisplayRectDraw
                0x00000000038031f0       0x4c /Applications/VEXcode V5 Text.app/Contents/Resources/sdk/vexv5/libv5rt.a(v5_apijump.c.obj)
                0x00000000038031f0                vexDisplayRectDraw
 .text.vexDisplayRectClear
                0x000000000380323c       0x4c /Applications/VEXcode V5 Text.app/Contents/Resources/sdk/vexv5/libv5rt.a(v5_apijump.c.obj)
                0x000000000380323c                vexDisplayRectClear
 .text.vexDisplayPrintf
                0x0000000003803288       0x68 /Applications/VEXcode V5 Text.app/Contents/Resources/sdk/vexv5/libv5rt.a(v5_apijump.c.obj)
                0x0000000003803288                vexDisplayPrintf
 .text.vexDisplayTextReference
                0x00000000038032f0       0x24 /Applications/VEXcode V5 Text.app/Contents/Resources/sdk/vexv5/libv5rt.a(v5_apijump.c.obj)
                0x00000000038032f0                vexDisplayTextReference
 .text.vexDisplayTextSize
                0x0000000003803314       0x2c /Applications/VEXcode V5 Text.app/Contents/Resources/sdk/vexv5/libv5rt.a(v5_apijump.c.obj)
                0x0000000003803314                vexDisplayTextSize
 .text.vexDisplayFontNamedSet
                0x0000000003803340       0x24 /Applications/VEXcode V5 Text.app/Contents/Resources/sdk/vexv5/libv5rt.a(v5_apijump.c.obj)
                0x0000000003803340                vexDisplayFontNamedSet
 .text.vexDisplayStringWidthGet
                0x0000000003803364       0x24 /Applications/VEXcode V5 Text.app/Contents/Resources/sdk/vexv5/libv5rt.a(v5_apijump.c.obj)
                0x0000000003803364                vexDisplayStringWidthGet
 .text.vexDisplayStringHeightGet
                0x0000000003803388       0x24 /Applications/VEXcode V5 Text.app/Contents/Resources/sdk/vexv5/libv5rt.a(v5_apijump.c.obj)
                0x0000000003803388                vexDisplayStringHeightGet
 .text.vexDisplayPenSizeSet
                0x00000000038033ac       0x24 /Applications/VEXcode V5 Text.app/Contents/Resources/sdk/vexv5/libv5rt.a(v5_apijump.c.obj)
                0x00000000038033ac                vexDisplayPenSizeSet
 .text.vexDisplayPenSizeGet
                0x00000000038033d0       0x1c /Applications/VEXcode V5 Text.app/Contents/Resources/sdk/vexv5/libv5rt.a(v5_apijump.c.obj)
                0x00000000038033d0                vexDisplayPenSizeGet
 .text.vexSystemStdlibImpureDataAddr
                0x00000000038033ec       0x28 /Applications/VEXcode V5 Text.app/Contents/Resources/sdk/vexv5/libv5rt.a(v5_apijump.c.obj)
                0x00000000038033ec                vexSystemStdlibImpureDataAddr
 .text.vexSystemStdlibImpureDataSize
                0x0000000003803414       0x28 /Applications/VEXcode V5 Text.app/Contents/Resources/sdk/vexv5/libv5rt.a(v5_apijump.c.obj)
                0x0000000003803414                vexSystemStdlibImpureDataSize
 .text.vexSystemSaveUserData
                0x000000000380343c       0x3c /Applications/VEXcode V5 Text.app/Contents/Resources/sdk/vexv5/libv5rt.a(v5_apijump.c.obj)
                0x000000000380343c                vexSystemSaveUserData
 .text.vexTouchDataGet
                0x0000000003803478       0x10 /Applications/VEXcode V5 Text.app/Contents/Resources/sdk/vexv5/libv5rt.a(v5_apijump.c.obj)
                0x0000000003803478                vexTouchDataGet
 .text.vexDisplayThemeIdGet
                0x0000000003803488       0x38 /Applications/VEXcode V5 Text.app/Contents/Resources/sdk/vexv5/libv5rt.a(v5_apijump.c.obj)
                0x0000000003803488                vexDisplayThemeIdGet
 .text.vexDeviceEventMaskSet
                0x00000000038034c0       0x48 /Applications/VEXcode V5 Text.app/Contents/Resources/sdk/vexv5/libv5rt.a(v5_apijump.c.obj)
                0x00000000038034c0                vexDeviceEventMaskSet
 .text.vexDeviceEventMaskGet
                0x0000000003803508       0x3c /Applications/VEXcode V5 Text.app/Contents/Resources/sdk/vexv5/libv5rt.a(v5_apijump.c.obj)
                0x0000000003803508                vexDeviceEventMaskGet
 .text.vexSystemVersion
                0x0000000003803544       0x10 /Applications/VEXcode V5 Text.app/Contents/Resources/sdk/vexv5/libv5rt.a(v5_apiversions.c.obj)
                0x0000000003803544                vexSystemVersion
 .text.vexStdlibVersion
                0x0000000003803554       0x10 /Applications/VEXcode V5 Text.app/Contents/Resources/sdk/vexv5/libv5rt.a(v5_apiversions.c.obj)
                0x0000000003803554                vexStdlibVersion
 *fill*         0x0000000003803564        0x4 
 .text._ZN3vex4waitEdNS_9timeUnitsE
                0x0000000003803568       0x30 /Applications/VEXcode V5 Text.app/Contents/Resources/sdk/vexv5/libv5rt.a(vex_global.cpp.obj)
                0x0000000003803568                vex::wait(double, vex::timeUnits)
 .text._ZN3vex5motor9installedEv
                0x0000000003803598       0x18 /Applications/VEXcode V5 Text.app/Contents/Resources/sdk/vexv5/libv5rt.a(vex_motor.cpp.obj)
                0x0000000003803598                vex::motor::installed()
 .text._ZN3vex5motorD2Ev
                0x00000000038035b0       0x20 /Applications/VEXcode V5 Text.app/Contents/Resources/sdk/vexv5/libv5rt.a(vex_motor.cpp.obj)
                0x00000000038035b0                vex::motor::~motor()
                0x00000000038035b0                vex::motor::~motor()
 .text._ZN3vex5motor15defaultStoppingENS_9brakeTypeE
                0x00000000038035d0       0x30 /Applications/VEXcode V5 Text.app/Contents/Resources/sdk/vexv5/libv5rt.a(vex_motor.cpp.obj)
                0x00000000038035d0                vex::motor::defaultStopping(vex::brakeType)
 .text._ZN3vex5motorC2El
                0x0000000003803600       0x78 /Applications/VEXcode V5 Text.app/Contents/Resources/sdk/vexv5/libv5rt.a(vex_motor.cpp.obj)
                0x0000000003803600                vex::motor::motor(long)
                0x0000000003803600                vex::motor::motor(long)
 .text._ZN3vex5motorC2ElNS_11gearSettingEb
                0x0000000003803678       0x34 /Applications/VEXcode V5 Text.app/Contents/Resources/sdk/vexv5/libv5rt.a(vex_motor.cpp.obj)
                0x0000000003803678                vex::motor::motor(long, vex::gearSetting, bool)
                0x0000000003803678                vex::motor::motor(long, vex::gearSetting, bool)
 .text._ZN3vex5motor4stopENS_9brakeTypeE
                0x00000000038036ac       0x30 /Applications/VEXcode V5 Text.app/Contents/Resources/sdk/vexv5/libv5rt.a(vex_motor.cpp.obj)
                0x00000000038036ac                vex::motor::stop(vex::brakeType)
 .text._ZN3vex5motor4stopEv
                0x00000000038036dc        0x8 /Applications/VEXcode V5 Text.app/Contents/Resources/sdk/vexv5/libv5rt.a(vex_motor.cpp.obj)
                0x00000000038036dc                vex::motor::stop()
 .text._ZN3vex5motor16velocityToScaledEdNS_13velocityUnitsE
                0x00000000038036e4       0x5c /Applications/VEXcode V5 Text.app/Contents/Resources/sdk/vexv5/libv5rt.a(vex_motor.cpp.obj)
                0x00000000038036e4                vex::motor::velocityToScaled(double, vex::velocityUnits)
 .text._ZN3vex5motor8velocityENS_13velocityUnitsE
                0x0000000003803740       0x30 /Applications/VEXcode V5 Text.app/Contents/Resources/sdk/vexv5/libv5rt.a(vex_motor.cpp.obj)
                0x0000000003803740                vex::motor::velocity(vex::velocityUnits)
 .text._ZN3vex5motor5valueEv
                0x0000000003803770       0x1c /Applications/VEXcode V5 Text.app/Contents/Resources/sdk/vexv5/libv5rt.a(vex_motor.cpp.obj)
                0x0000000003803770                vex::motor::value()
 .text._ZN3vex5motor16scaledToVelocityEdNS_13velocityUnitsE
                0x000000000380378c       0xa4 /Applications/VEXcode V5 Text.app/Contents/Resources/sdk/vexv5/libv5rt.a(vex_motor.cpp.obj)
                0x000000000380378c                vex::motor::scaledToVelocity(double, vex::velocityUnits)
 .text._ZN3vex5motor4spinENS_13directionTypeEdNS_13velocityUnitsE
                0x0000000003803830       0x5c /Applications/VEXcode V5 Text.app/Contents/Resources/sdk/vexv5/libv5rt.a(vex_motor.cpp.obj)
                0x0000000003803830                vex::motor::spin(vex::directionType, double, vex::velocityUnits)
 .text._ZN3vex5motor16setRotationUnitsENS_13rotationUnitsE
                0x000000000380388c       0x1c /Applications/VEXcode V5 Text.app/Contents/Resources/sdk/vexv5/libv5rt.a(vex_motor.cpp.obj)
                0x000000000380388c                vex::motor::setRotationUnits(vex::rotationUnits)
 .text._ZN3vex5motor11setRotationEdNS_13rotationUnitsE
                0x00000000038038a8       0x44 /Applications/VEXcode V5 Text.app/Contents/Resources/sdk/vexv5/libv5rt.a(vex_motor.cpp.obj)
                0x00000000038038a8                vex::motor::setRotation(double, vex::rotationUnits)
 .text._ZN3vex5motor11setPositionEdNS_13rotationUnitsE
                0x00000000038038ec        0x4 /Applications/VEXcode V5 Text.app/Contents/Resources/sdk/vexv5/libv5rt.a(vex_motor.cpp.obj)
                0x00000000038038ec                vex::motor::setPosition(double, vex::rotationUnits)
 .text._ZN3vex5motor8rotateToEdNS_13rotationUnitsEdNS_13velocityUnitsEb
                0x00000000038038f0       0xc4 /Applications/VEXcode V5 Text.app/Contents/Resources/sdk/vexv5/libv5rt.a(vex_motor.cpp.obj)
                0x00000000038038f0                vex::motor::rotateTo(double, vex::rotationUnits, double, vex::velocityUnits, bool)
 .text._ZN3vex5motor6spinToEdNS_13rotationUnitsEdNS_13velocityUnitsEb
                0x00000000038039b4       0x14 /Applications/VEXcode V5 Text.app/Contents/Resources/sdk/vexv5/libv5rt.a(vex_motor.cpp.obj)
                0x00000000038039b4                vex::motor::spinTo(double, vex::rotationUnits, double, vex::velocityUnits, bool)
 .text._ZN3vex5motor6spinToEdNS_13rotationUnitsEb
                0x00000000038039c8       0x34 /Applications/VEXcode V5 Text.app/Contents/Resources/sdk/vexv5/libv5rt.a(vex_motor.cpp.obj)
                0x00000000038039c8                vex::motor::spinTo(double, vex::rotationUnits, bool)
 .text._ZN3vex5motor14spinToPositionEdNS_13rotationUnitsEb
                0x00000000038039fc       0x34 /Applications/VEXcode V5 Text.app/Contents/Resources/sdk/vexv5/libv5rt.a(vex_motor.cpp.obj)
                0x00000000038039fc                vex::motor::spinToPosition(double, vex::rotationUnits, bool)
 .text._ZN3vex5motor8rotationENS_13rotationUnitsE
                0x0000000003803a30       0x44 /Applications/VEXcode V5 Text.app/Contents/Resources/sdk/vexv5/libv5rt.a(vex_motor.cpp.obj)
                0x0000000003803a30                vex::motor::rotation(vex::rotationUnits)
 .text._ZN3vex5motor8positionENS_13rotationUnitsE
                0x0000000003803a74        0x4 /Applications/VEXcode V5 Text.app/Contents/Resources/sdk/vexv5/libv5rt.a(vex_motor.cpp.obj)
                0x0000000003803a74                vex::motor::position(vex::rotationUnits)
 .text._ZN3vex10controllerD2Ev
                0x0000000003803a78        0x4 /Applications/VEXcode V5 Text.app/Contents/Resources/sdk/vexv5/libv5rt.a(vex_controller.cpp.obj)
                0x0000000003803a78                vex::controller::~controller()
                0x0000000003803a78                vex::controller::~controller()
 .text._ZN3vex10controller5valueE19_V5_ControllerIndex
                0x0000000003803a7c        0x8 /Applications/VEXcode V5 Text.app/Contents/Resources/sdk/vexv5/libv5rt.a(vex_controller.cpp.obj)
                0x0000000003803a7c                vex::controller::value(_V5_ControllerIndex)
 .text._ZN3vex10controller6button8pressingEv
                0x0000000003803a84       0xc8 /Applications/VEXcode V5 Text.app/Contents/Resources/sdk/vexv5/libv5rt.a(vex_controller.cpp.obj)
                0x0000000003803a84                vex::controller::button::pressing()
 .text._ZN3vex10controller6button21_buttonToPressedEventEv
                0x0000000003803b4c       0x20 /Applications/VEXcode V5 Text.app/Contents/Resources/sdk/vexv5/libv5rt.a(vex_controller.cpp.obj)
                0x0000000003803b4c                vex::controller::button::_buttonToPressedEvent()
 .text._ZN3vex10controller6button22_buttonToReleasedEventEv
                0x0000000003803b6c       0x20 /Applications/VEXcode V5 Text.app/Contents/Resources/sdk/vexv5/libv5rt.a(vex_controller.cpp.obj)
                0x0000000003803b6c                vex::controller::button::_buttonToReleasedEvent()
 .text._ZN3vex10controller6buttonC2ENS0_11tButtonTypeEPS0_
                0x0000000003803b8c       0x48 /Applications/VEXcode V5 Text.app/Contents/Resources/sdk/vexv5/libv5rt.a(vex_controller.cpp.obj)
                0x0000000003803b8c                vex::controller::button::button(vex::controller::tButtonType, vex::controller*)
                0x0000000003803b8c                vex::controller::button::button(vex::controller::tButtonType, vex::controller*)
 .text._ZN3vex10controller4axis5valueEv
                0x0000000003803bd4       0x58 /Applications/VEXcode V5 Text.app/Contents/Resources/sdk/vexv5/libv5rt.a(vex_controller.cpp.obj)
                0x0000000003803bd4                vex::controller::axis::value()
 .text._ZN3vex10controller4axis23_joystickToChangedEventEv
                0x0000000003803c2c       0x20 /Applications/VEXcode V5 Text.app/Contents/Resources/sdk/vexv5/libv5rt.a(vex_controller.cpp.obj)
                0x0000000003803c2c                vex::controller::axis::_joystickToChangedEvent()
 .text._ZN3vex10controller4axisC2ENS0_9tAxisTypeEPS0_
                0x0000000003803c4c       0x2c /Applications/VEXcode V5 Text.app/Contents/Resources/sdk/vexv5/libv5rt.a(vex_controller.cpp.obj)
                0x0000000003803c4c                vex::controller::axis::axis(vex::controller::tAxisType, vex::controller*)
                0x0000000003803c4c                vex::controller::axis::axis(vex::controller::tAxisType, vex::controller*)
 .text._ZN3vex10controllerC2ENS_14controllerTypeE
                0x0000000003803c78      0x204 /Applications/VEXcode V5 Text.app/Contents/Resources/sdk/vexv5/libv5rt.a(vex_controller.cpp.obj)
                0x0000000003803c78                vex::controller::controller(vex::controllerType)
                0x0000000003803c78                vex::controller::controller(vex::controllerType)
 .text._ZN3vex6threadC2EPFivE
                0x0000000003803e7c       0x54 /Applications/VEXcode V5 Text.app/Contents/Resources/sdk/vexv5/libv5rt.a(vex_thread.cpp.obj)
                0x0000000003803e7c                vex::thread::thread(int (*)())
                0x0000000003803e7c                vex::thread::thread(int (*)())
 .text._ZN3vex6threadD2Ev
                0x0000000003803ed0        0x4 /Applications/VEXcode V5 Text.app/Contents/Resources/sdk/vexv5/libv5rt.a(vex_thread.cpp.obj)
                0x0000000003803ed0                vex::thread::~thread()
                0x0000000003803ed0                vex::thread::~thread()
 .text._ZN3vex6thread9interruptEv
                0x0000000003803ed4       0x10 /Applications/VEXcode V5 Text.app/Contents/Resources/sdk/vexv5/libv5rt.a(vex_thread.cpp.obj)
                0x0000000003803ed4                vex::thread::interrupt()
 .text._ZN3vex11this_thread9sleep_forEm
                0x0000000003803ee4        0x4 /Applications/VEXcode V5 Text.app/Contents/Resources/sdk/vexv5/libv5rt.a(vex_thread.cpp.obj)
                0x0000000003803ee4                vex::this_thread::sleep_for(unsigned long)
 .text._ZN3vex5event4initEmmPFvvE
                0x0000000003803ee8        0x4 /Applications/VEXcode V5 Text.app/Contents/Resources/sdk/vexv5/libv5rt.a(vex_event.cpp.obj)
                0x0000000003803ee8                vex::event::init(unsigned long, unsigned long, void (*)())
 .text._ZN3vex5event4initEmmPFvPvES1_
                0x0000000003803eec        0x4 /Applications/VEXcode V5 Text.app/Contents/Resources/sdk/vexv5/libv5rt.a(vex_event.cpp.obj)
                0x0000000003803eec                vex::event::init(unsigned long, unsigned long, void (*)(void*), void*)
 .text._ZN3vex5event9userindexEv
                0x0000000003803ef0        0x4 /Applications/VEXcode V5 Text.app/Contents/Resources/sdk/vexv5/libv5rt.a(vex_event.cpp.obj)
                0x0000000003803ef0                vex::event::userindex()
 .text._ZZN3vex6meventC4EmmENUlvE_4_FUNEv
                0x0000000003803ef4        0x4 /Applications/VEXcode V5 Text.app/Contents/Resources/sdk/vexv5/libv5rt.a(vex_mevent.cpp.obj)
 .text._ZN3vex6meventC2Emm
                0x0000000003803ef8       0x70 /Applications/VEXcode V5 Text.app/Contents/Resources/sdk/vexv5/libv5rt.a(vex_mevent.cpp.obj)
                0x0000000003803ef8                vex::mevent::mevent(unsigned long, unsigned long)
                0x0000000003803ef8                vex::mevent::mevent(unsigned long, unsigned long)
 .text._ZL9_hexDigitc
                0x0000000003803f68       0x48 /Applications/VEXcode V5 Text.app/Contents/Resources/sdk/vexv5/libv5rt.a(vex_brain.cpp.obj)
 .text._ZN3vex5brainD2Ev
                0x0000000003803fb0       0x20 /Applications/VEXcode V5 Text.app/Contents/Resources/sdk/vexv5/libv5rt.a(vex_brain.cpp.obj)
                0x0000000003803fb0                vex::brain::~brain()
                0x0000000003803fb0                vex::brain::~brain()
 .text._ZN3vex5brain9_getIndexEv
                0x0000000003803fd0       0x10 /Applications/VEXcode V5 Text.app/Contents/Resources/sdk/vexv5/libv5rt.a(vex_brain.cpp.obj)
                0x0000000003803fd0                vex::brain::_getIndex()
 .text._ZN3vex5brain3lcd9setCursorEll
                0x0000000003803fe0       0x44 /Applications/VEXcode V5 Text.app/Contents/Resources/sdk/vexv5/libv5rt.a(vex_brain.cpp.obj)
                0x0000000003803fe0                vex::brain::lcd::setCursor(long, long)
 .text._ZN3vex5brain3lcd7setFontENS_8fontTypeE
                0x0000000003804024      0x23c /Applications/VEXcode V5 Text.app/Contents/Resources/sdk/vexv5/libv5rt.a(vex_brain.cpp.obj)
                0x0000000003804024                vex::brain::lcd::setFont(vex::fontType)
 .text._ZN3vex5brain3lcdC2Ev
                0x0000000003804260       0x94 /Applications/VEXcode V5 Text.app/Contents/Resources/sdk/vexv5/libv5rt.a(vex_brain.cpp.obj)
                0x0000000003804260                vex::brain::lcd::lcd()
                0x0000000003804260                vex::brain::lcd::lcd()
 .text._ZN3vex5brainC2Ev
                0x00000000038042f4       0x38 /Applications/VEXcode V5 Text.app/Contents/Resources/sdk/vexv5/libv5rt.a(vex_brain.cpp.obj)
                0x00000000038042f4                vex::brain::brain()
                0x00000000038042f4                vex::brain::brain()
 .text._ZN3vex5brain3lcd11setPenWidthEm
                0x000000000380432c       0x24 /Applications/VEXcode V5 Text.app/Contents/Resources/sdk/vexv5/libv5rt.a(vex_brain.cpp.obj)
                0x000000000380432c                vex::brain::lcd::setPenWidth(unsigned long)
 .text._ZN3vex5brain3lcd11setPenColorERKNS_5colorE
                0x0000000003804350       0x14 /Applications/VEXcode V5 Text.app/Contents/Resources/sdk/vexv5/libv5rt.a(vex_brain.cpp.obj)
                0x0000000003804350                vex::brain::lcd::setPenColor(vex::color const&)
 .text._ZN3vex5brain3lcd7printAtEllPKcz
                0x0000000003804364       0x6c /Applications/VEXcode V5 Text.app/Contents/Resources/sdk/vexv5/libv5rt.a(vex_brain.cpp.obj)
                0x0000000003804364                vex::brain::lcd::printAt(long, long, char const*, ...)
 .text._ZN3vex5brain3lcd12_clearScreenEm
                0x00000000038043d0       0x38 /Applications/VEXcode V5 Text.app/Contents/Resources/sdk/vexv5/libv5rt.a(vex_brain.cpp.obj)
                0x00000000038043d0                vex::brain::lcd::_clearScreen(unsigned long)
 .text._ZN3vex5brain3lcd11clearScreenERKNS_5colorE
                0x0000000003804408       0x20 /Applications/VEXcode V5 Text.app/Contents/Resources/sdk/vexv5/libv5rt.a(vex_brain.cpp.obj)
                0x0000000003804408                vex::brain::lcd::clearScreen(vex::color const&)
 .text._ZN3vex5brain3lcd11clearScreenEv
                0x0000000003804428       0x2c /Applications/VEXcode V5 Text.app/Contents/Resources/sdk/vexv5/libv5rt.a(vex_brain.cpp.obj)
                0x0000000003804428                vex::brain::lcd::clearScreen()
 .text._ZN3vex5brain3lcd9drawPixelEii
                0x0000000003804454       0x14 /Applications/VEXcode V5 Text.app/Contents/Resources/sdk/vexv5/libv5rt.a(vex_brain.cpp.obj)
                0x0000000003804454                vex::brain::lcd::drawPixel(int, int)
 .text._ZN3vex5brain3lcd8drawLineEiiii
                0x0000000003804468      0x2c4 /Applications/VEXcode V5 Text.app/Contents/Resources/sdk/vexv5/libv5rt.a(vex_brain.cpp.obj)
                0x0000000003804468                vex::brain::lcd::drawLine(int, int, int, int)
 .text._ZN3vex5brain3lcd13drawRectangleEiiii
                0x000000000380472c       0xdc /Applications/VEXcode V5 Text.app/Contents/Resources/sdk/vexv5/libv5rt.a(vex_brain.cpp.obj)
                0x000000000380472c                vex::brain::lcd::drawRectangle(int, int, int, int)
 .text._ZN3vex5brain3lcd14_drawRectangleEiiiim
                0x0000000003804808       0x74 /Applications/VEXcode V5 Text.app/Contents/Resources/sdk/vexv5/libv5rt.a(vex_brain.cpp.obj)
                0x0000000003804808                vex::brain::lcd::_drawRectangle(int, int, int, int, unsigned long)
 .text._ZN3vex5brain3lcd13drawRectangleEiiiiRKNS_5colorE
                0x000000000380487c       0x68 /Applications/VEXcode V5 Text.app/Contents/Resources/sdk/vexv5/libv5rt.a(vex_brain.cpp.obj)
                0x000000000380487c                vex::brain::lcd::drawRectangle(int, int, int, int, vex::color const&)
 .text._ZN3vex5brain3lcd9xPositionEv
                0x00000000038048e4       0x24 /Applications/VEXcode V5 Text.app/Contents/Resources/sdk/vexv5/libv5rt.a(vex_brain.cpp.obj)
                0x00000000038048e4                vex::brain::lcd::xPosition()
 .text._ZN3vex5brain3lcd9yPositionEv
                0x0000000003804908       0x24 /Applications/VEXcode V5 Text.app/Contents/Resources/sdk/vexv5/libv5rt.a(vex_brain.cpp.obj)
                0x0000000003804908                vex::brain::lcd::yPosition()
 .text._ZN3vex5brain3lcd8pressingEv
                0x000000000380492c       0x20 /Applications/VEXcode V5 Text.app/Contents/Resources/sdk/vexv5/libv5rt.a(vex_brain.cpp.obj)
                0x000000000380492c                vex::brain::lcd::pressing()
 .text._ZN3vex5brain3lcd13webColorToRgbEPKc
                0x000000000380494c       0x9c /Applications/VEXcode V5 Text.app/Contents/Resources/sdk/vexv5/libv5rt.a(vex_brain.cpp.obj)
                0x000000000380494c                vex::brain::lcd::webColorToRgb(char const*)
 .text._ZN3vex5brain3lcd11setPenColorEPKc
                0x00000000038049e8       0x10 /Applications/VEXcode V5 Text.app/Contents/Resources/sdk/vexv5/libv5rt.a(vex_brain.cpp.obj)
                0x00000000038049e8                vex::brain::lcd::setPenColor(char const*)
 .text._ZN3vex5brain3lcd11clearScreenEPKc
                0x00000000038049f8       0x1c /Applications/VEXcode V5 Text.app/Contents/Resources/sdk/vexv5/libv5rt.a(vex_brain.cpp.obj)
                0x00000000038049f8                vex::brain::lcd::clearScreen(char const*)
 .text._ZN3vex5brain3lcd13drawRectangleEiiiiPKc
                0x0000000003804a14       0x54 /Applications/VEXcode V5 Text.app/Contents/Resources/sdk/vexv5/libv5rt.a(vex_brain.cpp.obj)
                0x0000000003804a14                vex::brain::lcd::drawRectangle(int, int, int, int, char const*)
 .text._ZN3vex5brain3lcd8hueToRgbEm
                0x0000000003804a68       0xe0 /Applications/VEXcode V5 Text.app/Contents/Resources/sdk/vexv5/libv5rt.a(vex_brain.cpp.obj)
                0x0000000003804a68                vex::brain::lcd::hueToRgb(unsigned long)
 .text._ZN3vex5brain3lcd11setPenColorEi
                0x0000000003804b48       0x10 /Applications/VEXcode V5 Text.app/Contents/Resources/sdk/vexv5/libv5rt.a(vex_brain.cpp.obj)
                0x0000000003804b48                vex::brain::lcd::setPenColor(int)
 .text._ZN3vex5brain3lcd13drawRectangleEiiiii
                0x0000000003804b58       0x54 /Applications/VEXcode V5 Text.app/Contents/Resources/sdk/vexv5/libv5rt.a(vex_brain.cpp.obj)
                0x0000000003804b58                vex::brain::lcd::drawRectangle(int, int, int, int, int)
 .text._ZN3vex11competition8_disableEPv
                0x0000000003804bac       0x9c /Applications/VEXcode V5 Text.app/Contents/Resources/sdk/vexv5/libv5rt.a(vex_competition.cpp.obj)
                0x0000000003804bac                vex::competition::_disable(void*)
 .text._ZN3vex11competition11_autonomousEv
                0x0000000003804c48       0x7c /Applications/VEXcode V5 Text.app/Contents/Resources/sdk/vexv5/libv5rt.a(vex_competition.cpp.obj)
                0x0000000003804c48                vex::competition::_autonomous()
 .text._ZN3vex11competition14_drivercontrolEv
                0x0000000003804cc4       0x7c /Applications/VEXcode V5 Text.app/Contents/Resources/sdk/vexv5/libv5rt.a(vex_competition.cpp.obj)
                0x0000000003804cc4                vex::competition::_drivercontrol()
 .text._ZN3vex11competitionC2Ev
                0x0000000003804d40      0x13c /Applications/VEXcode V5 Text.app/Contents/Resources/sdk/vexv5/libv5rt.a(vex_competition.cpp.obj)
                0x0000000003804d40                vex::competition::competition()
                0x0000000003804d40                vex::competition::competition()
 .text._ZN3vex11competitionD2Ev
                0x0000000003804e7c        0x4 /Applications/VEXcode V5 Text.app/Contents/Resources/sdk/vexv5/libv5rt.a(vex_competition.cpp.obj)
                0x0000000003804e7c                vex::competition::~competition()
                0x0000000003804e7c                vex::competition::~competition()
 .text._ZN3vex11competition10autonomousEPFvvE
                0x0000000003804e80       0x44 /Applications/VEXcode V5 Text.app/Contents/Resources/sdk/vexv5/libv5rt.a(vex_competition.cpp.obj)
                0x0000000003804e80                vex::competition::autonomous(void (*)())
 .text._ZN3vex11competition13drivercontrolEPFvvE
                0x0000000003804ec4       0x44 /Applications/VEXcode V5 Text.app/Contents/Resources/sdk/vexv5/libv5rt.a(vex_competition.cpp.obj)
                0x0000000003804ec4                vex::competition::drivercontrol(void (*)())
 .text._ZN3vex7triport9installedEv
                0x0000000003804f08       0x18 /Applications/VEXcode V5 Text.app/Contents/Resources/sdk/vexv5/libv5rt.a(vex_triport.cpp.obj)
                0x0000000003804f08                vex::triport::installed()
 .text._ZN3vex7triportD2Ev
                0x0000000003804f20       0x38 /Applications/VEXcode V5 Text.app/Contents/Resources/sdk/vexv5/libv5rt.a(vex_triport.cpp.obj)
                0x0000000003804f20                vex::triport::~triport()
                0x0000000003804f20                vex::triport::~triport()
 .text._ZN3vex7triport4portC2ElPS0_
                0x0000000003804f58       0x90 /Applications/VEXcode V5 Text.app/Contents/Resources/sdk/vexv5/libv5rt.a(vex_triport.cpp.obj)
                0x0000000003804f58                vex::triport::port::port(long, vex::triport*)
                0x0000000003804f58                vex::triport::port::port(long, vex::triport*)
 .text._ZN3vex7triportC2El
                0x0000000003804fe8       0xf0 /Applications/VEXcode V5 Text.app/Contents/Resources/sdk/vexv5/libv5rt.a(vex_triport.cpp.obj)
                0x0000000003804fe8                vex::triport::triport(long)
                0x0000000003804fe8                vex::triport::triport(long)
 .text._ZN3vex7triport4port4typeENS_11triportTypeE
                0x00000000038050d8       0x34 /Applications/VEXcode V5 Text.app/Contents/Resources/sdk/vexv5/libv5rt.a(vex_triport.cpp.obj)
                0x00000000038050d8                vex::triport::port::type(vex::triportType)
 .text._ZN3vex7triport4port4typeEv
                0x000000000380510c       0x38 /Applications/VEXcode V5 Text.app/Contents/Resources/sdk/vexv5/libv5rt.a(vex_triport.cpp.obj)
                0x000000000380510c                vex::triport::port::type()
 .text._ZN3vex7triport4port5valueEv
                0x0000000003805144       0x14 /Applications/VEXcode V5 Text.app/Contents/Resources/sdk/vexv5/libv5rt.a(vex_triport.cpp.obj)
                0x0000000003805144                vex::triport::port::value()
 .text._ZN3vex7triport4port8rotationENS_13rotationUnitsE
                0x0000000003805158       0x40 /Applications/VEXcode V5 Text.app/Contents/Resources/sdk/vexv5/libv5rt.a(vex_triport.cpp.obj)
                0x0000000003805158                vex::triport::port::rotation(vex::rotationUnits)
 .text._ZN3vex11__trideviceC2ERNS_7triport4portENS_11triportTypeE
                0x0000000003805198       0x5c /Applications/VEXcode V5 Text.app/Contents/Resources/sdk/vexv5/libv5rt.a(vex_triport.cpp.obj)
                0x0000000003805198                vex::__tridevice::__tridevice(vex::triport::port&, vex::triportType)
                0x0000000003805198                vex::__tridevice::__tridevice(vex::triport::port&, vex::triportType)
 .text._ZN3vex6bumperC2ERNS_7triport4portE
                0x00000000038051f4       0x28 /Applications/VEXcode V5 Text.app/Contents/Resources/sdk/vexv5/libv5rt.a(vex_triport.cpp.obj)
                0x00000000038051f4                vex::bumper::bumper(vex::triport::port&)
                0x00000000038051f4                vex::bumper::bumper(vex::triport::port&)
 .text._ZN3vex6bumperD2Ev
                0x000000000380521c        0x4 /Applications/VEXcode V5 Text.app/Contents/Resources/sdk/vexv5/libv5rt.a(vex_triport.cpp.obj)
                0x000000000380521c                vex::bumper::~bumper()
                0x000000000380521c                vex::bumper::~bumper()
 .text._ZN3vex6bumper5valueEv
                0x0000000003805220        0x8 /Applications/VEXcode V5 Text.app/Contents/Resources/sdk/vexv5/libv5rt.a(vex_triport.cpp.obj)
                0x0000000003805220                vex::bumper::value()
 .text._ZN3vex3potC2ERNS_7triport4portE
                0x0000000003805228       0x20 /Applications/VEXcode V5 Text.app/Contents/Resources/sdk/vexv5/libv5rt.a(vex_triport.cpp.obj)
                0x0000000003805228                vex::pot::pot(vex::triport::port&)
                0x0000000003805228                vex::pot::pot(vex::triport::port&)
 .text._ZN3vex3potD2Ev
                0x0000000003805248        0x4 /Applications/VEXcode V5 Text.app/Contents/Resources/sdk/vexv5/libv5rt.a(vex_triport.cpp.obj)
                0x0000000003805248                vex::pot::~pot()
                0x0000000003805248                vex::pot::~pot()
 .text._ZN3vex7encoderC2ERNS_7triport4portE
                0x000000000380524c       0x20 /Applications/VEXcode V5 Text.app/Contents/Resources/sdk/vexv5/libv5rt.a(vex_triport.cpp.obj)
                0x000000000380524c                vex::encoder::encoder(vex::triport::port&)
                0x000000000380524c                vex::encoder::encoder(vex::triport::port&)
 .text._ZN3vex7encoderD2Ev
                0x000000000380526c        0x4 /Applications/VEXcode V5 Text.app/Contents/Resources/sdk/vexv5/libv5rt.a(vex_triport.cpp.obj)
                0x000000000380526c                vex::encoder::~encoder()
                0x000000000380526c                vex::encoder::~encoder()
 .text._ZN3vex7encoder8rotationENS_13rotationUnitsE
                0x0000000003805270        0x8 /Applications/VEXcode V5 Text.app/Contents/Resources/sdk/vexv5/libv5rt.a(vex_triport.cpp.obj)
                0x0000000003805270                vex::encoder::rotation(vex::rotationUnits)
 .text._ZN3vex7encoder8positionENS_13rotationUnitsE
                0x0000000003805278        0x8 /Applications/VEXcode V5 Text.app/Contents/Resources/sdk/vexv5/libv5rt.a(vex_triport.cpp.obj)
                0x0000000003805278                vex::encoder::position(vex::rotationUnits)
 .text.startup._GLOBAL__sub_I__ZN3vex7triportC2El
                0x0000000003805280       0x30 /Applications/VEXcode V5 Text.app/Contents/Resources/sdk/vexv5/libv5rt.a(vex_triport.cpp.obj)
 .text._ZN3vex5colorD2Ev
                0x00000000038052b0        0x4 /Applications/VEXcode V5 Text.app/Contents/Resources/sdk/vexv5/libv5rt.a(vex_color.cpp.obj)
                0x00000000038052b0                vex::color::~color()
                0x00000000038052b0                vex::color::~color()
 .text._ZNK3vex5colorcvmEv
                0x00000000038052b4        0x8 /Applications/VEXcode V5 Text.app/Contents/Resources/sdk/vexv5/libv5rt.a(vex_color.cpp.obj)
                0x00000000038052b4                vex::color::operator unsigned long() const
 .text._ZNK3vex5color13isTransparentEv
                0x00000000038052bc        0x8 /Applications/VEXcode V5 Text.app/Contents/Resources/sdk/vexv5/libv5rt.a(vex_color.cpp.obj)
                0x00000000038052bc                vex::color::isTransparent() const
 .text.startup._GLOBAL__sub_I__ZN3vex5color5blackE
                0x00000000038052c4      0x164 /Applications/VEXcode V5 Text.app/Contents/Resources/sdk/vexv5/libv5rt.a(vex_color.cpp.obj)
 .text._ZN3vex5timerD2Ev
                0x0000000003805428        0x4 /Applications/VEXcode V5 Text.app/Contents/Resources/sdk/vexv5/libv5rt.a(vex_timer.cpp.obj)
                0x0000000003805428                vex::timer::~timer()
                0x0000000003805428                vex::timer::~timer()
 .text._ZN3vex5timer5clearEv
                0x000000000380542c       0x1c /Applications/VEXcode V5 Text.app/Contents/Resources/sdk/vexv5/libv5rt.a(vex_timer.cpp.obj)
                0x000000000380542c                vex::timer::clear()
 .text._ZN3vex5timerC2Ev
                0x0000000003805448       0x14 /Applications/VEXcode V5 Text.app/Contents/Resources/sdk/vexv5/libv5rt.a(vex_timer.cpp.obj)
                0x0000000003805448                vex::timer::timer()
                0x0000000003805448                vex::timer::timer()
 .text._ZN3vex11motor_group18motor_group_motorsC2Ev
                0x000000000380545c       0x28 /Applications/VEXcode V5 Text.app/Contents/Resources/sdk/vexv5/libv5rt.a(vex_motorgroup.cpp.obj)
                0x000000000380545c                vex::motor_group::motor_group_motors::motor_group_motors()
                0x000000000380545c                vex::motor_group::motor_group_motors::motor_group_motors()
 .text._ZN3vex11motor_groupC2Ev
                0x0000000003805484       0x1c /Applications/VEXcode V5 Text.app/Contents/Resources/sdk/vexv5/libv5rt.a(vex_motorgroup.cpp.obj)
                0x0000000003805484                vex::motor_group::motor_group()
                0x0000000003805484                vex::motor_group::motor_group()
 .text._ZN3vex11motor_groupD2Ev
                0x00000000038054a0        0x4 /Applications/VEXcode V5 Text.app/Contents/Resources/sdk/vexv5/libv5rt.a(vex_motorgroup.cpp.obj)
                0x00000000038054a0                vex::motor_group::~motor_group()
                0x00000000038054a0                vex::motor_group::~motor_group()
 .text._ZN3vex11motor_group9_addMotorERNS_5motorE
                0x00000000038054a4       0x24 /Applications/VEXcode V5 Text.app/Contents/Resources/sdk/vexv5/libv5rt.a(vex_motorgroup.cpp.obj)
                0x00000000038054a4                vex::motor_group::_addMotor(vex::motor&)
 .text._ZN3vex11motor_group4spinENS_13directionTypeEdNS_13velocityUnitsE
                0x00000000038054c8       0x54 /Applications/VEXcode V5 Text.app/Contents/Resources/sdk/vexv5/libv5rt.a(vex_motorgroup.cpp.obj)
                0x00000000038054c8                vex::motor_group::spin(vex::directionType, double, vex::velocityUnits)
 .text.vexAdiPortConfigSet
                0x000000000380551c       0x28 /Applications/VEXcode V5 Text.app/Contents/Resources/sdk/vexv5/libv5rt.a(v5_apiuser.c.obj)
                0x000000000380551c                vexAdiPortConfigSet
 .text.vexAdiPortConfigGet
                0x0000000003805544       0x28 /Applications/VEXcode V5 Text.app/Contents/Resources/sdk/vexv5/libv5rt.a(v5_apiuser.c.obj)
                0x0000000003805544                vexAdiPortConfigGet
 .text.vexAdiValueGet
                0x000000000380556c       0x20 /Applications/VEXcode V5 Text.app/Contents/Resources/sdk/vexv5/libv5rt.a(v5_apiuser.c.obj)
                0x000000000380556c                vexAdiValueGet
 .text.vexMotorVelocitySet
                0x000000000380558c       0x20 /Applications/VEXcode V5 Text.app/Contents/Resources/sdk/vexv5/libv5rt.a(v5_apiuser.c.obj)
                0x000000000380558c                vexMotorVelocitySet
 .text.vexMotorActualVelocityGet
                0x00000000038055ac       0x24 /Applications/VEXcode V5 Text.app/Contents/Resources/sdk/vexv5/libv5rt.a(v5_apiuser.c.obj)
                0x00000000038055ac                vexMotorActualVelocityGet
 .text.vexMotorZeroPositionFlagGet
                0x00000000038055d0       0x18 /Applications/VEXcode V5 Text.app/Contents/Resources/sdk/vexv5/libv5rt.a(v5_apiuser.c.obj)
                0x00000000038055d0                vexMotorZeroPositionFlagGet
 .text.vexMotorReverseFlagSet
                0x00000000038055e8       0x20 /Applications/VEXcode V5 Text.app/Contents/Resources/sdk/vexv5/libv5rt.a(v5_apiuser.c.obj)
                0x00000000038055e8                vexMotorReverseFlagSet
 .text.vexMotorEncoderUnitsSet
                0x0000000003805608       0x20 /Applications/VEXcode V5 Text.app/Contents/Resources/sdk/vexv5/libv5rt.a(v5_apiuser.c.obj)
                0x0000000003805608                vexMotorEncoderUnitsSet
 .text.vexMotorBrakeModeSet
                0x0000000003805628       0x20 /Applications/VEXcode V5 Text.app/Contents/Resources/sdk/vexv5/libv5rt.a(v5_apiuser.c.obj)
                0x0000000003805628                vexMotorBrakeModeSet
 .text.vexMotorPositionSet
                0x0000000003805648       0x28 /Applications/VEXcode V5 Text.app/Contents/Resources/sdk/vexv5/libv5rt.a(v5_apiuser.c.obj)
                0x0000000003805648                vexMotorPositionSet
 .text.vexMotorPositionGet
                0x0000000003805670       0x24 /Applications/VEXcode V5 Text.app/Contents/Resources/sdk/vexv5/libv5rt.a(v5_apiuser.c.obj)
                0x0000000003805670                vexMotorPositionGet
 .text.vexMotorAbsoluteTargetSet
                0x0000000003805694       0x30 /Applications/VEXcode V5 Text.app/Contents/Resources/sdk/vexv5/libv5rt.a(v5_apiuser.c.obj)
                0x0000000003805694                vexMotorAbsoluteTargetSet
 .text.vexMotorGearingSet
                0x00000000038056c4       0x20 /Applications/VEXcode V5 Text.app/Contents/Resources/sdk/vexv5/libv5rt.a(v5_apiuser.c.obj)
                0x00000000038056c4                vexMotorGearingSet
 .text.vexMotorGearingGet
                0x00000000038056e4       0x18 /Applications/VEXcode V5 Text.app/Contents/Resources/sdk/vexv5/libv5rt.a(v5_apiuser.c.obj)
                0x00000000038056e4                vexMotorGearingGet
 .text.vexEventMaskSet
                0x00000000038056fc       0x28 /Applications/VEXcode V5 Text.app/Contents/Resources/sdk/vexv5/libv5rt.a(v5_apiuser.c.obj)
                0x00000000038056fc                vexEventMaskSet
 .text.vexEventMaskGet
                0x0000000003805724       0x18 /Applications/VEXcode V5 Text.app/Contents/Resources/sdk/vexv5/libv5rt.a(v5_apiuser.c.obj)
                0x0000000003805724                vexEventMaskGet
 .text._ZN3vex6device5valueEv
                0x000000000380573c        0x8 /Applications/VEXcode V5 Text.app/Contents/Resources/sdk/vexv5/libv5rt.a(vex_device.cpp.obj)
                0x000000000380573c                vex::device::value()
 .text._ZN3vex6deviceD2Ev
                0x0000000003805744        0x4 /Applications/VEXcode V5 Text.app/Contents/Resources/sdk/vexv5/libv5rt.a(vex_device.cpp.obj)
                0x0000000003805744                vex::device::~device()
                0x0000000003805744                vex::device::~device()
 .text._ZN3vex6device4initEl
                0x0000000003805748       0x30 /Applications/VEXcode V5 Text.app/Contents/Resources/sdk/vexv5/libv5rt.a(vex_device.cpp.obj)
                0x0000000003805748                vex::device::init(long)
 .text._ZN3vex6deviceC2El
                0x0000000003805778       0x20 /Applications/VEXcode V5 Text.app/Contents/Resources/sdk/vexv5/libv5rt.a(vex_device.cpp.obj)
                0x0000000003805778                vex::device::device(long)
                0x0000000003805778                vex::device::device(long)
 .text._ZN3vex6device4typeEv
                0x0000000003805798       0x10 /Applications/VEXcode V5 Text.app/Contents/Resources/sdk/vexv5/libv5rt.a(vex_device.cpp.obj)
                0x0000000003805798                vex::device::type()
 .text._ZN3vex6device9installedEv
                0x00000000038057a8       0x14 /Applications/VEXcode V5 Text.app/Contents/Resources/sdk/vexv5/libv5rt.a(vex_device.cpp.obj)
                0x00000000038057a8                vex::device::installed()
 .text._ZN3vex4taskC2EPFivE
                0x00000000038057bc       0x54 /Applications/VEXcode V5 Text.app/Contents/Resources/sdk/vexv5/libv5rt.a(vex_task.cpp.obj)
                0x00000000038057bc                vex::task::task(int (*)())
                0x00000000038057bc                vex::task::task(int (*)())
 .text._ZN3vex4taskD2Ev
                0x0000000003805810        0x4 /Applications/VEXcode V5 Text.app/Contents/Resources/sdk/vexv5/libv5rt.a(vex_task.cpp.obj)
                0x0000000003805810                vex::task::~task()
                0x0000000003805810                vex::task::~task()
 .text._ZN3vex4task4stopEPFivE
                0x0000000003805814        0xc /Applications/VEXcode V5 Text.app/Contents/Resources/sdk/vexv5/libv5rt.a(vex_task.cpp.obj)
                0x0000000003805814                vex::task::stop(int (*)())
 .text._ZN3vex4task6_indexEPFivE
                0x0000000003805820       0x14 /Applications/VEXcode V5 Text.app/Contents/Resources/sdk/vexv5/libv5rt.a(vex_task.cpp.obj)
                0x0000000003805820                vex::task::_index(int (*)())
 .text._ZN3vex4task8_stopAllEv
                0x0000000003805834       0x3c /Applications/VEXcode V5 Text.app/Contents/Resources/sdk/vexv5/libv5rt.a(vex_task.cpp.obj)
                0x0000000003805834                vex::task::_stopAll()
 .text.__libc_fini_array
                0x0000000003805870       0x30 /Applications/VEXcode V5 Text.app/Contents/Resources/sdk/vexv5/gcc/libs/libc.a(lib_a-fini.o)
                0x0000000003805870                __libc_fini_array
 .text.__libc_init_array
                0x00000000038058a0       0x58 /Applications/VEXcode V5 Text.app/Contents/Resources/sdk/vexv5/gcc/libs/libc.a(lib_a-init.o)
                0x00000000038058a0                __libc_init_array
 .text.__libc_init_array.__stub
                0x00000000038058f8       0x18 linker stubs
 *(.gnu.linkonce.t.*)
 *(.plt)
 *(.gnu_warning)
 *(.gcc_except_table)
 *(.glue_7)
 .glue_7        0x0000000003805910        0x0 linker stubs
 *(.glue_7t)
 .glue_7t       0x0000000003805910        0x0 linker stubs
 *(.vfp11_veneer)
 .vfp11_veneer  0x0000000003805910        0x0 linker stubs
 *(.ARM.extab)
 *(.gnu.linkonce.armextab.*)

.v4_bx          0x0000000003805910        0x0
 .v4_bx         0x0000000003805910        0x0 linker stubs

.iplt           0x0000000003805910        0x0
 .iplt          0x0000000003805910        0x0 build/src/main.o

.init
 *(.init)

.fini
 *(.fini)

.rodata         0x0000000003805910      0x1c8
                0x0000000003805910                __rodata_start = .
 *(.rodata)
 *(.rodata.*)
 .rodata.str1.1
                0x0000000003805910       0x9d build/src/main.o
                                         0x9e (size before relaxing)
 .rodata.str1.1
                0x00000000038059ad       0x1b build/src/AutomatedTasks/screenfunctions.o
 .rodata.str1.1
                0x00000000038059c8       0x2e /Applications/VEXcode V5 Text.app/Contents/Resources/sdk/vexv5/libv5rt.a(v5_startup.c.obj)
 *fill*         0x00000000038059f6        0x2 
 .rodata._ZN3vex3redE
                0x00000000038059f8        0x4 /Applications/VEXcode V5 Text.app/Contents/Resources/sdk/vexv5/libv5rt.a(vex_global.cpp.obj)
                0x00000000038059f8                vex::red
 .rodata._ZN3vex5PORT3E
                0x00000000038059fc        0x4 /Applications/VEXcode V5 Text.app/Contents/Resources/sdk/vexv5/libv5rt.a(vex_global.cpp.obj)
                0x00000000038059fc                vex::PORT3
 .rodata._ZN3vex5PORT1E
                0x0000000003805a00        0x4 /Applications/VEXcode V5 Text.app/Contents/Resources/sdk/vexv5/libv5rt.a(vex_global.cpp.obj)
                0x0000000003805a00                vex::PORT1
 .rodata._ZN3vex5PORT5E
                0x0000000003805a04        0x4 /Applications/VEXcode V5 Text.app/Contents/Resources/sdk/vexv5/libv5rt.a(vex_global.cpp.obj)
                0x0000000003805a04                vex::PORT5
 .rodata._ZN3vex5PORT7E
                0x0000000003805a08        0x4 /Applications/VEXcode V5 Text.app/Contents/Resources/sdk/vexv5/libv5rt.a(vex_global.cpp.obj)
                0x0000000003805a08                vex::PORT7
 .rodata._ZN3vex5whiteE
                0x0000000003805a0c        0x4 /Applications/VEXcode V5 Text.app/Contents/Resources/sdk/vexv5/libv5rt.a(vex_global.cpp.obj)
                0x0000000003805a0c                vex::white
 .rodata._ZN3vex5PORT6E
                0x0000000003805a10        0x4 /Applications/VEXcode V5 Text.app/Contents/Resources/sdk/vexv5/libv5rt.a(vex_global.cpp.obj)
                0x0000000003805a10                vex::PORT6
 .rodata._ZN3vex5PORT2E
                0x0000000003805a14        0x4 /Applications/VEXcode V5 Text.app/Contents/Resources/sdk/vexv5/libv5rt.a(vex_global.cpp.obj)
                0x0000000003805a14                vex::PORT2
 .rodata._ZN3vex6PORT22E
                0x0000000003805a18        0x4 /Applications/VEXcode V5 Text.app/Contents/Resources/sdk/vexv5/libv5rt.a(vex_global.cpp.obj)
                0x0000000003805a18                vex::PORT22
 .rodata._ZN3vex5PORT4E
                0x0000000003805a1c        0x4 /Applications/VEXcode V5 Text.app/Contents/Resources/sdk/vexv5/libv5rt.a(vex_global.cpp.obj)
                0x0000000003805a1c                vex::PORT4
 .rodata._ZN3vex5PORT8E
                0x0000000003805a20        0x4 /Applications/VEXcode V5 Text.app/Contents/Resources/sdk/vexv5/libv5rt.a(vex_global.cpp.obj)
                0x0000000003805a20                vex::PORT8
 *fill*         0x0000000003805a24        0x4 
 .rodata._ZTVN3vex5motorE
                0x0000000003805a28       0x10 /Applications/VEXcode V5 Text.app/Contents/Resources/sdk/vexv5/libv5rt.a(vex_motor.cpp.obj)
                0x0000000003805a28                vtable for vex::motor
 .rodata.CSWTCH.15
                0x0000000003805a38        0xb /Applications/VEXcode V5 Text.app/Contents/Resources/sdk/vexv5/libv5rt.a(vex_controller.cpp.obj)
 .rodata.CSWTCH.17
                0x0000000003805a43        0xb /Applications/VEXcode V5 Text.app/Contents/Resources/sdk/vexv5/libv5rt.a(vex_controller.cpp.obj)
 .rodata.CSWTCH.23
                0x0000000003805a4e        0x3 /Applications/VEXcode V5 Text.app/Contents/Resources/sdk/vexv5/libv5rt.a(vex_controller.cpp.obj)
 .rodata.str1.1
                0x0000000003805a51        0xa /Applications/VEXcode V5 Text.app/Contents/Resources/sdk/vexv5/libv5rt.a(vex_thread.cpp.obj)
 .rodata.str1.1
                0x0000000003805a5b       0x2b /Applications/VEXcode V5 Text.app/Contents/Resources/sdk/vexv5/libv5rt.a(vex_brain.cpp.obj)
 *fill*         0x0000000003805a86        0x2 
 .rodata._ZTVN3vex7triportE
                0x0000000003805a88       0x10 /Applications/VEXcode V5 Text.app/Contents/Resources/sdk/vexv5/libv5rt.a(vex_triport.cpp.obj)
                0x0000000003805a88                vtable for vex::triport
 .rodata.CSWTCH.26
                0x0000000003805a98        0xe /Applications/VEXcode V5 Text.app/Contents/Resources/sdk/vexv5/libv5rt.a(vex_triport.cpp.obj)
 .rodata.CSWTCH.31
                0x0000000003805aa6       0x10 /Applications/VEXcode V5 Text.app/Contents/Resources/sdk/vexv5/libv5rt.a(vex_triport.cpp.obj)
 *fill*         0x0000000003805ab6        0x2 
 .rodata._ZTVN3vex6deviceE
                0x0000000003805ab8       0x10 /Applications/VEXcode V5 Text.app/Contents/Resources/sdk/vexv5/libv5rt.a(vex_device.cpp.obj)
                0x0000000003805ab8                vtable for vex::device
 .rodata.str1.1
                0x0000000003805ac8        0xa /Applications/VEXcode V5 Text.app/Contents/Resources/sdk/vexv5/libv5rt.a(vex_task.cpp.obj)
 *fill*         0x0000000003805ad2        0x2 
 .rodata.str1.4
                0x0000000003805ad4        0x4 /Applications/VEXcode V5 Text.app/Contents/Resources/sdk/vexv5/gcc/libs/libc.a(lib_a-impure.o)
                                          0x2 (size before relaxing)
 *(.gnu.linkonce.r.*)
                0x0000000003805ad8                __rodata_end = .

.rodata1        0x0000000003805ad8        0x0
                0x0000000003805ad8                __rodata1_start = .
 *(.rodata1)
 *(.rodata1.*)
                0x0000000003805ad8                __rodata1_end = .

.sdata2         0x0000000003805ad8        0x0
                0x0000000003805ad8                __sdata2_start = .
 *(.sdata2)
 *(.sdata2.*)
 *(.gnu.linkonce.s2.*)
                0x0000000003805ad8                __sdata2_end = .

.sbss2          0x0000000003805ad8        0x0
                0x0000000003805ad8                __sbss2_start = .
 *(.sbss2)
 *(.sbss2.*)
 *(.gnu.linkonce.sb2.*)
                0x0000000003805ad8                __sbss2_end = .

.data           0x0000000003805ad8      0x484
                0x0000000003805ad8                __data_start = .
 *(.data)
 *(.data.*)
 .data.aselection
                0x0000000003805ad8        0x4 build/src/main.o
                0x0000000003805ad8                aselection
 .data.armout   0x0000000003805adc        0x4 build/src/main.o
                0x0000000003805adc                armout
 .data.armrelease
                0x0000000003805ae0        0x4 build/src/main.o
                0x0000000003805ae0                armrelease
 .data.xplace   0x0000000003805ae4        0x4 build/src/main.o
                0x0000000003805ae4                xplace
 .data.ColorChosen
                0x0000000003805ae8        0x4 build/src/main.o
                0x0000000003805ae8                ColorChosen
 .data.appRunning
                0x0000000003805aec        0x4 /Applications/VEXcode V5 Text.app/Contents/Resources/sdk/vexv5/libv5rt.a(v5_startup.c.obj)
                0x0000000003805aec                appRunning
 .data.__yoff   0x0000000003805af0        0x4 /Applications/VEXcode V5 Text.app/Contents/Resources/sdk/vexv5/libv5rt.a(v5_apijump.c.obj)
 .data._ZN3vex7partnerE
                0x0000000003805af4        0x4 /Applications/VEXcode V5 Text.app/Contents/Resources/sdk/vexv5/libv5rt.a(vex_global.cpp.obj)
                0x0000000003805af4                vex::partner
 .data._ZN3vex6mono30E
                0x0000000003805af8        0x4 /Applications/VEXcode V5 Text.app/Contents/Resources/sdk/vexv5/libv5rt.a(vex_global.cpp.obj)
                0x0000000003805af8                vex::mono30
 .data._ZN3vex9ratio18_1E
                0x0000000003805afc        0x4 /Applications/VEXcode V5 Text.app/Contents/Resources/sdk/vexv5/libv5rt.a(vex_global.cpp.obj)
                0x0000000003805afc                vex::ratio18_1
 .data._ZN3vex6prop60E
                0x0000000003805b00        0x4 /Applications/VEXcode V5 Text.app/Contents/Resources/sdk/vexv5/libv5rt.a(vex_global.cpp.obj)
                0x0000000003805b00                vex::prop60
 .data._ZN3vex5turnsE
                0x0000000003805b04        0x4 /Applications/VEXcode V5 Text.app/Contents/Resources/sdk/vexv5/libv5rt.a(vex_global.cpp.obj)
                0x0000000003805b04                vex::turns
 .data._ZN3vex6mono15E
                0x0000000003805b08        0x4 /Applications/VEXcode V5 Text.app/Contents/Resources/sdk/vexv5/libv5rt.a(vex_global.cpp.obj)
                0x0000000003805b08                vex::mono15
 .data._ZN3vex3revE
                0x0000000003805b0c        0x4 /Applications/VEXcode V5 Text.app/Contents/Resources/sdk/vexv5/libv5rt.a(vex_global.cpp.obj)
                0x0000000003805b0c                vex::rev
 .data._ZN3vex6prop40E
                0x0000000003805b10        0x4 /Applications/VEXcode V5 Text.app/Contents/Resources/sdk/vexv5/libv5rt.a(vex_global.cpp.obj)
                0x0000000003805b10                vex::prop40
 .data._ZN3vex4msecE
                0x0000000003805b14        0x4 /Applications/VEXcode V5 Text.app/Contents/Resources/sdk/vexv5/libv5rt.a(vex_global.cpp.obj)
                0x0000000003805b14                vex::msec
 .data._ZN3vex6prop30E
                0x0000000003805b18        0x4 /Applications/VEXcode V5 Text.app/Contents/Resources/sdk/vexv5/libv5rt.a(vex_global.cpp.obj)
                0x0000000003805b18                vex::prop30
 .data._ZN3vex6prop20E
                0x0000000003805b1c        0x4 /Applications/VEXcode V5 Text.app/Contents/Resources/sdk/vexv5/libv5rt.a(vex_global.cpp.obj)
                0x0000000003805b1c                vex::prop20
 .data._ZN3vex6mono12E
                0x0000000003805b20        0x4 /Applications/VEXcode V5 Text.app/Contents/Resources/sdk/vexv5/libv5rt.a(vex_global.cpp.obj)
                0x0000000003805b20                vex::mono12
 .data._ZN3vex6mono40E
                0x0000000003805b24        0x4 /Applications/VEXcode V5 Text.app/Contents/Resources/sdk/vexv5/libv5rt.a(vex_global.cpp.obj)
                0x0000000003805b24                vex::mono40
 .data._ZN3vex24__default_motor_velocityE
                0x0000000003805b28        0x4 /Applications/VEXcode V5 Text.app/Contents/Resources/sdk/vexv5/libv5rt.a(vex_motor.cpp.obj)
                0x0000000003805b28                vex::__default_motor_velocity
 *fill*         0x0000000003805b2c        0x4 
 .data.impure_data
                0x0000000003805b30      0x428 /Applications/VEXcode V5 Text.app/Contents/Resources/sdk/vexv5/gcc/libs/libc.a(lib_a-impure.o)
 .data._impure_ptr
                0x0000000003805f58        0x4 /Applications/VEXcode V5 Text.app/Contents/Resources/sdk/vexv5/gcc/libs/libc.a(lib_a-impure.o)
                0x0000000003805f58                _impure_ptr
 *(.gnu.linkonce.d.*)
 *(.jcr)
 *(.got)
 *(.got.plt)
                0x0000000003805f5c                __data_end = .

.igot.plt       0x0000000003805f5c        0x0
 .igot.plt      0x0000000003805f5c        0x0 build/src/main.o

.data1          0x0000000003805f5c        0x0
                0x0000000003805f5c                __data1_start = .
 *(.data1)
 *(.data1.*)
                0x0000000003805f5c                __data1_end = .

.got
 *(.got)

.ctors          0x0000000003805f5c        0x0
                0x0000000003805f5c                __CTOR_LIST__ = .
                0x0000000003805f5c                ___CTORS_LIST___ = .
 *crtbegin.o(.ctors)
 *(EXCLUDE_FILE(*crtend.o) .ctors)
 *(SORT_BY_NAME(.ctors.*))
 *(.ctors)
                0x0000000003805f5c                __CTOR_END__ = .
                0x0000000003805f5c                ___CTORS_END___ = .

.dtors          0x0000000003805f5c        0x0
                0x0000000003805f5c                __DTOR_LIST__ = .
                0x0000000003805f5c                ___DTORS_LIST___ = .
 *crtbegin.o(.dtors)
 *(EXCLUDE_FILE(*crtend.o) .dtors)
 *(SORT_BY_NAME(.dtors.*))
 *(.dtors)
                0x0000000003805f5c                __DTOR_END__ = .
                0x0000000003805f5c                ___DTORS_END___ = .

.fixup          0x0000000003805f5c        0x0
                0x0000000003805f5c                __fixup_start = .
 *(.fixup)
                0x0000000003805f5c                __fixup_end = .

.eh_frame
 *(.eh_frame)

.eh_framehdr    0x0000000003805f5c        0x0
                0x0000000003805f5c                __eh_framehdr_start = .
 *(.eh_framehdr)
                0x0000000003805f5c                __eh_framehdr_end = .

.gcc_except_table
 *(.gcc_except_table)

.mmu_tbl        0x0000000003808000        0x0
                0x0000000003808000                __mmu_tbl_start = .
 *(.mmu_tbl)
                0x0000000003808000                __mmu_tbl_end = .

.ARM.exidx      0x0000000003805f5c        0x8
                0x0000000003805f5c                __exidx_start = .
 *(.ARM.exidx*)
 .ARM.exidx.text._Z10insertTextSsiiiiiiiSs
                0x0000000003805f5c        0x8 build/src/main.o
 .ARM.exidx.text._ZN9lcdButtonC2EiiiiSsSsSsi
                0x0000000003805f64        0x0 build/src/main.o
                                          0x8 (size before relaxing)
 .ARM.exidx.text._ZN9lcdButtonD2Ev
                0x0000000003805f64        0x0 build/src/main.o
                                          0x8 (size before relaxing)
 .ARM.exidx.text._ZN9lcdButtonC2EiiiiSsSs
                0x0000000003805f64        0x0 build/src/main.o
                                          0x8 (size before relaxing)
 .ARM.exidx.text._Z12drawTonomousv
                0x0000000003805f64        0x0 build/src/main.o
                                          0x8 (size before relaxing)
 .ARM.exidx.text._ZN9lcdButton4drawEv
                0x0000000003805f64        0x0 build/src/main.o
                                          0x8 (size before relaxing)
 .ARM.exidx.text._Z9pre_autonv
                0x0000000003805f64        0x0 build/src/main.o
                                          0x8 (size before relaxing)
 .ARM.exidx.text._ZN9lcdButton8pressingEv
                0x0000000003805f64        0x0 build/src/main.o
                                          0x8 (size before relaxing)
 .ARM.exidx.text._Z10autonomousv
                0x0000000003805f64        0x0 build/src/main.o
                                          0x8 (size before relaxing)
 .ARM.exidx.text._Z11usercontrolv
                0x0000000003805f64        0x0 build/src/main.o
                                          0x8 (size before relaxing)
 .ARM.exidx.text.main
                0x0000000003805f64        0x0 build/src/main.o
                                          0x8 (size before relaxing)
 .ARM.exidx.text._GLOBAL__sub_I_main.cpp
                0x0000000003805f64        0x0 build/src/main.o
                                          0x8 (size before relaxing)
 .ARM.exidx.text._GLOBAL__sub_I_robot_config.cpp
                0x0000000003805f64        0x0 build/src/robot-config.o
                                          0x8 (size before relaxing)
 .ARM.exidx.text._Z11alwaysStackv
                0x0000000003805f64        0x0 build/src/AutomatedTasks/autostack.o
                                          0x8 (size before relaxing)
 .ARM.exidx.text._Z10cascadeposv
                0x0000000003805f64        0x0 build/src/AutomatedTasks/cascadepos.o
                                          0x8 (size before relaxing)
 .ARM.exidx.text._Z11cascadeHoldv
                0x0000000003805f64        0x0 build/src/AutomatedTasks/cascadepos.o
                                          0x8 (size before relaxing)
 .ARM.exidx.text._Z11inchesToDegd
                0x0000000003805f64        0x0 build/src/AutomatedTasks/drivePID.o
                                          0x8 (size before relaxing)
 .ARM.exidx.text._Z13drivestraighti
                0x0000000003805f64        0x0 build/src/AutomatedTasks/drivePID.o
                                          0x8 (size before relaxing)
 .ARM.exidx.text._Z9driveturni
                0x0000000003805f64        0x0 build/src/AutomatedTasks/drivePID.o
                                          0x8 (size before relaxing)
 .ARM.exidx.text._Z9basicPlotv
                0x0000000003805f64        0x0 build/src/AutomatedTasks/screenfunctions.o
                                          0x8 (size before relaxing)
 .ARM.exidx.text._Z11screenflashv
                0x0000000003805f64        0x0 build/src/AutomatedTasks/screenfunctions.o
                                          0x8 (size before relaxing)
 .ARM.exidx.text._Z9BlueTowerv
                0x0000000003805f64        0x0 build/src/Autonomous/Blue4.o
                                          0x8 (size before relaxing)
 .ARM.exidx.text._Z7Bluerunv
                0x0000000003805f64        0x0 build/src/Autonomous/BlueRun.o
                                          0x8 (size before relaxing)
 .ARM.exidx.text._Z8RedTowerv
                0x0000000003805f64        0x0 build/src/Autonomous/Red4.o
                                          0x8 (size before relaxing)
 .ARM.exidx.text._Z6Redrunv
                0x0000000003805f64        0x0 build/src/Autonomous/RedRun.o
                                          0x8 (size before relaxing)
 *(.gnu.linkonce.armexidix.*.*)
                0x0000000003805f64                __exidx_end = .

.rel.dyn        0x0000000003805f64        0x0
 .rel.iplt      0x0000000003805f64        0x0 build/src/main.o

.preinit_array  0x0000000003805f64        0x0
                0x0000000003805f64                __preinit_array_start = .
 *(SORT_BY_NAME(.preinit_array.*))
 *(.preinit_array)
                0x0000000003805f64                __preinit_array_end = .

.init_array     0x0000000003805f64       0x10
                0x0000000003805f64                __init_array_start = .
 *(SORT_BY_NAME(.init_array.*))
 *(.init_array)
 .init_array    0x0000000003805f64        0x4 build/src/main.o
 .init_array    0x0000000003805f68        0x4 build/src/robot-config.o
 .init_array    0x0000000003805f6c        0x4 /Applications/VEXcode V5 Text.app/Contents/Resources/sdk/vexv5/libv5rt.a(vex_triport.cpp.obj)
 .init_array    0x0000000003805f70        0x4 /Applications/VEXcode V5 Text.app/Contents/Resources/sdk/vexv5/libv5rt.a(vex_color.cpp.obj)
                0x0000000003805f74                __init_array_end = .

.fini_array     0x0000000003805f74        0x0
                0x0000000003805f74                __fini_array_start = .
 *(SORT_BY_NAME(.fini_array.*))
 *(.fini_array)
                0x0000000003805f74                __fini_array_end = .

.ARM.attributes
                0x0000000003805f74       0x3c
                0x0000000003805f74                __ARM.attributes_start = .
 *(.ARM.attributes)
 .ARM.attributes
                0x0000000003805f74       0x3a build/src/main.o
 .ARM.attributes
                0x0000000003805fae       0x3a build/src/robot-config.o
 .ARM.attributes
                0x0000000003805fe8       0x3a build/src/AutomatedTasks/autostack.o
 .ARM.attributes
                0x0000000003806022       0x3a build/src/AutomatedTasks/cascadepos.o
 .ARM.attributes
                0x000000000380605c       0x3a build/src/AutomatedTasks/drivePID.o
 .ARM.attributes
                0x0000000003806096       0x3a build/src/AutomatedTasks/screenfunctions.o
 .ARM.attributes
                0x00000000038060d0       0x3a build/src/Autonomous/Blue4.o
 .ARM.attributes
                0x000000000380610a       0x3a build/src/Autonomous/BlueRun.o
 .ARM.attributes
                0x0000000003806144       0x3a build/src/Autonomous/Red4.o
 .ARM.attributes
                0x000000000380617e       0x3a build/src/Autonomous/RedRun.o
 .ARM.attributes
                0x00000000038061b8       0x35 /Applications/VEXcode V5 Text.app/Contents/Resources/sdk/vexv5/libv5rt.a(v5_startup.c.obj)
 .ARM.attributes
                0x00000000038061ed       0x35 /Applications/VEXcode V5 Text.app/Contents/Resources/sdk/vexv5/libv5rt.a(v5_util.c.obj)
 .ARM.attributes
                0x0000000003806222       0x35 /Applications/VEXcode V5 Text.app/Contents/Resources/sdk/vexv5/libv5rt.a(v5_apijump.c.obj)
 .ARM.attributes
                0x0000000003806257       0x35 /Applications/VEXcode V5 Text.app/Contents/Resources/sdk/vexv5/libv5rt.a(v5_apiversions.c.obj)
 .ARM.attributes
                0x000000000380628c       0x35 /Applications/VEXcode V5 Text.app/Contents/Resources/sdk/vexv5/libv5rt.a(vex_global.cpp.obj)
 .ARM.attributes
                0x00000000038062c1       0x35 /Applications/VEXcode V5 Text.app/Contents/Resources/sdk/vexv5/libv5rt.a(vex_motor.cpp.obj)
 .ARM.attributes
                0x00000000038062f6       0x35 /Applications/VEXcode V5 Text.app/Contents/Resources/sdk/vexv5/libv5rt.a(vex_controller.cpp.obj)
 .ARM.attributes
                0x000000000380632b       0x35 /Applications/VEXcode V5 Text.app/Contents/Resources/sdk/vexv5/libv5rt.a(vex_thread.cpp.obj)
 .ARM.attributes
                0x0000000003806360       0x35 /Applications/VEXcode V5 Text.app/Contents/Resources/sdk/vexv5/libv5rt.a(vex_event.cpp.obj)
 .ARM.attributes
                0x0000000003806395       0x35 /Applications/VEXcode V5 Text.app/Contents/Resources/sdk/vexv5/libv5rt.a(vex_mevent.cpp.obj)
 .ARM.attributes
                0x00000000038063ca       0x35 /Applications/VEXcode V5 Text.app/Contents/Resources/sdk/vexv5/libv5rt.a(vex_brain.cpp.obj)
 .ARM.attributes
                0x00000000038063ff       0x35 /Applications/VEXcode V5 Text.app/Contents/Resources/sdk/vexv5/libv5rt.a(vex_competition.cpp.obj)
 .ARM.attributes
                0x0000000003806434       0x35 /Applications/VEXcode V5 Text.app/Contents/Resources/sdk/vexv5/libv5rt.a(vex_triport.cpp.obj)
 .ARM.attributes
                0x0000000003806469       0x35 /Applications/VEXcode V5 Text.app/Contents/Resources/sdk/vexv5/libv5rt.a(vex_color.cpp.obj)
 .ARM.attributes
                0x000000000380649e       0x35 /Applications/VEXcode V5 Text.app/Contents/Resources/sdk/vexv5/libv5rt.a(vex_timer.cpp.obj)
 .ARM.attributes
                0x00000000038064d3       0x35 /Applications/VEXcode V5 Text.app/Contents/Resources/sdk/vexv5/libv5rt.a(vex_motorgroup.cpp.obj)
 .ARM.attributes
                0x0000000003806508       0x35 /Applications/VEXcode V5 Text.app/Contents/Resources/sdk/vexv5/libv5rt.a(v5_apiuser.c.obj)
 .ARM.attributes
                0x000000000380653d       0x35 /Applications/VEXcode V5 Text.app/Contents/Resources/sdk/vexv5/libv5rt.a(vex_device.cpp.obj)
 .ARM.attributes
                0x0000000003806572       0x35 /Applications/VEXcode V5 Text.app/Contents/Resources/sdk/vexv5/libv5rt.a(vex_task.cpp.obj)
 .ARM.attributes
                0x00000000038065a7       0x2b /Applications/VEXcode V5 Text.app/Contents/Resources/sdk/vexv5/gcc/libs/libc.a(lib_a-fini.o)
 .ARM.attributes
                0x00000000038065d2       0x2b /Applications/VEXcode V5 Text.app/Contents/Resources/sdk/vexv5/gcc/libs/libc.a(lib_a-impure.o)
 .ARM.attributes
                0x00000000038065fd       0x2b /Applications/VEXcode V5 Text.app/Contents/Resources/sdk/vexv5/gcc/libs/libc.a(lib_a-init.o)
                0x0000000003806628                __ARM.attributes_end = .

.sdata          0x0000000003805f74        0x0
                0x0000000003805f74                __sdata_start = .
 *(.sdata)
 *(.sdata.*)
 *(.gnu.linkonce.s.*)
                0x0000000003805f74                __sdata_end = .

.sbss           0x0000000003805f74        0x0
                0x0000000003805f74                __sbss_start = .
 *(.sbss)
 *(.sbss.*)
 *(.gnu.linkonce.sb.*)
                0x0000000003805f74                __sbss_end = .

.tdata          0x0000000003805f74        0x0
                0x0000000003805f74                __tdata_start = .
 *(.tdata)
 *(.tdata.*)
 *(.gnu.linkonce.td.*)
                0x0000000003805f74                __tdata_end = .

.tbss           0x0000000003805f74        0x0
                0x0000000003805f74                __tbss_start = .
 *(.tbss)
 *(.tbss.*)
 *(.gnu.linkonce.tb.*)
                0x0000000003805f74                __tbss_end = .

.bss            0x0000000003805f78      0xbd5
                0x0000000003805f78                __bss_start = .
 *(.bss)
 *(.bss.*)
 .bss.nextId    0x0000000003805f78        0x4 build/src/main.o
                0x0000000003805f78                nextId
 .bss.Competition
                0x0000000003805f7c       0x28 build/src/main.o
                0x0000000003805f7c                Competition
 .bss.LiftMotors
                0x0000000003805fa4       0x48 build/src/main.o
                0x0000000003805fa4                LiftMotors
 *fill*         0x0000000003805fec        0x4 
 .bss.leftpower
                0x0000000003805ff0        0x8 build/src/main.o
                0x0000000003805ff0                leftpower
 .bss.rightpower
                0x0000000003805ff8        0x8 build/src/main.o
                0x0000000003805ff8                rightpower
 .bss.CascadeRunning
                0x0000000003806000        0x1 build/src/main.o
                0x0000000003806000                CascadeRunning
 .bss.interrupted
                0x0000000003806001        0x1 build/src/main.o
                0x0000000003806001                interrupted
 *fill*         0x0000000003806002        0x6 
 .bss.holdTarget
                0x0000000003806008        0x8 build/src/main.o
                0x0000000003806008                holdTarget
 .bss.IntakeAuto
                0x0000000003806010        0x1 build/src/main.o
                0x0000000003806010                IntakeAuto
 .bss.StackerRunning
                0x0000000003806011        0x1 build/src/main.o
                0x0000000003806011                StackerRunning
 *fill*         0x0000000003806012        0x2 
 .bss.redButton
                0x0000000003806014       0x4c build/src/main.o
                0x0000000003806014                redButton
 .bss.blueButton
                0x0000000003806060       0x4c build/src/main.o
                0x0000000003806060                blueButton
 .bss.confirm   0x00000000038060ac       0x4c build/src/main.o
                0x00000000038060ac                confirm
 .bss.none      0x00000000038060f8       0x4c build/src/main.o
                0x00000000038060f8                none
 .bss.redrun    0x0000000003806144       0x4c build/src/main.o
                0x0000000003806144                redrun
 .bss.red4      0x0000000003806190       0x4c build/src/main.o
                0x0000000003806190                red4
 .bss.bluerun   0x00000000038061dc       0x4c build/src/main.o
                0x00000000038061dc                bluerun
 .bss.blue4     0x0000000003806228       0x4c build/src/main.o
                0x0000000003806228                blue4
 .bss.Brain     0x0000000003806274      0x2dc build/src/robot-config.o
                0x0000000003806274                Brain
 .bss.Controller1
                0x0000000003806550      0x1e0 build/src/robot-config.o
                0x0000000003806550                Controller1
 .bss.Controller2
                0x0000000003806730      0x1e0 build/src/robot-config.o
                0x0000000003806730                Controller2
 .bss.LeftBackMotor
                0x0000000003806910       0x24 build/src/robot-config.o
                0x0000000003806910                LeftBackMotor
 .bss.RightBackMotor
                0x0000000003806934       0x24 build/src/robot-config.o
                0x0000000003806934                RightBackMotor
 .bss.LeftFrontMotor
                0x0000000003806958       0x24 build/src/robot-config.o
                0x0000000003806958                LeftFrontMotor
 .bss.RightFrontMotor
                0x000000000380697c       0x24 build/src/robot-config.o
                0x000000000380697c                RightFrontMotor
 .bss.LiftMotor
                0x00000000038069a0       0x24 build/src/robot-config.o
                0x00000000038069a0                LiftMotor
 .bss.ArmMotor  0x00000000038069c4       0x24 build/src/robot-config.o
                0x00000000038069c4                ArmMotor
 .bss.IntakeMotor
                0x00000000038069e8       0x24 build/src/robot-config.o
                0x00000000038069e8                IntakeMotor
 .bss.LiftMotor2
                0x0000000003806a0c       0x24 build/src/robot-config.o
                0x0000000003806a0c                LiftMotor2
 .bss.LeftQuad  0x0000000003806a30       0x1c build/src/robot-config.o
                0x0000000003806a30                LeftQuad
 .bss.RightQuad
                0x0000000003806a4c       0x1c build/src/robot-config.o
                0x0000000003806a4c                RightQuad
 .bss.BackQuad  0x0000000003806a68       0x1c build/src/robot-config.o
                0x0000000003806a68                BackQuad
 .bss.StackBumper
                0x0000000003806a84       0x20 build/src/robot-config.o
                0x0000000003806a84                StackBumper
 .bss.BarPot    0x0000000003806aa4       0x1c build/src/robot-config.o
                0x0000000003806aa4                BarPot
 .bss.LiftTarget
                0x0000000003806ac0        0x8 build/src/AutomatedTasks/cascadepos.o
                0x0000000003806ac0                LiftTarget
 .bss.__dso_handle
                0x0000000003806ac8        0x4 /Applications/VEXcode V5 Text.app/Contents/Resources/sdk/vexv5/libv5rt.a(v5_startup.c.obj)
                0x0000000003806ac8                __dso_handle
 .bss._ZN3vex7primaryE
                0x0000000003806acc        0x4 /Applications/VEXcode V5 Text.app/Contents/Resources/sdk/vexv5/libv5rt.a(vex_global.cpp.obj)
                0x0000000003806acc                vex::primary
 .bss._ZN3vex7forwardE
                0x0000000003806ad0        0x4 /Applications/VEXcode V5 Text.app/Contents/Resources/sdk/vexv5/libv5rt.a(vex_global.cpp.obj)
                0x0000000003806ad0                vex::forward
 .bss._ZN3vex7degreesE
                0x0000000003806ad4        0x4 /Applications/VEXcode V5 Text.app/Contents/Resources/sdk/vexv5/libv5rt.a(vex_global.cpp.obj)
                0x0000000003806ad4                vex::degrees
 .bss._ZN3vex3pctE
                0x0000000003806ad8        0x4 /Applications/VEXcode V5 Text.app/Contents/Resources/sdk/vexv5/libv5rt.a(vex_global.cpp.obj)
                0x0000000003806ad8                vex::pct
 .bss._ZN3vex6mono20E
                0x0000000003806adc        0x4 /Applications/VEXcode V5 Text.app/Contents/Resources/sdk/vexv5/libv5rt.a(vex_global.cpp.obj)
                0x0000000003806adc                vex::mono20
 .bss._ZN3vex3degE
                0x0000000003806ae0        0x4 /Applications/VEXcode V5 Text.app/Contents/Resources/sdk/vexv5/libv5rt.a(vex_global.cpp.obj)
                0x0000000003806ae0                vex::deg
 .bss._ZN3vex6thread8_labelIdE
                0x0000000003806ae4        0x4 /Applications/VEXcode V5 Text.app/Contents/Resources/sdk/vexv5/libv5rt.a(vex_thread.cpp.obj)
                0x0000000003806ae4                vex::thread::_labelId
 .bss._ZN3vex11competition22bStopTasksBetweenModesE
                0x0000000003806ae8        0x1 /Applications/VEXcode V5 Text.app/Contents/Resources/sdk/vexv5/libv5rt.a(vex_competition.cpp.obj)
                0x0000000003806ae8                vex::competition::bStopTasksBetweenModes
 .bss._ZN3vex11competition25bStopAllTasksBetweenModesE
                0x0000000003806ae9        0x1 /Applications/VEXcode V5 Text.app/Contents/Resources/sdk/vexv5/libv5rt.a(vex_competition.cpp.obj)
                0x0000000003806ae9                vex::competition::bStopAllTasksBetweenModes
 .bss._ZN3vex11competition14_auton_pendingE
                0x0000000003806aea        0x1 /Applications/VEXcode V5 Text.app/Contents/Resources/sdk/vexv5/libv5rt.a(vex_competition.cpp.obj)
                0x0000000003806aea                vex::competition::_auton_pending
 *fill*         0x0000000003806aeb        0x1 
 .bss._ZN3vex11competition20_autonomous_callbackE
                0x0000000003806aec        0x4 /Applications/VEXcode V5 Text.app/Contents/Resources/sdk/vexv5/libv5rt.a(vex_competition.cpp.obj)
                0x0000000003806aec                vex::competition::_autonomous_callback
 .bss._ZN3vex11competition23_drivercontrol_callbackE
                0x0000000003806af0        0x4 /Applications/VEXcode V5 Text.app/Contents/Resources/sdk/vexv5/libv5rt.a(vex_competition.cpp.obj)
                0x0000000003806af0                vex::competition::_drivercontrol_callback
 .bss._ZN3vex11competition15_driver_pendingE
                0x0000000003806af4        0x1 /Applications/VEXcode V5 Text.app/Contents/Resources/sdk/vexv5/libv5rt.a(vex_competition.cpp.obj)
                0x0000000003806af4                vex::competition::_driver_pending
 .bss._ZStL8__ioinit
                0x0000000003806af5        0x1 /Applications/VEXcode V5 Text.app/Contents/Resources/sdk/vexv5/libv5rt.a(vex_triport.cpp.obj)
 *fill*         0x0000000003806af6        0x2 
 .bss._ZN3vex5color6orangeE
                0x0000000003806af8        0x8 /Applications/VEXcode V5 Text.app/Contents/Resources/sdk/vexv5/libv5rt.a(vex_color.cpp.obj)
                0x0000000003806af8                vex::color::orange
 .bss._ZN3vex5color5blackE
                0x0000000003806b00        0x8 /Applications/VEXcode V5 Text.app/Contents/Resources/sdk/vexv5/libv5rt.a(vex_color.cpp.obj)